#
# There is insufficient memory for the Java Runtime Environment to continue.
# Native memory allocation (mmap) failed to map 29360128 bytes. Error detail: committing reserved memory.
# Possible reasons:
#   The system is out of physical RAM or swap space
#   This process is running with CompressedOops enabled, and the Java Heap may be blocking the growth of the native heap
# Possible solutions:
#   Reduce memory load on the system
#   Increase physical memory or swap space
#   Check if swap backing store is full
#   Decrease Java heap size (-Xmx/-Xms)
#   Decrease number of Java threads
#   Decrease Java thread stack sizes (-Xss)
#   Set larger code cache with -XX:ReservedCodeCacheSize=
#   JVM is running with Unscaled Compressed Oops mode in which the Java heap is
#     placed in the first 4GB address space. The Java Heap base address is the
#     maximum limit for the native heap growth. Please use -XX:HeapBaseMinAddress
#     to set the Java Heap base and to place the Java Heap above 4GB virtual address.
# This output file may be truncated or incomplete.
#
#  Out of Memory Error (os_linux.cpp:2793), pid=10349, tid=10361
#
# JRE version: OpenJDK Runtime Environment Temurin-21.0.5+11 (21.0.5+11) (build 21.0.5+11-LTS)
# Java VM: OpenJDK 64-Bit Server VM Temurin-21.0.5+11 (21.0.5+11-LTS, mixed mode, sharing, tiered, compressed oops, compressed class ptrs, g1 gc, linux-amd64)
# No core dump will be written. Core dumps have been disabled. To enable core dumping, try "ulimit -c unlimited" before starting Java again
#

---------------  S U M M A R Y ------------

Command Line: --add-opens=java.base/java.lang=ALL-UNNAMED --add-opens=java.base/java.lang.invoke=ALL-UNNAMED --add-opens=java.base/java.util=ALL-UNNAMED --add-opens=java.prefs/java.util.prefs=ALL-UNNAMED --add-exports=jdk.compiler/com.sun.tools.javac.api=ALL-UNNAMED --add-exports=jdk.compiler/com.sun.tools.javac.util=ALL-UNNAMED --add-opens=java.base/java.util=ALL-UNNAMED --add-opens=java.prefs/java.util.prefs=ALL-UNNAMED --add-opens=java.base/java.nio.charset=ALL-UNNAMED --add-opens=java.base/java.net=ALL-UNNAMED --add-opens=java.base/java.util.concurrent=ALL-UNNAMED --add-opens=java.base/java.util.concurrent.atomic=ALL-UNNAMED --add-opens=java.xml/javax.xml.namespace=ALL-UNNAMED --add-opens=java.base/java.time=ALL-UNNAMED -XX:MaxMetaspaceSize=256M -Xmx512M -Dfile.encoding=UTF-8 -Djava.io.tmpdir=/tmp/gradle_tmp -Duser.country -Duser.language=en -Duser.variant -javaagent:/root/.gradle/wrapper/dists/gradle-9.2.1-bin/2t0n5ozlw9xmuyvbp7dnzaxug/gradle-9.2.1/lib/agents/gradle-instrumentation-agent-9.2.1.jar org.gradle.launcher.daemon.bootstrap.GradleDaemon 9.2.1

Host: Intel(R) Xeon(R) Processor @ 2.50GHz, 2 cores, 2G, Debian GNU/Linux 12 (bookworm)
Time: Mon Aug 24 13:28:06 2026 UTC elapsed time: 32.456696 seconds (0d 0h 0m 32s)

---------------  T H R E A D  ---------------

Current thread (0x00007ff1300a9040):  VMThread "VM Thread"          [id=10361, stack(0x00007ff134eca000,0x00007ff134fca000) (1024K)]

Stack: [0x00007ff134eca000,0x00007ff134fca000],  sp=0x00007ff134fc7ff0,  free space=1015k
Native frames: (J=compiled Java code, j=interpreted, Vv=VM code, C=native code)
V  [libjvm.so+0x100be58]  VMError::report_and_die(int, char const*, char const*, __va_list_tag*, Thread*, unsigned char*, void*, void*, char const*, int, unsigned long)+0x2b8  (os_linux.cpp:2793)
V  [libjvm.so+0x100c84d]
V  [libjvm.so+0x6bc10f]
V  [libjvm.so+0xd05754]  os::pd_commit_memory_or_exit(char*, unsigned long, unsigned long, bool, char const*)+0xd4
V  [libjvm.so+0xcfeb5d]  os::commit_memory_or_exit(char*, unsigned long, unsigned long, bool, char const*)+0x1d
V  [libjvm.so+0x81566b]  G1PageBasedVirtualSpace::commit(unsigned long, unsigned long)+0xfb
V  [libjvm.so+0x82b8df]  G1RegionsLargerThanCommitSizeMapper::commit_regions(unsigned int, unsigned long, WorkerThreads*)+0x9f
V  [libjvm.so+0x8bba65]  HeapRegionManager::commit_regions(unsigned int, unsigned long, WorkerThreads*)+0x55
V  [libjvm.so+0x8bd6d2]  HeapRegionManager::expand(unsigned int, unsigned int, WorkerThreads*)+0x32
V  [libjvm.so+0x8bd8fe]  HeapRegionManager::expand_by(unsigned int, WorkerThreads*)+0x7e
V  [libjvm.so+0x7cf9df]  G1CollectedHeap::expand(unsigned long, WorkerThreads*, double*)+0xff
V  [libjvm.so+0x7d1d91]  G1CollectedHeap::resize_heap_if_necessary()+0x41
V  [libjvm.so+0x7db72a]  G1ConcurrentMark::remark()+0x3ca
V  [libjvm.so+0x84f8e7]  VM_G1PauseConcurrent::doit()+0x197
V  [libjvm.so+0x1012267]  VM_Operation::evaluate()+0x107
V  [libjvm.so+0x10156df]  VMThread::evaluate_operation(VM_Operation*)+0x13f
V  [libjvm.so+0x1016467]  VMThread::inner_execute(VM_Operation*)+0x357
V  [libjvm.so+0x1016767]  VMThread::run()+0xb7
V  [libjvm.so+0xf7eeb8]  Thread::call_run()+0xa8
V  [libjvm.so+0xd08a8a]  thread_native_entry(Thread*)+0xda
VM_Operation (0x00007ff1357ecbf0): G1PauseRemark, mode: safepoint, requested by thread 0x00007ff13005ecf0


---------------  P R O C E S S  ---------------

Threads class SMR info:
_java_thread_list=0x00007ff100418020, length=51, elements={
0x00007ff13002e0a0, 0x00007ff1300b38a0, 0x00007ff1300b4e00, 0x00007ff1300b6580,
0x00007ff1300b7bb0, 0x00007ff1300b9140, 0x00007ff1300bac70, 0x00007ff1300bc320,
0x00007ff1300cd5b0, 0x00007ff13016c420, 0x00007ff1313104c0, 0x00007ff1313a7f90,
0x00007ff1313d9760, 0x00007ff0d80154f0, 0x00007ff0e0004ff0, 0x00007ff0e0008b70,
0x00007ff0e000ae50, 0x00007ff100008330, 0x00007ff10000a780, 0x00007ff100018410,
0x00007ff100223280, 0x00007ff1002285f0, 0x00007ff100264c50, 0x00007ff100c15a60,
0x00007ff100c46920, 0x00007ff100f48a60, 0x00007ff100f71770, 0x00007ff101066500,
0x00007ff1010a2610, 0x00007ff101303c60, 0x00007ff10140a500, 0x00007ff101507b30,
0x00007ff101523e80, 0x00007ff101504ae0, 0x00007ff101746710, 0x00007ff101a1d920,
0x00007ff101ae0450, 0x00007ff101b50610, 0x00007ff101ba17b0, 0x00007ff101b56780,
0x00007ff101b575f0, 0x00007ff0d00c77b0, 0x00007ff0d0f42c40, 0x00007ff0d4007b00,
0x00007ff0d801a9b0, 0x00007ff101c08d60, 0x00007ff0e404d5f0, 0x00007ff101c1b4b0,
0x00007ff101ca0260, 0x00007ff101c79f80, 0x00007ff1004174b0
}

Java Threads: ( => current thread )
  0x00007ff13002e0a0 JavaThread "main"                              [_thread_blocked, id=10350, stack(0x00007ff13673d000,0x00007ff13683d000) (1024K)]
  0x00007ff1300b38a0 JavaThread "Reference Handler"          daemon [_thread_blocked, id=10362, stack(0x00007ff134d64000,0x00007ff134e64000) (1024K)]
  0x00007ff1300b4e00 JavaThread "Finalizer"                  daemon [_thread_blocked, id=10363, stack(0x00007ff134c63000,0x00007ff134d63000) (1024K)]
  0x00007ff1300b6580 JavaThread "Signal Dispatcher"          daemon [_thread_blocked, id=10364, stack(0x00007ff134b62000,0x00007ff134c62000) (1024K)]
  0x00007ff1300b7bb0 JavaThread "Service Thread"             daemon [_thread_blocked, id=10365, stack(0x00007ff134a61000,0x00007ff134b61000) (1024K)]
  0x00007ff1300b9140 JavaThread "Monitor Deflation Thread"   daemon [_thread_blocked, id=10366, stack(0x00007ff134960000,0x00007ff134a60000) (1024K)]
  0x00007ff1300bac70 JavaThread "C2 CompilerThread0"         daemon [_thread_blocked, id=10367, stack(0x00007ff13485f000,0x00007ff13495f000) (1024K)]
  0x00007ff1300bc320 JavaThread "C1 CompilerThread0"         daemon [_thread_blocked, id=10368, stack(0x00007ff13475e000,0x00007ff13485e000) (1024K)]
  0x00007ff1300cd5b0 JavaThread "Common-Cleaner"             daemon [_thread_blocked, id=10369, stack(0x00007ff13458d000,0x00007ff13468d000) (1024K)]
  0x00007ff13016c420 JavaThread "Notification Thread"        daemon [_thread_blocked, id=10370, stack(0x00007ff13444b000,0x00007ff13454b000) (1024K)]
  0x00007ff1313104c0 JavaThread "Daemon health stats"               [_thread_blocked, id=10377, stack(0x00007ff13419b000,0x00007ff13429b000) (1024K)]
  0x00007ff1313a7f90 JavaThread "Incoming local TCP Connector on port 39183"        [_thread_in_native, id=10378, stack(0x00007ff134096000,0x00007ff134196000) (1024K)]
  0x00007ff1313d9760 JavaThread "Daemon periodic checks"            [_thread_blocked, id=10380, stack(0x00007ff118500000,0x00007ff118600000) (1024K)]
  0x00007ff0d80154f0 JavaThread "Daemon"                            [_thread_blocked, id=10381, stack(0x00007ff1183ff000,0x00007ff1184ff000) (1024K)]
  0x00007ff0e0004ff0 JavaThread "Handler for socket connection from /127.0.0.1:39183 to /127.0.0.1:45394"        [_thread_in_native, id=10382, stack(0x00007ff1182fe000,0x00007ff1183fe000) (1024K)]
  0x00007ff0e0008b70 JavaThread "Cancel handler"                    [_thread_blocked, id=10383, stack(0x00007ff1181fd000,0x00007ff1182fd000) (1024K)]
  0x00007ff0e000ae50 JavaThread "Daemon worker"                     [_thread_blocked, id=10384, stack(0x00007ff1180fc000,0x00007ff1181fc000) (1024K)]
  0x00007ff100008330 JavaThread "Asynchronous log dispatcher for DefaultDaemonConnection: socket connection from /127.0.0.1:39183 to /127.0.0.1:45394"        [_thread_blocked, id=10385, stack(0x00007ff109f00000,0x00007ff10a000000) (1024K)]
  0x00007ff10000a780 JavaThread "Stdin handler"                     [_thread_blocked, id=10386, stack(0x00007ff109dff000,0x00007ff109eff000) (1024K)]
  0x00007ff100018410 JavaThread "Daemon client event forwarder"        [_thread_blocked, id=10387, stack(0x00007ff109cfe000,0x00007ff109dfe000) (1024K)]
  0x00007ff100223280 JavaThread "Cache worker for journal cache (/root/.gradle/caches/journal-1)"        [_thread_blocked, id=10389, stack(0x00007ff109bfd000,0x00007ff109cfd000) (1024K)]
  0x00007ff1002285f0 JavaThread "File lock request listener"        [_thread_in_native, id=10390, stack(0x00007ff109afc000,0x00007ff109bfc000) (1024K)]
  0x00007ff100264c50 JavaThread "Cache worker for file hash cache (/root/.gradle/caches/9.2.1/fileHashes)"        [_thread_blocked, id=10392, stack(0x00007ff1099fb000,0x00007ff109afb000) (1024K)]
  0x00007ff100c15a60 JavaThread "Cache worker for file hash cache (/workspace/.gradle/9.2.1/fileHashes)"        [_thread_blocked, id=10396, stack(0x00007ff1096d8000,0x00007ff1097d8000) (1024K)]
  0x00007ff100c46920 JavaThread "Cache worker for Build Output Cleanup Cache (/workspace/.gradle/buildOutputCleanup)"        [_thread_blocked, id=10397, stack(0x00007ff1095d7000,0x00007ff1096d7000) (1024K)]
  0x00007ff100f48a60 JavaThread "Cache worker for checksums cache (/workspace/.gradle/9.2.1/checksums)"        [_thread_blocked, id=10400, stack(0x00007ff1098fa000,0x00007ff1099fa000) (1024K)]
  0x00007ff100f71770 JavaThread "Cache worker for file content cache (/root/.gradle/caches/9.2.1/fileContent)"        [_thread_blocked, id=10401, stack(0x00007ff1097f9000,0x00007ff1098f9000) (1024K)]
  0x00007ff101066500 JavaThread "Cache worker for cache directory md-supplier (/root/.gradle/caches/9.2.1/md-supplier)"        [_thread_blocked, id=10403, stack(0x00007ff1094d6000,0x00007ff1095d6000) (1024K)]
  0x00007ff1010a2610 JavaThread "Cache worker for cache directory md-rule (/root/.gradle/caches/9.2.1/md-rule)"        [_thread_blocked, id=10404, stack(0x00007ff1093d5000,0x00007ff1094d5000) (1024K)]
  0x00007ff101303c60 JavaThread "jar transforms"                    [_thread_blocked, id=10408, stack(0x00007ff1092d4000,0x00007ff1093d4000) (1024K)]
  0x00007ff10140a500 JavaThread "jar transforms Thread 2"           [_thread_blocked, id=10410, stack(0x00007ff1091d3000,0x00007ff1092d3000) (1024K)]
  0x00007ff101507b30 JavaThread "Unconstrained build operations"        [_thread_blocked, id=10416, stack(0x00007ff1090d2000,0x00007ff1091d2000) (1024K)]
  0x00007ff101523e80 JavaThread "Unconstrained build operations Thread 2"        [_thread_blocked, id=10417, stack(0x00007ff108fd1000,0x00007ff1090d1000) (1024K)]
  0x00007ff101504ae0 JavaThread "Unconstrained build operations Thread 3"        [_thread_blocked, id=10419, stack(0x00007ff108ed0000,0x00007ff108fd0000) (1024K)]
  0x00007ff101746710 JavaThread "Memory manager"                    [_thread_blocked, id=10422, stack(0x00007ff108dcf000,0x00007ff108ecf000) (1024K)]
  0x00007ff101a1d920 JavaThread "Problems report writer"            [_thread_blocked, id=10430, stack(0x00007ff108cce000,0x00007ff108dce000) (1024K)]
  0x00007ff101ae0450 JavaThread "HttpClient-1-SelectorManager" daemon [_thread_in_native, id=10433, stack(0x00007ff108bcd000,0x00007ff108ccd000) (1024K)]
  0x00007ff101b50610 JavaThread "Unconstrained build operations Thread 4"        [_thread_blocked, id=10438, stack(0x00007ff1089cb000,0x00007ff108acb000) (1024K)]
  0x00007ff101ba17b0 JavaThread "Unconstrained build operations Thread 5"        [_thread_blocked, id=10440, stack(0x00007ff108acc000,0x00007ff108bcc000) (1024K)]
  0x00007ff101b56780 JavaThread "ForkJoinPool-1-worker-1"    daemon [_thread_blocked, id=10441, stack(0x00007ff1088ca000,0x00007ff1089ca000) (1024K)]
  0x00007ff101b575f0 JavaThread "ForkJoinPool-1-worker-2"    daemon [_thread_blocked, id=10442, stack(0x00007ff1087c9000,0x00007ff1088c9000) (1024K)]
  0x00007ff0d00c77b0 JavaThread "ForkJoinPool-1-worker-3"    daemon [_thread_blocked, id=10443, stack(0x00007ff1086c8000,0x00007ff1087c8000) (1024K)]
  0x00007ff0d0f42c40 JavaThread "ForkJoinPool-1-worker-4"    daemon [_thread_blocked, id=10445, stack(0x00007ff1085c7000,0x00007ff1086c7000) (1024K)]
  0x00007ff0d4007b00 JavaThread "ForkJoinPool-1-worker-5"    daemon [_thread_blocked, id=10447, stack(0x00007ff1084c6000,0x00007ff1085c6000) (1024K)]
  0x00007ff0d801a9b0 JavaThread "ForkJoinPool-1-worker-6"    daemon [_thread_blocked, id=10449, stack(0x00007ff1083c5000,0x00007ff1084c5000) (1024K)]
  0x00007ff101c08d60 JavaThread "included builds"                   [_thread_blocked, id=10452, stack(0x00007ff1082c4000,0x00007ff1083c4000) (1024K)]
  0x00007ff0e404d5f0 JavaThread "Execution worker"                  [_thread_blocked, id=10453, stack(0x00007ff1081c3000,0x00007ff1082c3000) (1024K)]
  0x00007ff101c1b4b0 JavaThread "Cache worker for execution history cache (/workspace/.gradle/9.2.1/executionHistory)"        [_thread_blocked, id=10454, stack(0x00007ff1080c2000,0x00007ff1081c2000) (1024K)]
  0x00007ff101ca0260 JavaThread "Unconstrained build operations Thread 6"        [_thread_blocked, id=10457, stack(0x00007ff0e9f00000,0x00007ff0ea000000) (1024K)]
  0x00007ff101c79f80 JavaThread "Unconstrained build operations Thread 7"        [_thread_blocked, id=10460, stack(0x00007ff0e9dff000,0x00007ff0e9eff000) (1024K)]
  0x00007ff1004174b0 JavaThread "Cache worker for Java compile cache (/root/.gradle/caches/9.2.1/javaCompile)"        [_thread_blocked, id=10462, stack(0x00007ff0e9cfe000,0x00007ff0e9dfe000) (1024K)]
Total: 51

Other Threads:
=>0x00007ff1300a9040 VMThread "VM Thread"                           [id=10361, stack(0x00007ff134eca000,0x00007ff134fca000) (1024K)]
  0x00007ff130097b80 WatcherThread "VM Periodic Task Thread"        [id=10360, stack(0x00007ff134fcb000,0x00007ff1350cb000) (1024K)]
  0x00007ff130059730 WorkerThread "GC Thread#0"                     [id=10354, stack(0x00007ff1357ef000,0x00007ff1358ef000) (1024K)]
  0x00007ff0e40062a0 WorkerThread "GC Thread#1"                     [id=10371, stack(0x00007ff13434a000,0x00007ff13444a000) (1024K)]
  0x00007ff13005ecf0 ConcurrentGCThread "G1 Main Marker"            [id=10355, stack(0x00007ff1356ee000,0x00007ff1357ee000) (1024K)]
  0x00007ff13005fc90 WorkerThread "G1 Conc#0"                       [id=10356, stack(0x00007ff1355ed000,0x00007ff1356ed000) (1024K)]
  0x00007ff1300862a0 ConcurrentGCThread "G1 Refine#0"               [id=10357, stack(0x00007ff1352ea000,0x00007ff1353ea000) (1024K)]
  0x00007ff130087250 ConcurrentGCThread "G1 Service"                [id=10359, stack(0x00007ff1351e9000,0x00007ff1352e9000) (1024K)]
Total: 8

Threads with active compile tasks:
C2 CompilerThread0  32605 11264       4       com.sun.tools.javac.parser.JavacParser::ident (397 bytes)
C1 CompilerThread0  32608 11406       3       com.sun.tools.javac.parser.Tokens$StringToken::checkKind (43 bytes)
Total: 2

VM state: at safepoint (normal execution)

VM Mutex/Monitor currently owned by a thread:  ([mutex/lock_event])
[0x00007ff137e6ce38] Threads_lock - owner thread: 0x00007ff1300a9040
[0x00007ff137e6cd38] Heap_lock - owner thread: 0x00007ff13005ecf0

Heap address: 0x00000000e0000000, size: 512 MB, Compressed Oops mode: 32-bit

CDS archive(s) mapped at: [0x00007ff0ee000000-0x00007ff0eec97000-0x00007ff0eec97000), size 13201408, SharedBaseAddress: 0x00007ff0ee000000, ArchiveRelocationMode: 1.
Compressed class space mapped at: 0x00007ff0ef000000-0x00007ff0fc000000, reserved size: 218103808
Narrow klass base: 0x00007ff0ee000000, Narrow klass shift: 0, Narrow klass range: 0x100000000

GC Precious Log:
 CardTable entry size: 512
 Card Set container configuration: InlinePtr #cards 5 size 8 Array Of Cards #cards 12 size 40 Howl #buckets 4 coarsen threshold 1843 Howl Bitmap #cards 512 size 80 coarsen threshold 460 Card regions per heap region 1 cards per card region 2048
 CPUs: 2 total, 2 available
 Memory: 2048M
 Large Page Support: Disabled
 NUMA Support: Disabled
 Compressed Oops: Enabled (32-bit)
 Heap Region Size: 1M
 Heap Min Capacity: 8M
 Heap Initial Capacity: 32M
 Heap Max Capacity: 512M
 Pre-touch: Disabled
 Parallel Workers: 2
 Concurrent Workers: 1
 Concurrent Refinement Workers: 2
 Periodic GC: Disabled

Heap:
 garbage-first heap   total 135168K, used 102400K [0x00000000e0000000, 0x0000000100000000)
  region size 1024K, 10 young (10240K), 4 survivors (4096K)
 Metaspace       used 80847K, committed 83264K, reserved 344064K
  class space    used 11218K, committed 12416K, reserved 212992K

Heap Regions: E=young(eden), S=young(survivor), O=old, HS=humongous(starts), HC=humongous(continues), CS=collection set, F=free, TAMS=top-at-mark-start, PB=parsable bottom
|   0|0x00000000e0000000, 0x00000000e0100000, 0x00000000e0100000|100%|HS|  |TAMS 0x00000000e0100000| PB 0x00000000e0000000| Complete 
|   1|0x00000000e0100000, 0x00000000e0200000, 0x00000000e0200000|100%|HC|  |TAMS 0x00000000e0200000| PB 0x00000000e0100000| Complete 
|   2|0x00000000e0200000, 0x00000000e0300000, 0x00000000e0300000|100%|HC|  |TAMS 0x00000000e0300000| PB 0x00000000e0200000| Complete 
|   3|0x00000000e0300000, 0x00000000e0400000, 0x00000000e0400000|100%|HC|  |TAMS 0x00000000e0400000| PB 0x00000000e0300000| Complete 
|   4|0x00000000e0400000, 0x00000000e0500000, 0x00000000e0500000|100%| O|  |TAMS 0x00000000e0500000| PB 0x00000000e0500000| Untracked 
|   5|0x00000000e0500000, 0x00000000e0600000, 0x00000000e0600000|100%| O|  |TAMS 0x00000000e0600000| PB 0x00000000e0600000| Untracked 
|   6|0x00000000e0600000, 0x00000000e0700000, 0x00000000e0700000|100%| O|  |TAMS 0x00000000e0700000| PB 0x00000000e0700000| Untracked 
|   7|0x00000000e0700000, 0x00000000e0800000, 0x00000000e0800000|100%| O|  |TAMS 0x00000000e0800000| PB 0x00000000e0800000| Untracked 
|   8|0x00000000e0800000, 0x00000000e0900000, 0x00000000e0900000|100%| O|  |TAMS 0x00000000e0900000| PB 0x00000000e0900000| Untracked 
|   9|0x00000000e0900000, 0x00000000e0a00000, 0x00000000e0a00000|100%| O|  |TAMS 0x00000000e0a00000| PB 0x00000000e0a00000| Untracked 
|  10|0x00000000e0a00000, 0x00000000e0b00000, 0x00000000e0b00000|100%|HS|  |TAMS 0x00000000e0b00000| PB 0x00000000e0a00000| Complete 
|  11|0x00000000e0b00000, 0x00000000e0c00000, 0x00000000e0c00000|100%| O|  |TAMS 0x00000000e0c00000| PB 0x00000000e0c00000| Untracked 
|  12|0x00000000e0c00000, 0x00000000e0d00000, 0x00000000e0d00000|100%| O|  |TAMS 0x00000000e0d00000| PB 0x00000000e0d00000| Untracked 
|  13|0x00000000e0d00000, 0x00000000e0e00000, 0x00000000e0e00000|100%| O|  |TAMS 0x00000000e0e00000| PB 0x00000000e0e00000| Untracked 
|  14|0x00000000e0e00000, 0x00000000e0f00000, 0x00000000e0f00000|100%| O|  |TAMS 0x00000000e0f00000| PB 0x00000000e0f00000| Untracked 
|  15|0x00000000e0f00000, 0x00000000e1000000, 0x00000000e1000000|100%| O|  |TAMS 0x00000000e1000000| PB 0x00000000e1000000| Untracked 
|  16|0x00000000e1000000, 0x00000000e1100000, 0x00000000e1100000|100%| O|  |TAMS 0x00000000e1100000| PB 0x00000000e1100000| Untracked 
|  17|0x00000000e1100000, 0x00000000e1200000, 0x00000000e1200000|100%| O|  |TAMS 0x00000000e1200000| PB 0x00000000e1200000| Updating 
|  18|0x00000000e1200000, 0x00000000e1300000, 0x00000000e1300000|100%| O|  |TAMS 0x00000000e1300000| PB 0x00000000e1300000| Untracked 
|  19|0x00000000e1300000, 0x00000000e1400000, 0x00000000e1400000|100%| O|  |TAMS 0x00000000e1400000| PB 0x00000000e1400000| Updating 
|  20|0x00000000e1400000, 0x00000000e1500000, 0x00000000e1500000|100%| O|  |TAMS 0x00000000e1500000| PB 0x00000000e1500000| Updating 
|  21|0x00000000e1500000, 0x00000000e1600000, 0x00000000e1600000|100%| O|  |TAMS 0x00000000e1600000| PB 0x00000000e1600000| Untracked 
|  22|0x00000000e1600000, 0x00000000e1700000, 0x00000000e1700000|100%| O|  |TAMS 0x00000000e1700000| PB 0x00000000e1700000| Updating 
|  23|0x00000000e1700000, 0x00000000e1800000, 0x00000000e1800000|100%| O|  |TAMS 0x00000000e1800000| PB 0x00000000e1800000| Untracked 
|  24|0x00000000e1800000, 0x00000000e1900000, 0x00000000e1900000|100%| O|  |TAMS 0x00000000e1900000| PB 0x00000000e1900000| Untracked 
|  25|0x00000000e1900000, 0x00000000e1a00000, 0x00000000e1a00000|100%| O|  |TAMS 0x00000000e1a00000| PB 0x00000000e1a00000| Untracked 
|  26|0x00000000e1a00000, 0x00000000e1b00000, 0x00000000e1b00000|100%| O|  |TAMS 0x00000000e1b00000| PB 0x00000000e1b00000| Untracked 
|  27|0x00000000e1b00000, 0x00000000e1c00000, 0x00000000e1c00000|100%| O|  |TAMS 0x00000000e1c00000| PB 0x00000000e1c00000| Untracked 
|  28|0x00000000e1c00000, 0x00000000e1d00000, 0x00000000e1d00000|100%| O|  |TAMS 0x00000000e1d00000| PB 0x00000000e1d00000| Untracked 
|  29|0x00000000e1d00000, 0x00000000e1e00000, 0x00000000e1e00000|100%| O|  |TAMS 0x00000000e1e00000| PB 0x00000000e1e00000| Untracked 
|  30|0x00000000e1e00000, 0x00000000e1f00000, 0x00000000e1f00000|100%| O|  |TAMS 0x00000000e1f00000| PB 0x00000000e1f00000| Untracked 
|  31|0x00000000e1f00000, 0x00000000e2000000, 0x00000000e2000000|100%| O|  |TAMS 0x00000000e2000000| PB 0x00000000e2000000| Untracked 
|  32|0x00000000e2000000, 0x00000000e2100000, 0x00000000e2100000|100%| O|  |TAMS 0x00000000e2100000| PB 0x00000000e2100000| Untracked 
|  33|0x00000000e2100000, 0x00000000e2200000, 0x00000000e2200000|100%| O|  |TAMS 0x00000000e2200000| PB 0x00000000e2200000| Updating 
|  34|0x00000000e2200000, 0x00000000e2300000, 0x00000000e2300000|100%|HS|  |TAMS 0x00000000e2300000| PB 0x00000000e2200000| Complete 
|  35|0x00000000e2300000, 0x00000000e2400000, 0x00000000e2400000|100%| O|  |TAMS 0x00000000e2400000| PB 0x00000000e2400000| Untracked 
|  36|0x00000000e2400000, 0x00000000e2500000, 0x00000000e2500000|100%| O|  |TAMS 0x00000000e2500000| PB 0x00000000e2500000| Untracked 
|  37|0x00000000e2500000, 0x00000000e2600000, 0x00000000e2600000|100%| O|  |TAMS 0x00000000e2600000| PB 0x00000000e2600000| Untracked 
|  38|0x00000000e2600000, 0x00000000e2700000, 0x00000000e2700000|100%| O|  |TAMS 0x00000000e2700000| PB 0x00000000e2700000| Updating 
|  39|0x00000000e2700000, 0x00000000e2800000, 0x00000000e2800000|100%| O|  |TAMS 0x00000000e2800000| PB 0x00000000e2800000| Updating 
|  40|0x00000000e2800000, 0x00000000e2900000, 0x00000000e2900000|100%| O|  |TAMS 0x00000000e2900000| PB 0x00000000e2900000| Untracked 
|  41|0x00000000e2900000, 0x00000000e2a00000, 0x00000000e2a00000|100%| O|  |TAMS 0x00000000e2a00000| PB 0x00000000e2a00000| Untracked 
|  42|0x00000000e2a00000, 0x00000000e2b00000, 0x00000000e2b00000|100%| O|  |TAMS 0x00000000e2b00000| PB 0x00000000e2b00000| Untracked 
|  43|0x00000000e2b00000, 0x00000000e2c00000, 0x00000000e2c00000|100%| O|  |TAMS 0x00000000e2c00000| PB 0x00000000e2c00000| Untracked 
|  44|0x00000000e2c00000, 0x00000000e2d00000, 0x00000000e2d00000|100%| O|  |TAMS 0x00000000e2d00000| PB 0x00000000e2d00000| Untracked 
|  45|0x00000000e2d00000, 0x00000000e2e00000, 0x00000000e2e00000|100%| O|  |TAMS 0x00000000e2e00000| PB 0x00000000e2e00000| Untracked 
|  46|0x00000000e2e00000, 0x00000000e2f00000, 0x00000000e2f00000|100%| O|  |TAMS 0x00000000e2f00000| PB 0x00000000e2f00000| Updating 
|  47|0x00000000e2f00000, 0x00000000e3000000, 0x00000000e3000000|100%| O|  |TAMS 0x00000000e3000000| PB 0x00000000e3000000| Untracked 
|  48|0x00000000e3000000, 0x00000000e3100000, 0x00000000e3100000|100%| O|  |TAMS 0x00000000e3100000| PB 0x00000000e3100000| Untracked 
|  49|0x00000000e3100000, 0x00000000e3200000, 0x00000000e3200000|100%| O|  |TAMS 0x00000000e3200000| PB 0x00000000e3200000| Untracked 
|  50|0x00000000e3200000, 0x00000000e3300000, 0x00000000e3300000|100%| O|  |TAMS 0x00000000e3300000| PB 0x00000000e3300000| Untracked 
|  51|0x00000000e3300000, 0x00000000e3400000, 0x00000000e3400000|100%| O|  |TAMS 0x00000000e3400000| PB 0x00000000e3400000| Untracked 
|  52|0x00000000e3400000, 0x00000000e3500000, 0x00000000e3500000|100%| O|  |TAMS 0x00000000e3500000| PB 0x00000000e3500000| Untracked 
|  53|0x00000000e3500000, 0x00000000e3600000, 0x00000000e3600000|100%| O|  |TAMS 0x00000000e3600000| PB 0x00000000e3600000| Untracked 
|  54|0x00000000e3600000, 0x00000000e3700000, 0x00000000e3700000|100%| O|  |TAMS 0x00000000e3700000| PB 0x00000000e3700000| Untracked 
|  55|0x00000000e3700000, 0x00000000e3800000, 0x00000000e3800000|100%| O|  |TAMS 0x00000000e3800000| PB 0x00000000e3800000| Untracked 
|  56|0x00000000e3800000, 0x00000000e3900000, 0x00000000e3900000|100%| O|  |TAMS 0x00000000e3900000| PB 0x00000000e3900000| Untracked 
|  57|0x00000000e3900000, 0x00000000e3a00000, 0x00000000e3a00000|100%| O|  |TAMS 0x00000000e3a00000| PB 0x00000000e3a00000| Updating 
|  58|0x00000000e3a00000, 0x00000000e3b00000, 0x00000000e3b00000|100%| O|  |TAMS 0x00000000e3a00000| PB 0x00000000e3a00000| Untracked 
|  59|0x00000000e3b00000, 0x00000000e3c00000, 0x00000000e3c00000|100%| O|  |TAMS 0x00000000e3c00000| PB 0x00000000e3c00000| Untracked 
|  60|0x00000000e3c00000, 0x00000000e3d00000, 0x00000000e3d00000|100%| O|  |TAMS 0x00000000e3d00000| PB 0x00000000e3d00000| Untracked 
|  61|0x00000000e3d00000, 0x00000000e3e00000, 0x00000000e3e00000|100%| O|  |TAMS 0x00000000e3d00000| PB 0x00000000e3d00000| Untracked 
|  62|0x00000000e3e00000, 0x00000000e3f00000, 0x00000000e3f00000|100%| O|  |TAMS 0x00000000e3f00000| PB 0x00000000e3f00000| Untracked 
|  63|0x00000000e3f00000, 0x00000000e4000000, 0x00000000e4000000|100%| O|  |TAMS 0x00000000e4000000| PB 0x00000000e4000000| Untracked 
|  64|0x00000000e4000000, 0x00000000e4100000, 0x00000000e4100000|100%| O|  |TAMS 0x00000000e4100000| PB 0x00000000e4100000| Updating 
|  65|0x00000000e4100000, 0x00000000e4200000, 0x00000000e4200000|100%| O|  |TAMS 0x00000000e4200000| PB 0x00000000e4200000| Updating 
|  66|0x00000000e4200000, 0x00000000e4300000, 0x00000000e4300000|100%| O|  |TAMS 0x00000000e4300000| PB 0x00000000e4300000| Untracked 
|  67|0x00000000e4300000, 0x00000000e4400000, 0x00000000e4400000|100%| O|  |TAMS 0x00000000e4400000| PB 0x00000000e4400000| Untracked 
|  68|0x00000000e4400000, 0x00000000e4500000, 0x00000000e4500000|100%| O|  |TAMS 0x00000000e4500000| PB 0x00000000e4500000| Untracked 
|  69|0x00000000e4500000, 0x00000000e4600000, 0x00000000e4600000|100%| O|  |TAMS 0x00000000e4600000| PB 0x00000000e4600000| Untracked 
|  70|0x00000000e4600000, 0x00000000e4700000, 0x00000000e4700000|100%|HS|  |TAMS 0x00000000e4700000| PB 0x00000000e4600000| Complete 
|  71|0x00000000e4700000, 0x00000000e4800000, 0x00000000e4800000|100%|HC|  |TAMS 0x00000000e4800000| PB 0x00000000e4700000| Complete 
|  72|0x00000000e4800000, 0x00000000e4900000, 0x00000000e4900000|100%| O|  |TAMS 0x00000000e4900000| PB 0x00000000e4900000| Updating 
|  73|0x00000000e4900000, 0x00000000e4a00000, 0x00000000e4a00000|100%| O|  |TAMS 0x00000000e4a00000| PB 0x00000000e4a00000| Untracked 
|  74|0x00000000e4a00000, 0x00000000e4b00000, 0x00000000e4b00000|100%| O|  |TAMS 0x00000000e4b00000| PB 0x00000000e4b00000| Untracked 
|  75|0x00000000e4b00000, 0x00000000e4c00000, 0x00000000e4c00000|100%| O|  |TAMS 0x00000000e4c00000| PB 0x00000000e4c00000| Untracked 
|  76|0x00000000e4c00000, 0x00000000e4d00000, 0x00000000e4d00000|100%| O|  |TAMS 0x00000000e4d00000| PB 0x00000000e4d00000| Untracked 
|  77|0x00000000e4d00000, 0x00000000e4e00000, 0x00000000e4e00000|100%| O|  |TAMS 0x00000000e4e00000| PB 0x00000000e4e00000| Untracked 
|  78|0x00000000e4e00000, 0x00000000e4f00000, 0x00000000e4f00000|100%| O|  |TAMS 0x00000000e4f00000| PB 0x00000000e4f00000| Untracked 
|  79|0x00000000e4f00000, 0x00000000e5000000, 0x00000000e5000000|100%| O|  |TAMS 0x00000000e5000000| PB 0x00000000e5000000| Untracked 
|  80|0x00000000e5000000, 0x00000000e5100000, 0x00000000e5100000|100%| O|  |TAMS 0x00000000e5100000| PB 0x00000000e5100000| Untracked 
|  81|0x00000000e5100000, 0x00000000e5200000, 0x00000000e5200000|100%| O|  |TAMS 0x00000000e5180000| PB 0x00000000e5180000| Updating 
|  82|0x00000000e5200000, 0x00000000e5300000, 0x00000000e5300000|100%| O|  |TAMS 0x00000000e5200000| PB 0x00000000e5200000| Untracked 
|  83|0x00000000e5300000, 0x00000000e5400000, 0x00000000e5400000|100%| O|  |TAMS 0x00000000e5300000| PB 0x00000000e5300000| Untracked 
|  84|0x00000000e5400000, 0x00000000e5500000, 0x00000000e5500000|100%| O|  |TAMS 0x00000000e5400000| PB 0x00000000e5400000| Untracked 
|  85|0x00000000e5500000, 0x00000000e5600000, 0x00000000e5600000|100%| O|  |TAMS 0x00000000e5500000| PB 0x00000000e5500000| Untracked 
|  86|0x00000000e5600000, 0x00000000e5600000, 0x00000000e5700000|  0%| F|  |TAMS 0x00000000e5600000| PB 0x00000000e5600000| Untracked 
|  87|0x00000000e5700000, 0x00000000e5700000, 0x00000000e5800000|  0%| F|  |TAMS 0x00000000e5700000| PB 0x00000000e5700000| Untracked 
|  88|0x00000000e5800000, 0x00000000e5800000, 0x00000000e5900000|  0%| F|  |TAMS 0x00000000e5800000| PB 0x00000000e5800000| Untracked 
|  89|0x00000000e5900000, 0x00000000e5900000, 0x00000000e5a00000|  0%| F|  |TAMS 0x00000000e5900000| PB 0x00000000e5900000| Untracked 
|  90|0x00000000e5a00000, 0x00000000e5a00000, 0x00000000e5b00000|  0%| F|  |TAMS 0x00000000e5a00000| PB 0x00000000e5a00000| Untracked 
|  91|0x00000000e5b00000, 0x00000000e5c00000, 0x00000000e5c00000|100%| O|  |TAMS 0x00000000e5b00000| PB 0x00000000e5b00000| Untracked 
|  92|0x00000000e5c00000, 0x00000000e5c00000, 0x00000000e5d00000|  0%| F|  |TAMS 0x00000000e5c00000| PB 0x00000000e5c00000| Untracked 
|  93|0x00000000e5d00000, 0x00000000e5d00000, 0x00000000e5e00000|  0%| F|  |TAMS 0x00000000e5d00000| PB 0x00000000e5d00000| Untracked 
|  94|0x00000000e5e00000, 0x00000000e5e00000, 0x00000000e5f00000|  0%| F|  |TAMS 0x00000000e5e00000| PB 0x00000000e5e00000| Untracked 
|  95|0x00000000e5f00000, 0x00000000e5f00000, 0x00000000e6000000|  0%| F|  |TAMS 0x00000000e5f00000| PB 0x00000000e5f00000| Untracked 
|  96|0x00000000e6000000, 0x00000000e6000000, 0x00000000e6100000|  0%| F|  |TAMS 0x00000000e6000000| PB 0x00000000e6000000| Untracked 
|  97|0x00000000e6100000, 0x00000000e6200000, 0x00000000e6200000|100%| S|CS|TAMS 0x00000000e6100000| PB 0x00000000e6100000| Complete 
|  98|0x00000000e6200000, 0x00000000e6300000, 0x00000000e6300000|100%| S|CS|TAMS 0x00000000e6200000| PB 0x00000000e6200000| Complete 
|  99|0x00000000e6300000, 0x00000000e6400000, 0x00000000e6400000|100%| S|CS|TAMS 0x00000000e6300000| PB 0x00000000e6300000| Complete 
| 100|0x00000000e6400000, 0x00000000e6500000, 0x00000000e6500000|100%| S|CS|TAMS 0x00000000e6400000| PB 0x00000000e6400000| Complete 
| 101|0x00000000e6500000, 0x00000000e6500000, 0x00000000e6600000|  0%| F|  |TAMS 0x00000000e6500000| PB 0x00000000e6500000| Untracked 
| 102|0x00000000e6600000, 0x00000000e6600000, 0x00000000e6700000|  0%| F|  |TAMS 0x00000000e6600000| PB 0x00000000e6600000| Untracked 
| 103|0x00000000e6700000, 0x00000000e6700000, 0x00000000e6800000|  0%| F|  |TAMS 0x00000000e6700000| PB 0x00000000e6700000| Untracked 
| 104|0x00000000e6800000, 0x00000000e6800000, 0x00000000e6900000|  0%| F|  |TAMS 0x00000000e6800000| PB 0x00000000e6800000| Untracked 
| 105|0x00000000e6900000, 0x00000000e6900000, 0x00000000e6a00000|  0%| F|  |TAMS 0x00000000e6900000| PB 0x00000000e6900000| Untracked 
| 106|0x00000000e6a00000, 0x00000000e6a00000, 0x00000000e6b00000|  0%| F|  |TAMS 0x00000000e6a00000| PB 0x00000000e6a00000| Untracked 
| 107|0x00000000e6b00000, 0x00000000e6b00000, 0x00000000e6c00000|  0%| F|  |TAMS 0x00000000e6b00000| PB 0x00000000e6b00000| Untracked 
| 108|0x00000000e6c00000, 0x00000000e6c00000, 0x00000000e6d00000|  0%| F|  |TAMS 0x00000000e6c00000| PB 0x00000000e6c00000| Untracked 
| 109|0x00000000e6d00000, 0x00000000e6d00000, 0x00000000e6e00000|  0%| F|  |TAMS 0x00000000e6d00000| PB 0x00000000e6d00000| Untracked 
| 110|0x00000000e6e00000, 0x00000000e6e00000, 0x00000000e6f00000|  0%| F|  |TAMS 0x00000000e6e00000| PB 0x00000000e6e00000| Untracked 
| 111|0x00000000e6f00000, 0x00000000e6f00000, 0x00000000e7000000|  0%| F|  |TAMS 0x00000000e6f00000| PB 0x00000000e6f00000| Untracked 
| 112|0x00000000e7000000, 0x00000000e7000000, 0x00000000e7100000|  0%| F|  |TAMS 0x00000000e7000000| PB 0x00000000e7000000| Untracked 
| 113|0x00000000e7100000, 0x00000000e7100000, 0x00000000e7200000|  0%| F|  |TAMS 0x00000000e7100000| PB 0x00000000e7100000| Untracked 
| 114|0x00000000e7200000, 0x00000000e7200000, 0x00000000e7300000|  0%| F|  |TAMS 0x00000000e7200000| PB 0x00000000e7200000| Untracked 
| 115|0x00000000e7300000, 0x00000000e7300000, 0x00000000e7400000|  0%| F|  |TAMS 0x00000000e7300000| PB 0x00000000e7300000| Untracked 
| 116|0x00000000e7400000, 0x00000000e7400000, 0x00000000e7500000|  0%| F|  |TAMS 0x00000000e7400000| PB 0x00000000e7400000| Untracked 
| 117|0x00000000e7500000, 0x00000000e7500000, 0x00000000e7600000|  0%| F|  |TAMS 0x00000000e7500000| PB 0x00000000e7500000| Untracked 
| 118|0x00000000e7600000, 0x00000000e7600000, 0x00000000e7700000|  0%| F|  |TAMS 0x00000000e7600000| PB 0x00000000e7600000| Untracked 
| 119|0x00000000e7700000, 0x00000000e7700000, 0x00000000e7800000|  0%| F|  |TAMS 0x00000000e7700000| PB 0x00000000e7700000| Untracked 
| 120|0x00000000e7800000, 0x00000000e7800000, 0x00000000e7900000|  0%| F|  |TAMS 0x00000000e7800000| PB 0x00000000e7800000| Untracked 
| 121|0x00000000e7900000, 0x00000000e7980000, 0x00000000e7a00000| 50%| E|  |TAMS 0x00000000e7900000| PB 0x00000000e7900000| Complete 
| 122|0x00000000e7a00000, 0x00000000e7b00000, 0x00000000e7b00000|100%| E|CS|TAMS 0x00000000e7a00000| PB 0x00000000e7a00000| Complete 
| 123|0x00000000e7b00000, 0x00000000e7c00000, 0x00000000e7c00000|100%| E|  |TAMS 0x00000000e7b00000| PB 0x00000000e7b00000| Complete 
| 124|0x00000000e7c00000, 0x00000000e7d00000, 0x00000000e7d00000|100%| E|CS|TAMS 0x00000000e7c00000| PB 0x00000000e7c00000| Complete 
| 125|0x00000000e7d00000, 0x00000000e7e00000, 0x00000000e7e00000|100%| E|CS|TAMS 0x00000000e7d00000| PB 0x00000000e7d00000| Complete 
| 506|0x00000000ffa00000, 0x00000000ffb00000, 0x00000000ffb00000|100%| O|  |TAMS 0x00000000ffb00000| PB 0x00000000ffb00000| Updating 
| 507|0x00000000ffb00000, 0x00000000ffc00000, 0x00000000ffc00000|100%| O|  |TAMS 0x00000000ffc00000| PB 0x00000000ffc00000| Untracked 
| 508|0x00000000ffc00000, 0x00000000ffd00000, 0x00000000ffd00000|100%| O|  |TAMS 0x00000000ffd00000| PB 0x00000000ffd00000| Updating 
| 509|0x00000000ffd00000, 0x00000000ffe00000, 0x00000000ffe00000|100%| O|  |TAMS 0x00000000ffe00000| PB 0x00000000ffe00000| Untracked 
| 510|0x00000000ffe00000, 0x00000000fff00000, 0x00000000fff00000|100%| O|  |TAMS 0x00000000fff00000| PB 0x00000000fff00000| Untracked 
| 511|0x00000000fff00000, 0x0000000100000000, 0x0000000100000000|100%| E|CS|TAMS 0x00000000fff00000| PB 0x00000000fff00000| Complete 

Card table byte_map: [0x00007ff136101000,0x00007ff136201000] _byte_map_base: 0x00007ff135a01000

Marking Bits: (CMBitMap*) 0x00007ff13005a250
 Bits: [0x00007ff135901000, 0x00007ff136101000)

Polling page: 0x00007ff138093000

Metaspace:

Usage:
  Non-class:     68.00 MB used.
      Class:     10.96 MB used.
       Both:     78.95 MB used.

Virtual space:
  Non-class space:      128.00 MB reserved,      69.19 MB ( 54%) committed,  2 nodes.
      Class space:      208.00 MB reserved,      12.12 MB (  6%) committed,  1 nodes.
             Both:      336.00 MB reserved,      81.31 MB ( 24%) committed. 

Chunk freelists:
   Non-Class:  10.05 MB
       Class:  3.84 MB
        Both:  13.89 MB

MaxMetaspaceSize: 256.00 MB
CompressedClassSpaceSize: 208.00 MB
Initial GC threshold: 21.00 MB
Current GC threshold: 135.44 MB
CDS: on
 - commit_granule_bytes: 65536.
 - commit_granule_words: 8192.
 - virtual_space_node_default_size: 8388608.
 - enlarge_chunks_in_place: 1.
 - use_allocation_guard: 0.


Internal statistics:

num_allocs_failed_limit: 9.
num_arena_births: 4350.
num_arena_deaths: 0.
num_vsnodes_births: 3.
num_vsnodes_deaths: 0.
num_space_committed: 1301.
num_space_uncommitted: 0.
num_chunks_returned_to_freelist: 9.
num_chunks_taken_from_freelist: 8050.
num_chunk_merges: 9.
num_chunk_splits: 5207.
num_chunks_enlarged: 3166.
num_inconsistent_stats: 0.

CodeHeap 'non-profiled nmethods': size=120036Kb used=4511Kb max_used=4593Kb free=115524Kb
 bounds [0x00007ff120364000, 0x00007ff1207e4000, 0x00007ff12789d000]
CodeHeap 'profiled nmethods': size=120032Kb used=17686Kb max_used=18370Kb free=102345Kb
 bounds [0x00007ff11889d000, 0x00007ff119a9d000, 0x00007ff11fdd5000]
CodeHeap 'non-nmethods': size=5692Kb used=2290Kb max_used=2359Kb free=3401Kb
 bounds [0x00007ff11fdd5000, 0x00007ff120045000, 0x00007ff120364000]
 total_blobs=10220 nmethods=9385 adapters=739
 compilation: enabled
              stopped_count=0, restarted_count=0
 full_count=0

Compilation events (20 events):
Event: 32.008 Thread 0x00007ff1300bac70 11396       4       com.sun.tools.javac.util.IntHashTable::rehash (88 bytes)
Event: 32.014 Thread 0x00007ff1300bc320 nmethod 11397 0x00007ff119a8dd90 code [0x00007ff119a8e0a0, 0x00007ff119a8eaa0]
Event: 32.016 Thread 0x00007ff1300bc320 11400       2       com.sun.tools.javac.tree.TreeMaker::ForeachLoop (24 bytes)
Event: 32.017 Thread 0x00007ff1300bc320 nmethod 11400 0x00007ff118c12a10 code [0x00007ff118c12bc0, 0x00007ff118c12e48]
Event: 32.017 Thread 0x00007ff1300bc320 11398       2       com.sun.tools.javac.parser.JavacParser::typeArgumentsOpt (6 bytes)
Event: 32.017 Thread 0x00007ff1300bc320 nmethod 11398 0x00007ff118f76e10 code [0x00007ff118f76fa0, 0x00007ff118f770c8]
Event: 32.017 Thread 0x00007ff1300bc320 11399       2       com.sun.tools.javac.parser.JavacParser::arrayInitializer (31 bytes)
Event: 32.017 Thread 0x00007ff1300bc320 nmethod 11399 0x00007ff118febb10 code [0x00007ff118febce0, 0x00007ff118febf38]
Event: 32.018 Thread 0x00007ff1300bc320 11401       2       com.sun.tools.javac.parser.JavacParser::classDeclaration (144 bytes)
Event: 32.022 Thread 0x00007ff1300bc320 nmethod 11401 0x00007ff118ff6b90 code [0x00007ff118ff6e40, 0x00007ff118ff75f0]
Event: 32.022 Thread 0x00007ff1300bc320 11402       2       com.sun.tools.javac.parser.UnicodeReader::unicodeEscape (158 bytes)
Event: 32.024 Thread 0x00007ff1300bc320 nmethod 11402 0x00007ff118feb010 code [0x00007ff118feb200, 0x00007ff118feb648]
Event: 32.188 Thread 0x00007ff1300bac70 nmethod 11396 0x00007ff1207e0e10 code [0x00007ff1207e1020, 0x00007ff1207e1c90]
Event: 32.205 Thread 0x00007ff1300bac70 11403       4       com.sun.tools.javac.parser.JavacParser::typeAnnotationsOpt (10 bytes)
Event: 32.233 Thread 0x00007ff1300bc320 11404       3       com.sun.tools.javac.tree.TreeMaker::NewClass (13 bytes)
Event: 32.292 Thread 0x00007ff1300bc320 nmethod 11404 0x00007ff119044090 code [0x00007ff119044240, 0x00007ff119044380]
Event: 32.295 Thread 0x00007ff1300bac70 nmethod 11403 0x00007ff1205fb410 code [0x00007ff1205fb5a0, 0x00007ff1205fb670]
Event: 32.296 Thread 0x00007ff1300bc320 11406       3       com.sun.tools.javac.parser.Tokens$StringToken::checkKind (43 bytes)
Event: 32.318 Thread 0x00007ff1300bac70 11264       4       com.sun.tools.javac.parser.JavacParser::ident (397 bytes)
Event: 32.384 Thread 0x00007ff1300bc320 nmethod 11406 0x00007ff119043290 code [0x00007ff1190434e0, 0x00007ff119043c50]

GC Heap History (20 events):
Event: 21.040 GC heap before
{Heap before GC invocations=31 (full 0):
 garbage-first heap   total 89088K, used 78901K [0x00000000e0000000, 0x0000000100000000)
  region size 1024K, 26 young (26624K), 3 survivors (3072K)
 Metaspace       used 67858K, committed 70208K, reserved 278528K
  class space    used 9577K, committed 10752K, reserved 212992K
}
Event: 21.048 GC heap after
{Heap after GC invocations=32 (full 0):
 garbage-first heap   total 89088K, used 59482K [0x00000000e0000000, 0x0000000100000000)
  region size 1024K, 4 young (4096K), 4 survivors (4096K)
 Metaspace       used 67858K, committed 70208K, reserved 278528K
  class space    used 9577K, committed 10752K, reserved 212992K
}
Event: 21.798 GC heap before
{Heap before GC invocations=33 (full 0):
 garbage-first heap   total 101376K, used 76890K [0x00000000e0000000, 0x0000000100000000)
  region size 1024K, 22 young (22528K), 4 survivors (4096K)
 Metaspace       used 68438K, committed 70784K, reserved 278528K
  class space    used 9646K, committed 10816K, reserved 212992K
}
Event: 21.805 GC heap after
{Heap after GC invocations=34 (full 0):
 garbage-first heap   total 101376K, used 60234K [0x00000000e0000000, 0x0000000100000000)
  region size 1024K, 2 young (2048K), 2 survivors (2048K)
 Metaspace       used 68438K, committed 70784K, reserved 278528K
  class space    used 9646K, committed 10816K, reserved 212992K
}
Event: 22.896 GC heap before
{Heap before GC invocations=34 (full 0):
 garbage-first heap   total 101376K, used 91978K [0x00000000e0000000, 0x0000000100000000)
  region size 1024K, 33 young (33792K), 2 survivors (2048K)
 Metaspace       used 70505K, committed 72832K, reserved 278528K
  class space    used 9959K, committed 11136K, reserved 212992K
}
Event: 22.911 GC heap after
{Heap after GC invocations=35 (full 0):
 garbage-first heap   total 101376K, used 61734K [0x00000000e0000000, 0x0000000100000000)
  region size 1024K, 4 young (4096K), 4 survivors (4096K)
 Metaspace       used 70505K, committed 72832K, reserved 278528K
  class space    used 9959K, committed 11136K, reserved 212992K
}
Event: 24.036 GC heap before
{Heap before GC invocations=35 (full 0):
 garbage-first heap   total 101376K, used 89382K [0x00000000e0000000, 0x0000000100000000)
  region size 1024K, 32 young (32768K), 4 survivors (4096K)
 Metaspace       used 71948K, committed 74368K, reserved 278528K
  class space    used 10173K, committed 11392K, reserved 212992K
}
Event: 24.082 GC heap after
{Heap after GC invocations=36 (full 0):
 garbage-first heap   total 101376K, used 64489K [0x00000000e0000000, 0x0000000100000000)
  region size 1024K, 3 young (3072K), 3 survivors (3072K)
 Metaspace       used 71948K, committed 74368K, reserved 278528K
  class space    used 10173K, committed 11392K, reserved 212992K
}
Event: 25.412 GC heap before
{Heap before GC invocations=37 (full 0):
 garbage-first heap   total 107520K, used 91113K [0x00000000e0000000, 0x0000000100000000)
  region size 1024K, 30 young (30720K), 3 survivors (3072K)
 Metaspace       used 73143K, committed 75520K, reserved 278528K
  class space    used 10296K, committed 11520K, reserved 212992K
}
Event: 25.422 GC heap after
{Heap after GC invocations=38 (full 0):
 garbage-first heap   total 107520K, used 66305K [0x00000000e0000000, 0x0000000100000000)
  region size 1024K, 2 young (2048K), 2 survivors (2048K)
 Metaspace       used 73143K, committed 75520K, reserved 278528K
  class space    used 10296K, committed 11520K, reserved 212992K
}
Event: 26.555 GC heap before
{Heap before GC invocations=38 (full 0):
 garbage-first heap   total 107520K, used 106241K [0x00000000e0000000, 0x0000000100000000)
  region size 1024K, 32 young (32768K), 2 survivors (2048K)
 Metaspace       used 79121K, committed 81536K, reserved 344064K
  class space    used 11065K, committed 12288K, reserved 212992K
}
Event: 26.590 GC heap after
{Heap after GC invocations=39 (full 0):
 garbage-first heap   total 116736K, used 75256K [0x00000000e0000000, 0x0000000100000000)
  region size 1024K, 5 young (5120K), 5 survivors (5120K)
 Metaspace       used 79121K, committed 81536K, reserved 344064K
  class space    used 11065K, committed 12288K, reserved 212992K
}
Event: 27.407 GC heap before
{Heap before GC invocations=39 (full 0):
 garbage-first heap   total 116736K, used 94712K [0x00000000e0000000, 0x0000000100000000)
  region size 1024K, 26 young (26624K), 5 survivors (5120K)
 Metaspace       used 80694K, committed 83136K, reserved 344064K
  class space    used 11211K, committed 12416K, reserved 212992K
}
Event: 27.424 GC heap after
{Heap after GC invocations=40 (full 0):
 garbage-first heap   total 116736K, used 81524K [0x00000000e0000000, 0x0000000100000000)
  region size 1024K, 5 young (5120K), 5 survivors (5120K)
 Metaspace       used 80694K, committed 83136K, reserved 344064K
  class space    used 11211K, committed 12416K, reserved 212992K
}
Event: 28.287 GC heap before
{Heap before GC invocations=41 (full 0):
 garbage-first heap   total 135168K, used 102004K [0x00000000e0000000, 0x0000000100000000)
  region size 1024K, 26 young (26624K), 5 survivors (5120K)
 Metaspace       used 80778K, committed 83200K, reserved 344064K
  class space    used 11214K, committed 12416K, reserved 212992K
}
Event: 28.326 GC heap after
{Heap after GC invocations=42 (full 0):
 garbage-first heap   total 135168K, used 84480K [0x00000000e0000000, 0x0000000100000000)
  region size 1024K, 4 young (4096K), 4 survivors (4096K)
 Metaspace       used 80778K, committed 83200K, reserved 344064K
  class space    used 11214K, committed 12416K, reserved 212992K
}
Event: 30.133 GC heap before
{Heap before GC invocations=42 (full 0):
 garbage-first heap   total 135168K, used 117248K [0x00000000e0000000, 0x0000000100000000)
  region size 1024K, 36 young (36864K), 4 survivors (4096K)
 Metaspace       used 80819K, committed 83200K, reserved 344064K
  class space    used 11216K, committed 12416K, reserved 212992K
}
Event: 30.199 GC heap after
{Heap after GC invocations=43 (full 0):
 garbage-first heap   total 135168K, used 91648K [0x00000000e0000000, 0x0000000100000000)
  region size 1024K, 5 young (5120K), 5 survivors (5120K)
 Metaspace       used 80819K, committed 83200K, reserved 344064K
  class space    used 11216K, committed 12416K, reserved 212992K
}
Event: 31.693 GC heap before
{Heap before GC invocations=43 (full 0):
 garbage-first heap   total 135168K, used 118272K [0x00000000e0000000, 0x0000000100000000)
  region size 1024K, 31 young (31744K), 5 survivors (5120K)
 Metaspace       used 80842K, committed 83264K, reserved 344064K
  class space    used 11218K, committed 12416K, reserved 212992K
}
Event: 31.766 GC heap after
{Heap after GC invocations=44 (full 0):
 garbage-first heap   total 135168K, used 98304K [0x00000000e0000000, 0x0000000100000000)
  region size 1024K, 4 young (4096K), 4 survivors (4096K)
 Metaspace       used 80842K, committed 83264K, reserved 344064K
  class space    used 11218K, committed 12416K, reserved 212992K
}

Dll operation events (14 events):
Event: 0.007 Loaded shared library /opt/jdk-21.0.5+11/lib/libjava.so
Event: 0.083 Loaded shared library /opt/jdk-21.0.5+11/lib/libjsvml.so
Event: 0.125 Loaded shared library /opt/jdk-21.0.5+11/lib/libzip.so
Event: 0.129 Loaded shared library /opt/jdk-21.0.5+11/lib/libinstrument.so
Event: 0.131 Loaded shared library /opt/jdk-21.0.5+11/lib/libnio.so
Event: 0.133 Loaded shared library /opt/jdk-21.0.5+11/lib/libzip.so
Event: 0.494 Loaded shared library /opt/jdk-21.0.5+11/lib/libjimage.so
Event: 0.829 Loaded shared library /opt/jdk-21.0.5+11/lib/libverify.so
Event: 0.901 Loaded shared library /opt/jdk-21.0.5+11/lib/libnet.so
Event: 0.902 Loaded shared library /root/.gradle/native/660c5614fbf4a5f2a75b1949f50a0caf5cd603558e7d8a26e50b933a0cfb79d1/linux-amd64/libnative-platform.so
Event: 0.915 Loaded shared library /root/.gradle/native/0.2.8/x86_64-linux-gnu/libgradle-fileevents.so
Event: 2.631 Loaded shared library /opt/jdk-21.0.5+11/lib/libmanagement.so
Event: 2.632 Loaded shared library /opt/jdk-21.0.5+11/lib/libmanagement_ext.so
Event: 2.851 Loaded shared library /opt/jdk-21.0.5+11/lib/libextnet.so

Deoptimization events (20 events):
Event: 31.092 Thread 0x00007ff0e404d5f0 Uncommon trap: trap_request=0xffffff45 fr.pc=0x00007ff1207ce144 relative=0x0000000000003ba4
Event: 31.092 Thread 0x00007ff0e404d5f0 Uncommon trap: reason=unstable_if action=reinterpret pc=0x00007ff1207ce144 method=com.sun.tools.javac.parser.JavaTokenizer.readToken()Lcom/sun/tools/javac/parser/Tokens$Token; @ 1142 c2
Event: 31.092 Thread 0x00007ff0e404d5f0 DEOPT PACKING pc=0x00007ff1207ce144 sp=0x00007ff1082bad50
Event: 31.093 Thread 0x00007ff0e404d5f0 DEOPT UNPACKING pc=0x00007ff11fe2c619 sp=0x00007ff1082bad20 mode 2
Event: 31.165 Thread 0x00007ff0e404d5f0 DEOPT PACKING pc=0x00007ff119a59634 sp=0x00007ff1082bbd80
Event: 31.168 Thread 0x00007ff0e404d5f0 DEOPT UNPACKING pc=0x00007ff11fe2d14f sp=0x00007ff1082bb2f8 mode 0
Event: 31.265 Thread 0x00007ff0e404d5f0 DEOPT PACKING pc=0x00007ff119a59634 sp=0x00007ff1082bbd80
Event: 31.266 Thread 0x00007ff0e404d5f0 DEOPT UNPACKING pc=0x00007ff11fe2d14f sp=0x00007ff1082bb2f8 mode 0
Event: 31.299 Thread 0x00007ff0e404d5f0 DEOPT PACKING pc=0x00007ff119a59634 sp=0x00007ff1082bbd80
Event: 31.301 Thread 0x00007ff0e404d5f0 DEOPT UNPACKING pc=0x00007ff11fe2d14f sp=0x00007ff1082bb2f8 mode 0
Event: 31.311 Thread 0x00007ff0e404d5f0 DEOPT PACKING pc=0x00007ff119a59634 sp=0x00007ff1082bbd80
Event: 31.311 Thread 0x00007ff0e404d5f0 DEOPT UNPACKING pc=0x00007ff11fe2d14f sp=0x00007ff1082bb2f8 mode 0
Event: 31.315 Thread 0x00007ff0e404d5f0 DEOPT PACKING pc=0x00007ff119a59634 sp=0x00007ff1082bbd80
Event: 31.315 Thread 0x00007ff0e404d5f0 DEOPT UNPACKING pc=0x00007ff11fe2d14f sp=0x00007ff1082bb2f8 mode 0
Event: 31.415 Thread 0x00007ff0e404d5f0 DEOPT PACKING pc=0x00007ff119a59634 sp=0x00007ff1082bbd80
Event: 31.416 Thread 0x00007ff0e404d5f0 DEOPT UNPACKING pc=0x00007ff11fe2d14f sp=0x00007ff1082bb2f8 mode 0
Event: 31.794 Thread 0x00007ff0e404d5f0 DEOPT PACKING pc=0x00007ff1199c5071 sp=0x00007ff1082ba3a0
Event: 31.797 Thread 0x00007ff0e404d5f0 DEOPT UNPACKING pc=0x00007ff11fe2d14f sp=0x00007ff1082b9858 mode 0
Event: 32.020 Thread 0x00007ff0e404d5f0 DEOPT PACKING pc=0x00007ff1199c5071 sp=0x00007ff1082bb740
Event: 32.021 Thread 0x00007ff0e404d5f0 DEOPT UNPACKING pc=0x00007ff11fe2d14f sp=0x00007ff1082babf8 mode 0

Classes loaded (20 events):
Event: 25.707 Loading class java/util/ResourceBundle$3
Event: 25.708 Loading class java/util/ResourceBundle$3 done
Event: 25.716 Loading class java/util/ResourceBundle$BundleReference
Event: 25.716 Loading class java/util/ResourceBundle$BundleReference done
Event: 25.814 Loading class java/util/ServiceLoader$ProviderSpliterator
Event: 25.815 Loading class java/util/ServiceLoader$ProviderSpliterator done
Event: 26.219 Loading class java/io/BufferedReader$1
Event: 26.220 Loading class java/io/BufferedReader$1 done
Event: 26.297 Loading class java/util/zip/ZipInputStream
Event: 26.297 Loading class java/util/zip/ZipInputStream done
Event: 26.299 Loading class java/net/URLDecoder
Event: 26.299 Loading class java/net/URLDecoder done
Event: 26.300 Loading class java/util/WeakHashMap$EntrySet
Event: 26.300 Loading class java/util/WeakHashMap$EntrySet done
Event: 26.300 Loading class java/util/WeakHashMap$EntryIterator
Event: 26.300 Loading class java/util/WeakHashMap$EntryIterator done
Event: 26.300 Loading class java/util/zip/ZipFile$ZipEntryIterator
Event: 26.300 Loading class java/util/zip/ZipFile$ZipEntryIterator done
Event: 26.737 Loading class java/lang/StringIndexOutOfBoundsException
Event: 26.738 Loading class java/lang/StringIndexOutOfBoundsException done

Classes unloaded (0 events):
No events

Classes redefined (0 events):
No events

Internal exceptions (20 events):
Event: 22.720 Thread 0x00007ff0e000ae50 Exception <a 'java/lang/IncompatibleClassChangeError'{0x00000000e4362b38}: Found class java.lang.Object, but interface was expected> (0x00000000e4362b38) 
thrown [src/hotspot/share/interpreter/linkResolver.cpp, line 840]
Event: 22.720 Thread 0x00007ff0e000ae50 Exception <a 'java/lang/IncompatibleClassChangeError'{0x00000000e4366780}: Found class java.lang.Object, but interface was expected> (0x00000000e4366780) 
thrown [src/hotspot/share/interpreter/linkResolver.cpp, line 840]
Event: 22.797 Thread 0x00007ff0e000ae50 Exception <a 'java/lang/IncompatibleClassChangeError'{0x00000000e43fb558}: Found class java.lang.Object, but interface was expected> (0x00000000e43fb558) 
thrown [src/hotspot/share/interpreter/linkResolver.cpp, line 840]
Event: 22.807 Thread 0x00007ff0e000ae50 Exception <a 'java/lang/IncompatibleClassChangeError'{0x00000000e424c2a8}: Found class java.lang.Object, but interface was expected> (0x00000000e424c2a8) 
thrown [src/hotspot/share/interpreter/linkResolver.cpp, line 840]
Event: 22.811 Thread 0x00007ff0e000ae50 Exception <a 'java/lang/NoSuchMethodError'{0x00000000e4283a20}: 'int java.lang.invoke.DirectMethodHandle$Holder.invokeSpecial(java.lang.Object, java.lang.Object, int, java.lang.Object)'> (0x00000000e4283a20) 
thrown [src/hotspot/share/interpreter/linkResolver.cpp, line 772]
Event: 22.929 Thread 0x00007ff101c08d60 Exception <a 'java/lang/NoSuchMethodError'{0x00000000e601dbf8}: 'java.lang.Object java.lang.invoke.DirectMethodHandle$Holder.newInvokeSpecial(java.lang.Object, java.lang.Object, int, java.lang.Object, java.lang.Object)'> (0x00000000e601dbf8) 
thrown [src/hotspot/share/interpreter/linkResolver.cpp, line 772]
Event: 22.930 Thread 0x00007ff101c08d60 Exception <a 'java/lang/NoSuchMethodError'{0x00000000e6021670}: 'java.lang.Object java.lang.invoke.Invokers$Holder.linkToTargetMethod(java.lang.Object, int, java.lang.Object, java.lang.Object, java.lang.Object)'> (0x00000000e6021670) 
thrown [src/hotspot/share/interpreter/linkResolver.cpp, line 772]
Event: 23.006 Thread 0x00007ff101c08d60 Exception <a 'java/lang/NoSuchMethodError'{0x00000000e5f6b438}: 'void java.lang.invoke.DirectMethodHandle$Holder.invokeSpecial(java.lang.Object, java.lang.Object, java.lang.Object, java.lang.Object, int, java.lang.Object, java.lang.Object)'> (0x00000000e5f6b438) 
thrown [src/hotspot/share/interpreter/linkResolver.cpp, line 772]
Event: 23.130 Thread 0x00007ff0e404d5f0 Exception <a 'sun/nio/fs/UnixException'{0x00000000e5c89200}> (0x00000000e5c89200) 
thrown [src/hotspot/share/prims/jni.cpp, line 520]
Event: 23.133 Thread 0x00007ff0e404d5f0 Exception <a 'sun/nio/fs/UnixException'{0x00000000e5c8ad68}> (0x00000000e5c8ad68) 
thrown [src/hotspot/share/prims/jni.cpp, line 520]
Event: 23.187 Thread 0x00007ff0e404d5f0 Exception <a 'sun/nio/fs/UnixException'{0x00000000e5c8c678}> (0x00000000e5c8c678) 
thrown [src/hotspot/share/prims/jni.cpp, line 520]
Event: 23.188 Thread 0x00007ff0e404d5f0 Exception <a 'sun/nio/fs/UnixException'{0x00000000e5ccf2d0}> (0x00000000e5ccf2d0) 
thrown [src/hotspot/share/prims/jni.cpp, line 520]
Event: 23.228 Thread 0x00007ff101c08d60 Exception <a 'sun/nio/fs/UnixException'{0x00000000e5bc3d38}> (0x00000000e5bc3d38) 
thrown [src/hotspot/share/prims/jni.cpp, line 520]
Event: 23.728 Thread 0x00007ff0e404d5f0 Exception <a 'java/lang/IncompatibleClassChangeError'{0x00000000e4b61c78}: Found class java.lang.Object, but interface was expected> (0x00000000e4b61c78) 
thrown [src/hotspot/share/interpreter/linkResolver.cpp, line 840]
Event: 23.787 Thread 0x00007ff0e404d5f0 Exception <a 'java/lang/NoSuchMethodError'{0x00000000e4b87b08}: static Ljava/lang/Object;.<clinit>()V> (0x00000000e4b87b08) 
thrown [src/hotspot/share/prims/jni.cpp, line 1111]
Event: 25.330 Thread 0x00007ff0e404d5f0 Exception <a 'java/lang/NoSuchMethodError'{0x00000000e4eb8130}: 'int java.lang.invoke.DirectMethodHandle$Holder.invokeStaticInit(java.lang.Object, java.lang.Object, java.lang.Object, java.lang.Object, java.lang.Object)'> (0x00000000e4eb8130) 
thrown [src/hotspot/share/interpreter/linkResolver.cpp, line 772]
Event: 25.592 Thread 0x00007ff0e404d5f0 Exception <a 'java/lang/NoSuchMethodError'{0x00000000e6485db0}: 'java.lang.Object java.lang.invoke.DirectMethodHandle$Holder.newInvokeSpecial(java.lang.Object, java.lang.Object, int, java.lang.Object, java.lang.Object, java.lang.Object, java.lang.Object)'> (0x00000000e6485db0) 
thrown [src/hotspot/share/interpreter/linkResolver.cpp, line 772]
Event: 25.593 Thread 0x00007ff0e404d5f0 Exception <a 'java/lang/NoSuchMethodError'{0x00000000e648e3c0}: 'java.lang.Object java.lang.invoke.Invokers$Holder.linkToTargetMethod(java.lang.Object, int, java.lang.Object, java.lang.Object, java.lang.Object, java.lang.Object, java.lang.Object)'> (0x00000000e648e3c0) 
thrown [src/hotspot/share/interpreter/linkResolver.cpp, line 772]
Event: 26.139 Thread 0x00007ff0e404d5f0 Exception <a 'java/lang/NoSuchMethodError'{0x00000000e595cec8}: 'java.lang.Object java.lang.invoke.Invokers$Holder.linkToTargetMethod(java.lang.Object, java.lang.Object, java.lang.Object, int, int, java.lang.Object)'> (0x00000000e595cec8) 
thrown [src/hotspot/share/interpreter/linkResolver.cpp, line 772]
Event: 26.300 Thread 0x00007ff0e404d5f0 Implicit null exception at 0x00007ff1207705ef to 0x00007ff12077109c

ZGC Phase Switch (0 events):
No events

VM Operations (20 events):
Event: 25.827 Executing VM operation: HandshakeAllThreads (Deoptimize) done
Event: 26.555 Executing VM operation: G1CollectForAllocation (G1 Evacuation Pause)
Event: 26.590 Executing VM operation: G1CollectForAllocation (G1 Evacuation Pause) done
Event: 27.406 Executing VM operation: G1TryInitiateConcMark (G1 Humongous Allocation)
Event: 27.424 Executing VM operation: G1TryInitiateConcMark (G1 Humongous Allocation) done
Event: 27.902 Executing VM operation: G1PauseRemark
Event: 27.922 Executing VM operation: G1PauseRemark done
Event: 28.198 Executing VM operation: G1PauseCleanup
Event: 28.199 Executing VM operation: G1PauseCleanup done
Event: 28.287 Executing VM operation: G1CollectForAllocation (G1 Evacuation Pause)
Event: 28.327 Executing VM operation: G1CollectForAllocation (G1 Evacuation Pause) done
Event: 29.331 Executing VM operation: Cleanup
Event: 29.336 Executing VM operation: Cleanup done
Event: 30.120 Executing VM operation: G1CollectForAllocation (G1 Evacuation Pause)
Event: 30.205 Executing VM operation: G1CollectForAllocation (G1 Evacuation Pause) done
Event: 31.206 Executing VM operation: Cleanup
Event: 31.215 Executing VM operation: Cleanup done
Event: 31.682 Executing VM operation: G1CollectForAllocation (G1 Evacuation Pause)
Event: 31.772 Executing VM operation: G1CollectForAllocation (G1 Evacuation Pause) done
Event: 32.384 Executing VM operation: G1PauseRemark

Memory protections (20 events):
Event: 12.727 Protecting memory [0x00007ff108ed0000,0x00007ff108ed4000] with protection modes 0
Event: 13.928 Protecting memory [0x00007ff108dcf000,0x00007ff108dd3000] with protection modes 0
Event: 17.581 Protecting memory [0x00007ff108cce000,0x00007ff108cd2000] with protection modes 0
Event: 18.594 Protecting memory [0x00007ff108bcd000,0x00007ff108bd1000] with protection modes 0
Event: 18.714 Protecting memory [0x00007ff108acc000,0x00007ff108ad0000] with protection modes 0
Event: 18.716 Protecting memory [0x00007ff1089cb000,0x00007ff1089cf000] with protection modes 0
Event: 19.660 Protecting memory [0x00007ff1089cb000,0x00007ff1089cf000] with protection modes 0
Event: 20.383 Protecting memory [0x00007ff108acc000,0x00007ff108ad0000] with protection modes 0
Event: 20.485 Protecting memory [0x00007ff1088ca000,0x00007ff1088ce000] with protection modes 0
Event: 20.489 Protecting memory [0x00007ff1087c9000,0x00007ff1087cd000] with protection modes 0
Event: 20.516 Protecting memory [0x00007ff1086c8000,0x00007ff1086cc000] with protection modes 0
Event: 20.530 Protecting memory [0x00007ff1085c7000,0x00007ff1085cb000] with protection modes 0
Event: 21.525 Protecting memory [0x00007ff1084c6000,0x00007ff1084ca000] with protection modes 0
Event: 21.605 Protecting memory [0x00007ff1083c5000,0x00007ff1083c9000] with protection modes 0
Event: 22.920 Protecting memory [0x00007ff1082c4000,0x00007ff1082c8000] with protection modes 0
Event: 22.986 Protecting memory [0x00007ff1081c3000,0x00007ff1081c7000] with protection modes 0
Event: 23.029 Protecting memory [0x00007ff1080c2000,0x00007ff1080c6000] with protection modes 0
Event: 24.014 Protecting memory [0x00007ff0e9f00000,0x00007ff0e9f04000] with protection modes 0
Event: 25.027 Protecting memory [0x00007ff0e9dff000,0x00007ff0e9e03000] with protection modes 0
Event: 25.522 Protecting memory [0x00007ff0e9cfe000,0x00007ff0e9d02000] with protection modes 0

Nmethod flushes (20 events):
Event: 32.440 Thread 0x00007ff1300a9040 flushing  nmethod 0x00007ff11994dc90
Event: 32.440 Thread 0x00007ff1300a9040 flushing  nmethod 0x00007ff119959190
Event: 32.440 Thread 0x00007ff1300a9040 flushing  nmethod 0x00007ff119959690
Event: 32.440 Thread 0x00007ff1300a9040 flushing  nmethod 0x00007ff119959b90
Event: 32.440 Thread 0x00007ff1300a9040 flushing  nmethod 0x00007ff11995a390
Event: 32.440 Thread 0x00007ff1300a9040 flushing  nmethod 0x00007ff11995af90
Event: 32.440 Thread 0x00007ff1300a9040 flushing  nmethod 0x00007ff11995b490
Event: 32.440 Thread 0x00007ff1300a9040 flushing  nmethod 0x00007ff11995d210
Event: 32.440 Thread 0x00007ff1300a9040 flushing  nmethod 0x00007ff11995da10
Event: 32.440 Thread 0x00007ff1300a9040 flushing  nmethod 0x00007ff11995e990
Event: 32.440 Thread 0x00007ff1300a9040 flushing  nmethod 0x00007ff11995f410
Event: 32.440 Thread 0x00007ff1300a9040 flushing  nmethod 0x00007ff11995fd10
Event: 32.440 Thread 0x00007ff1300a9040 flushing  nmethod 0x00007ff119962f90
Event: 32.440 Thread 0x00007ff1300a9040 flushing  nmethod 0x00007ff119963410
Event: 32.440 Thread 0x00007ff1300a9040 flushing  nmethod 0x00007ff119968910
Event: 32.440 Thread 0x00007ff1300a9040 flushing  nmethod 0x00007ff119979690
Event: 32.440 Thread 0x00007ff1300a9040 flushing  nmethod 0x00007ff11997a190
Event: 32.440 Thread 0x00007ff1300a9040 flushing  nmethod 0x00007ff11997ae10
Event: 32.440 Thread 0x00007ff1300a9040 flushing  nmethod 0x00007ff11997ff10
Event: 32.440 Thread 0x00007ff1300a9040 flushing osr nmethod 0x00007ff1199bd510

Events (20 events):
Event: 17.581 Thread 0x00007ff0e000ae50 Thread added: 0x00007ff101a1d920
Event: 18.591 Thread 0x00007ff0e000ae50 Thread added: 0x00007ff101ae0450
Event: 18.713 Thread 0x00007ff0e000ae50 Thread added: 0x00007ff101b32350
Event: 18.716 Thread 0x00007ff0e000ae50 Thread added: 0x00007ff101b33d80
Event: 19.328 Thread 0x00007ff101b32350 Thread exited: 0x00007ff101b32350
Event: 19.516 Thread 0x00007ff101b33d80 Thread exited: 0x00007ff101b33d80
Event: 19.660 Thread 0x00007ff0e000ae50 Thread added: 0x00007ff101b50610
Event: 20.381 Thread 0x00007ff0e000ae50 Thread added: 0x00007ff101ba17b0
Event: 20.484 Thread 0x00007ff0e000ae50 Thread added: 0x00007ff101b56780
Event: 20.486 Thread 0x00007ff0e000ae50 Thread added: 0x00007ff101b575f0
Event: 20.516 Thread 0x00007ff101b56780 Thread added: 0x00007ff0d00c77b0
Event: 20.530 Thread 0x00007ff101b56780 Thread added: 0x00007ff0d0f42c40
Event: 21.522 Thread 0x00007ff0d0f42c40 Thread added: 0x00007ff0d4007b00
Event: 21.604 Thread 0x00007ff0d00c77b0 Thread added: 0x00007ff0d801a9b0
Event: 22.919 Thread 0x00007ff0e000ae50 Thread added: 0x00007ff101c08d60
Event: 22.982 Thread 0x00007ff101c08d60 Thread added: 0x00007ff0e404d5f0
Event: 23.029 Thread 0x00007ff0e404d5f0 Thread added: 0x00007ff101c1b4b0
Event: 24.014 Thread 0x00007ff0e404d5f0 Thread added: 0x00007ff101ca0260
Event: 25.026 Thread 0x00007ff0e404d5f0 Thread added: 0x00007ff101c79f80
Event: 25.521 Thread 0x00007ff0e404d5f0 Thread added: 0x00007ff1004174b0


Dynamic libraries:
e0000000-e7e00000 rw-p 00000000 00:00 0 
e9a00000-ffa00000 ---p 00000000 00:00 0 
ffa00000-ffe00000 rw-p 00000000 00:00 0 
ffe00000-fff0d000 rw-p 00cd6000 fe:00 394850                             /opt/jdk-21.0.5+11/lib/server/classes.jsa
fff0d000-100000000 rw-p 00000000 00:00 0 
558bb2488000-558bb2489000 r-xp 00000000 fe:00 394812                     /opt/jdk-21.0.5+11/bin/java
558bb248a000-558bb248b000 r--p 00001000 fe:00 394812                     /opt/jdk-21.0.5+11/bin/java
558bb248b000-558bb248c000 rw-p 00002000 fe:00 394812                     /opt/jdk-21.0.5+11/bin/java
558bb30ab000-558bb30f2000 rw-p 00000000 00:00 0                          [heap]
7ff0c4000000-7ff0c49e8000 rw-p 00000000 00:00 0 
7ff0c49e8000-7ff0c8000000 ---p 00000000 00:00 0 
7ff0c8000000-7ff0c8600000 rw-p 00000000 00:00 0 
7ff0c8600000-7ff0cc000000 ---p 00000000 00:00 0 
7ff0cc000000-7ff0cc03c000 rw-p 00000000 00:00 0 
7ff0cc03c000-7ff0d0000000 ---p 00000000 00:00 0 
7ff0d0000000-7ff0d19ae000 rw-p 00000000 00:00 0 
7ff0d19ae000-7ff0d4000000 ---p 00000000 00:00 0 
7ff0d4000000-7ff0d4037000 rw-p 00000000 00:00 0 
7ff0d4037000-7ff0d8000000 ---p 00000000 00:00 0 
7ff0d8000000-7ff0d8057000 rw-p 00000000 00:00 0 
7ff0d8057000-7ff0dc000000 ---p 00000000 00:00 0 
7ff0dc000000-7ff0dc04e000 rw-p 00000000 00:00 0 
7ff0dc04e000-7ff0e0000000 ---p 00000000 00:00 0 
7ff0e0000000-7ff0e002d000 rw-p 00000000 00:00 0 
7ff0e002d000-7ff0e4000000 ---p 00000000 00:00 0 
7ff0e4000000-7ff0e420b000 rw-p 00000000 00:00 0 
7ff0e420b000-7ff0e8000000 ---p 00000000 00:00 0 
7ff0e9a1d000-7ff0e9cfd000 rw-p 00000000 00:00 0 
7ff0e9cfd000-7ff0e9cfe000 ---p 00000000 00:00 0 
7ff0e9cfe000-7ff0e9d02000 ---p 00000000 00:00 0 
7ff0e9d02000-7ff0e9dfe000 rw-p 00000000 00:00 0 
7ff0e9dfe000-7ff0e9dff000 ---p 00000000 00:00 0 
7ff0e9dff000-7ff0e9e03000 ---p 00000000 00:00 0 
7ff0e9e03000-7ff0e9eff000 rw-p 00000000 00:00 0 
7ff0e9eff000-7ff0e9f00000 ---p 00000000 00:00 0 
7ff0e9f00000-7ff0e9f04000 ---p 00000000 00:00 0 
7ff0e9f04000-7ff0ea400000 rw-p 00000000 00:00 0 
7ff0ea400000-7ff0ea900000 rw-p 00000000 00:00 0 
7ff0ea900000-7ff0eaa00000 rw-p 00000000 00:00 0 
7ff0eaa00000-7ff0eb100000 rw-p 00000000 00:00 0 
7ff0eb100000-7ff0eb200000 rw-p 00000000 00:00 0 
7ff0eb200000-7ff0ebd80000 rw-p 00000000 00:00 0 
7ff0ebd80000-7ff0ebe00000 rw-p 00000000 00:00 0 
7ff0ebe00000-7ff0ec000000 rw-p 00000000 00:00 0 
7ff0ec000000-7ff0ec380000 rw-p 00000000 00:00 0 
7ff0ec380000-7ff0ec400000 rw-p 00000000 00:00 0 
7ff0ec400000-7ff0ecb00000 rw-p 00000000 00:00 0 
7ff0ecb00000-7ff0ecc00000 rw-p 00000000 00:00 0 
7ff0ecc00000-7ff0ecfe0000 rw-p 00000000 00:00 0 
7ff0ecfe0000-7ff0ed100000 rw-p 00000000 00:00 0 
7ff0ed100000-7ff0ed140000 rw-p 00000000 00:00 0 
7ff0ed140000-7ff0ed180000 rw-p 00000000 00:00 0 
7ff0ed180000-7ff0ed300000 rw-p 00000000 00:00 0 
7ff0ed300000-7ff0ed400000 rw-p 00000000 00:00 0 
7ff0ed400000-7ff0ed680000 rw-p 00000000 00:00 0 
7ff0ed680000-7ff0ed700000 rw-p 00000000 00:00 0 
7ff0ed700000-7ff0ed900000 rw-p 00000000 00:00 0 
7ff0ed900000-7ff0eda00000 rw-p 00000000 00:00 0 
7ff0eda00000-7ff0edf00000 rw-p 00000000 00:00 0 
7ff0edf00000-7ff0edf30000 rw-p 00000000 00:00 0 
7ff0edf30000-7ff0ee000000 ---p 00000000 00:00 0 
7ff0ee000000-7ff0ee47d000 rw-p 00001000 fe:00 394850                     /opt/jdk-21.0.5+11/lib/server/classes.jsa
7ff0ee47d000-7ff0eec97000 rw-p 0047e000 fe:00 394850                     /opt/jdk-21.0.5+11/lib/server/classes.jsa
7ff0eec97000-7ff0ef000000 ---p 00000000 00:00 0 
7ff0ef000000-7ff0ef040000 rw-p 00000000 00:00 0 
7ff0ef040000-7ff0ef080000 rw-p 00000000 00:00 0 
7ff0ef080000-7ff0ef140000 rw-p 00000000 00:00 0 
7ff0ef140000-7ff0ef180000 rw-p 00000000 00:00 0 
7ff0ef180000-7ff0ef540000 rw-p 00000000 00:00 0 
7ff0ef540000-7ff0ef580000 rw-p 00000000 00:00 0 
7ff0ef580000-7ff0ef940000 rw-p 00000000 00:00 0 
7ff0ef940000-7ff0efa30000 rw-p 00000000 00:00 0 
7ff0efa30000-7ff0efa40000 ---p 00000000 00:00 0 
7ff0efa40000-7ff0efc30000 rw-p 00000000 00:00 0 
7ff0efc30000-7ff0fc000000 ---p 00000000 00:00 0 
7ff0fc000000-7ff0fc03f000 rw-p 00000000 00:00 0 
7ff0fc03f000-7ff100000000 ---p 00000000 00:00 0 
7ff100000000-7ff102223000 rw-p 00000000 00:00 0 
7ff102223000-7ff104000000 ---p 00000000 00:00 0 
7ff104000000-7ff104021000 rw-p 00000000 00:00 0 
7ff104021000-7ff108000000 ---p 00000000 00:00 0 
7ff1080c1000-7ff1080c2000 ---p 00000000 00:00 0 
7ff1080c2000-7ff1080c6000 ---p 00000000 00:00 0 
7ff1080c6000-7ff1081c2000 rw-p 00000000 00:00 0 
7ff1081c2000-7ff1081c3000 ---p 00000000 00:00 0 
7ff1081c3000-7ff1081c7000 ---p 00000000 00:00 0 
7ff1081c7000-7ff1082c3000 rw-p 00000000 00:00 0 
7ff1082c3000-7ff1082c4000 ---p 00000000 00:00 0 
7ff1082c4000-7ff1082c8000 ---p 00000000 00:00 0 
7ff1082c8000-7ff1083c4000 rw-p 00000000 00:00 0 
7ff1083c4000-7ff1083c5000 ---p 00000000 00:00 0 
7ff1083c5000-7ff1083c9000 ---p 00000000 00:00 0 
7ff1083c9000-7ff1084c5000 rw-p 00000000 00:00 0 
7ff1084c5000-7ff1084c6000 ---p 00000000 00:00 0 
7ff1084c6000-7ff1084ca000 ---p 00000000 00:00 0 
7ff1084ca000-7ff1085c6000 rw-p 00000000 00:00 0 
7ff1085c6000-7ff1085c7000 ---p 00000000 00:00 0 
7ff1085c7000-7ff1085cb000 ---p 00000000 00:00 0 
7ff1085cb000-7ff1086c7000 rw-p 00000000 00:00 0 
7ff1086c7000-7ff1086c8000 ---p 00000000 00:00 0 
7ff1086c8000-7ff1086cc000 ---p 00000000 00:00 0 
7ff1086cc000-7ff1087c8000 rw-p 00000000 00:00 0 
7ff1087c8000-7ff1087c9000 ---p 00000000 00:00 0 
7ff1087c9000-7ff1087cd000 ---p 00000000 00:00 0 
7ff1087cd000-7ff1088c9000 rw-p 00000000 00:00 0 
7ff1088c9000-7ff1088ca000 ---p 00000000 00:00 0 
7ff1088ca000-7ff1088ce000 ---p 00000000 00:00 0 
7ff1088ce000-7ff1089ca000 rw-p 00000000 00:00 0 
7ff1089ca000-7ff1089cb000 ---p 00000000 00:00 0 
7ff1089cb000-7ff1089cf000 ---p 00000000 00:00 0 
7ff1089cf000-7ff108acb000 rw-p 00000000 00:00 0 
7ff108acb000-7ff108acc000 ---p 00000000 00:00 0 
7ff108acc000-7ff108ad0000 ---p 00000000 00:00 0 
7ff108ad0000-7ff108bcc000 rw-p 00000000 00:00 0 
7ff108bcc000-7ff108bcd000 ---p 00000000 00:00 0 
7ff108bcd000-7ff108bd1000 ---p 00000000 00:00 0 
7ff108bd1000-7ff108ccd000 rw-p 00000000 00:00 0 
7ff108ccd000-7ff108cce000 ---p 00000000 00:00 0 
7ff108cce000-7ff108cd2000 ---p 00000000 00:00 0 
7ff108cd2000-7ff108dce000 rw-p 00000000 00:00 0 
7ff108dce000-7ff108dcf000 ---p 00000000 00:00 0 
7ff108dcf000-7ff108dd3000 ---p 00000000 00:00 0 
7ff108dd3000-7ff108ecf000 rw-p 00000000 00:00 0 
7ff108ecf000-7ff108ed0000 ---p 00000000 00:00 0 
7ff108ed0000-7ff108ed4000 ---p 00000000 00:00 0 
7ff108ed4000-7ff108fd0000 rw-p 00000000 00:00 0 
7ff108fd0000-7ff108fd1000 ---p 00000000 00:00 0 
7ff108fd1000-7ff108fd5000 ---p 00000000 00:00 0 
7ff108fd5000-7ff1090d1000 rw-p 00000000 00:00 0 
7ff1090d1000-7ff1090d2000 ---p 00000000 00:00 0 
7ff1090d2000-7ff1090d6000 ---p 00000000 00:00 0 
7ff1090d6000-7ff1091d2000 rw-p 00000000 00:00 0 
7ff1091d2000-7ff1091d3000 ---p 00000000 00:00 0 
7ff1091d3000-7ff1091d7000 ---p 00000000 00:00 0 
7ff1091d7000-7ff1092d3000 rw-p 00000000 00:00 0 
7ff1092d3000-7ff1092d4000 ---p 00000000 00:00 0 
7ff1092d4000-7ff1092d8000 ---p 00000000 00:00 0 
7ff1092d8000-7ff1093d4000 rw-p 00000000 00:00 0 
7ff1093d4000-7ff1093d5000 ---p 00000000 00:00 0 
7ff1093d5000-7ff1093d9000 ---p 00000000 00:00 0 
7ff1093d9000-7ff1094d5000 rw-p 00000000 00:00 0 
7ff1094d5000-7ff1094d6000 ---p 00000000 00:00 0 
7ff1094d6000-7ff1094da000 ---p 00000000 00:00 0 
7ff1094da000-7ff1095d6000 rw-p 00000000 00:00 0 
7ff1095d6000-7ff1095d7000 ---p 00000000 00:00 0 
7ff1095d7000-7ff1095db000 ---p 00000000 00:00 0 
7ff1095db000-7ff1096d7000 rw-p 00000000 00:00 0 
7ff1096d7000-7ff1096d8000 ---p 00000000 00:00 0 
7ff1096d8000-7ff1096dc000 ---p 00000000 00:00 0 
7ff1096dc000-7ff1097d8000 rw-p 00000000 00:00 0 
7ff1097f8000-7ff1097f9000 ---p 00000000 00:00 0 
7ff1097f9000-7ff1097fd000 ---p 00000000 00:00 0 
7ff1097fd000-7ff1098f9000 rw-p 00000000 00:00 0 
7ff1098f9000-7ff1098fa000 ---p 00000000 00:00 0 
7ff1098fa000-7ff1098fe000 ---p 00000000 00:00 0 
7ff1098fe000-7ff1099fa000 rw-p 00000000 00:00 0 
7ff1099fa000-7ff1099fb000 ---p 00000000 00:00 0 
7ff1099fb000-7ff1099ff000 ---p 00000000 00:00 0 
7ff1099ff000-7ff109afb000 rw-p 00000000 00:00 0 
7ff109afb000-7ff109afc000 ---p 00000000 00:00 0 
7ff109afc000-7ff109b00000 ---p 00000000 00:00 0 
7ff109b00000-7ff109bfc000 rw-p 00000000 00:00 0 
7ff109bfc000-7ff109bfd000 ---p 00000000 00:00 0 
7ff109bfd000-7ff109c01000 ---p 00000000 00:00 0 
7ff109c01000-7ff109cfd000 rw-p 00000000 00:00 0 
7ff109cfd000-7ff109cfe000 ---p 00000000 00:00 0 
7ff109cfe000-7ff109d02000 ---p 00000000 00:00 0 
7ff109d02000-7ff109dfe000 rw-p 00000000 00:00 0 
7ff109dfe000-7ff109dff000 ---p 00000000 00:00 0 
7ff109dff000-7ff109e03000 ---p 00000000 00:00 0 
7ff109e03000-7ff109eff000 rw-p 00000000 00:00 0 
7ff109eff000-7ff109f00000 ---p 00000000 00:00 0 
7ff109f00000-7ff109f04000 ---p 00000000 00:00 0 
7ff109f04000-7ff10c000000 rw-p 00000000 00:00 0 
7ff10c000000-7ff10c021000 rw-p 00000000 00:00 0 
7ff10c021000-7ff110000000 ---p 00000000 00:00 0 
7ff110000000-7ff110079000 rw-p 00000000 00:00 0 
7ff110079000-7ff114000000 ---p 00000000 00:00 0 
7ff114000000-7ff11403b000 rw-p 00000000 00:00 0 
7ff11403b000-7ff118000000 ---p 00000000 00:00 0 
7ff1180fb000-7ff1180fc000 ---p 00000000 00:00 0 
7ff1180fc000-7ff118100000 ---p 00000000 00:00 0 
7ff118100000-7ff1181fc000 rw-p 00000000 00:00 0 
7ff1181fc000-7ff1181fd000 ---p 00000000 00:00 0 
7ff1181fd000-7ff118201000 ---p 00000000 00:00 0 
7ff118201000-7ff1182fd000 rw-p 00000000 00:00 0 
7ff1182fd000-7ff1182fe000 ---p 00000000 00:00 0 
7ff1182fe000-7ff118302000 ---p 00000000 00:00 0 
7ff118302000-7ff1183fe000 rw-p 00000000 00:00 0 
7ff1183fe000-7ff1183ff000 ---p 00000000 00:00 0 
7ff1183ff000-7ff118403000 ---p 00000000 00:00 0 
7ff118403000-7ff1184ff000 rw-p 00000000 00:00 0 
7ff1184ff000-7ff118500000 ---p 00000000 00:00 0 
7ff118500000-7ff118504000 ---p 00000000 00:00 0 
7ff118504000-7ff118600000 rw-p 00000000 00:00 0 
7ff118600000-7ff118605000 r-xp 00000000 fe:00 263508                     /root/.gradle/native/660c5614fbf4a5f2a75b1949f50a0caf5cd603558e7d8a26e50b933a0cfb79d1/linux-amd64/libnative-platform.so
7ff118605000-7ff118805000 ---p 00005000 fe:00 263508                     /root/.gradle/native/660c5614fbf4a5f2a75b1949f50a0caf5cd603558e7d8a26e50b933a0cfb79d1/linux-amd64/libnative-platform.so
7ff118805000-7ff118806000 r--p 00005000 fe:00 263508                     /root/.gradle/native/660c5614fbf4a5f2a75b1949f50a0caf5cd603558e7d8a26e50b933a0cfb79d1/linux-amd64/libnative-platform.so
7ff118806000-7ff118807000 rw-p 00006000 fe:00 263508                     /root/.gradle/native/660c5614fbf4a5f2a75b1949f50a0caf5cd603558e7d8a26e50b933a0cfb79d1/linux-amd64/libnative-platform.so
7ff11889d000-7ff119a9d000 rwxp 00000000 00:00 0 
7ff119a9d000-7ff11fdd5000 ---p 00000000 00:00 0 
7ff11fdd5000-7ff120045000 rwxp 00000000 00:00 0 
7ff120045000-7ff120364000 ---p 00000000 00:00 0 
7ff120364000-7ff1207e4000 rwxp 00000000 00:00 0 
7ff1207e4000-7ff12789d000 ---p 00000000 00:00 0 
7ff12789d000-7ff130000000 r--s 00000000 fe:00 394833                     /opt/jdk-21.0.5+11/lib/modules
7ff130000000-7ff1313e1000 rw-p 00000000 00:00 0 
7ff1313e1000-7ff134000000 ---p 00000000 00:00 0 
7ff134095000-7ff134096000 ---p 00000000 00:00 0 
7ff134096000-7ff13409a000 ---p 00000000 00:00 0 
7ff13409a000-7ff134196000 rw-p 00000000 00:00 0 
7ff134196000-7ff134198000 r-xp 00000000 fe:00 394885                     /opt/jdk-21.0.5+11/lib/libextnet.so
7ff134198000-7ff134199000 r--p 00001000 fe:00 394885                     /opt/jdk-21.0.5+11/lib/libextnet.so
7ff134199000-7ff13419a000 rw-p 00002000 fe:00 394885                     /opt/jdk-21.0.5+11/lib/libextnet.so
7ff13419a000-7ff13419b000 ---p 00000000 00:00 0 
7ff13419b000-7ff13419f000 ---p 00000000 00:00 0 
7ff13419f000-7ff13429b000 rw-p 00000000 00:00 0 
7ff13429b000-7ff1342a0000 r-xp 00000000 fe:00 394853                     /opt/jdk-21.0.5+11/lib/libmanagement_ext.so
7ff1342a0000-7ff1342a1000 ---p 00005000 fe:00 394853                     /opt/jdk-21.0.5+11/lib/libmanagement_ext.so
7ff1342a1000-7ff1342a2000 r--p 00005000 fe:00 394853                     /opt/jdk-21.0.5+11/lib/libmanagement_ext.so
7ff1342a2000-7ff1342a3000 rw-p 00006000 fe:00 394853                     /opt/jdk-21.0.5+11/lib/libmanagement_ext.so
7ff1342a3000-7ff1342a7000 r-xp 00000000 fe:00 394840                     /opt/jdk-21.0.5+11/lib/libmanagement.so
7ff1342a7000-7ff1342a8000 r--p 00003000 fe:00 394840                     /opt/jdk-21.0.5+11/lib/libmanagement.so
7ff1342a8000-7ff1342a9000 rw-p 00004000 fe:00 394840                     /opt/jdk-21.0.5+11/lib/libmanagement.so
7ff1342a9000-7ff1342e5000 r--p 00000000 fe:00 263533                     /root/.gradle/native/0.2.8/x86_64-linux-gnu/libgradle-fileevents.so
7ff1342e5000-7ff13432d000 r-xp 0003b000 fe:00 263533                     /root/.gradle/native/0.2.8/x86_64-linux-gnu/libgradle-fileevents.so
7ff13432d000-7ff134336000 r--p 00082000 fe:00 263533                     /root/.gradle/native/0.2.8/x86_64-linux-gnu/libgradle-fileevents.so
7ff134336000-7ff134337000 rw-p 0008a000 fe:00 263533                     /root/.gradle/native/0.2.8/x86_64-linux-gnu/libgradle-fileevents.so
7ff134337000-7ff134339000 rw-p 00000000 00:00 0 
7ff134339000-7ff134346000 r-xp 00000000 fe:00 394882                     /opt/jdk-21.0.5+11/lib/libverify.so
7ff134346000-7ff134348000 r--p 0000c000 fe:00 394882                     /opt/jdk-21.0.5+11/lib/libverify.so
7ff134348000-7ff134349000 rw-p 0000e000 fe:00 394882                     /opt/jdk-21.0.5+11/lib/libverify.so
7ff134349000-7ff13434a000 ---p 00000000 00:00 0 
7ff13434a000-7ff13444a000 rw-p 00000000 00:00 0 
7ff13444a000-7ff13444b000 ---p 00000000 00:00 0 
7ff13444b000-7ff13444f000 ---p 00000000 00:00 0 
7ff13444f000-7ff13454b000 rw-p 00000000 00:00 0 
7ff13454b000-7ff134557000 r-xp 00000000 fe:00 394861                     /opt/jdk-21.0.5+11/lib/libnet.so
7ff134557000-7ff134558000 r--p 0000b000 fe:00 394861                     /opt/jdk-21.0.5+11/lib/libnet.so
7ff134558000-7ff134559000 rw-p 0000c000 fe:00 394861                     /opt/jdk-21.0.5+11/lib/libnet.so
7ff134559000-7ff13456d000 r-xp 00000000 fe:00 394889                     /opt/jdk-21.0.5+11/lib/libnio.so
7ff13456d000-7ff13456e000 r--p 00013000 fe:00 394889                     /opt/jdk-21.0.5+11/lib/libnio.so
7ff13456e000-7ff13456f000 rw-p 00014000 fe:00 394889                     /opt/jdk-21.0.5+11/lib/libnio.so
7ff13456f000-7ff13458a000 r-xp 00000000 fe:00 394829                     /opt/jdk-21.0.5+11/lib/libzip.so
7ff13458a000-7ff13458b000 r--p 0001a000 fe:00 394829                     /opt/jdk-21.0.5+11/lib/libzip.so
7ff13458b000-7ff13458c000 rw-p 0001b000 fe:00 394829                     /opt/jdk-21.0.5+11/lib/libzip.so
7ff13458c000-7ff13458d000 ---p 00000000 00:00 0 
7ff13458d000-7ff134591000 ---p 00000000 00:00 0 
7ff134591000-7ff13468d000 rw-p 00000000 00:00 0 
7ff13468d000-7ff13475b000 r-xp 00000000 fe:00 394856                     /opt/jdk-21.0.5+11/lib/libjsvml.so
7ff13475b000-7ff13475c000 r--p 000cd000 fe:00 394856                     /opt/jdk-21.0.5+11/lib/libjsvml.so
7ff13475c000-7ff13475d000 rw-p 000ce000 fe:00 394856                     /opt/jdk-21.0.5+11/lib/libjsvml.so
7ff13475d000-7ff13475e000 ---p 00000000 00:00 0 
7ff13475e000-7ff134762000 ---p 00000000 00:00 0 
7ff134762000-7ff13485e000 rw-p 00000000 00:00 0 
7ff13485e000-7ff13485f000 ---p 00000000 00:00 0 
7ff13485f000-7ff134863000 ---p 00000000 00:00 0 
7ff134863000-7ff13495f000 rw-p 00000000 00:00 0 
7ff13495f000-7ff134960000 ---p 00000000 00:00 0 
7ff134960000-7ff134964000 ---p 00000000 00:00 0 
7ff134964000-7ff134a60000 rw-p 00000000 00:00 0 
7ff134a60000-7ff134a61000 ---p 00000000 00:00 0 
7ff134a61000-7ff134a65000 ---p 00000000 00:00 0 
7ff134a65000-7ff134b61000 rw-p 00000000 00:00 0 
7ff134b61000-7ff134b62000 ---p 00000000 00:00 0 
7ff134b62000-7ff134b66000 ---p 00000000 00:00 0 
7ff134b66000-7ff134c62000 rw-p 00000000 00:00 0 
7ff134c62000-7ff134c63000 ---p 00000000 00:00 0 
7ff134c63000-7ff134c67000 ---p 00000000 00:00 0 
7ff134c67000-7ff134d63000 rw-p 00000000 00:00 0 
7ff134d63000-7ff134d64000 ---p 00000000 00:00 0 
7ff134d64000-7ff134d68000 ---p 00000000 00:00 0 
7ff134d68000-7ff134e64000 rw-p 00000000 00:00 0 
7ff134e64000-7ff134ebb000 r--p 00000000 00:25 13882                      /usr/lib/locale/C.utf8/LC_CTYPE
7ff134ebb000-7ff134ebc000 r--p 00000000 00:25 13888                      /usr/lib/locale/C.utf8/LC_NUMERIC
7ff134ebc000-7ff134ebd000 r--p 00000000 00:25 13891                      /usr/lib/locale/C.utf8/LC_TIME
7ff134ebd000-7ff134ebe000 r--p 00000000 00:25 13881                      /usr/lib/locale/C.utf8/LC_COLLATE
7ff134ebe000-7ff134ebf000 r--p 00000000 00:25 13886                      /usr/lib/locale/C.utf8/LC_MONETARY
7ff134ebf000-7ff134ec0000 r--p 00000000 00:25 13885                      /usr/lib/locale/C.utf8/LC_MESSAGES/SYS_LC_MESSAGES
7ff134ec0000-7ff134ec1000 r--p 00000000 00:25 13889                      /usr/lib/locale/C.utf8/LC_PAPER
7ff134ec1000-7ff134ec2000 r--p 00000000 00:25 13887                      /usr/lib/locale/C.utf8/LC_NAME
7ff134ec2000-7ff134ec9000 r--s 00000000 00:25 17572                      /usr/lib/x86_64-linux-gnu/gconv/gconv-modules.cache
7ff134ec9000-7ff134eca000 ---p 00000000 00:00 0 
7ff134eca000-7ff134fca000 rw-p 00000000 00:00 0 
7ff134fca000-7ff134fcb000 ---p 00000000 00:00 0 
7ff134fcb000-7ff1351e8000 rw-p 00000000 00:00 0 
7ff1351e8000-7ff1351e9000 ---p 00000000 00:00 0 
7ff1351e9000-7ff1352e9000 rw-p 00000000 00:00 0 
7ff1352e9000-7ff1352ea000 ---p 00000000 00:00 0 
7ff1352ea000-7ff1355ec000 rw-p 00000000 00:00 0 
7ff1355ec000-7ff1355ed000 ---p 00000000 00:00 0 
7ff1355ed000-7ff1356ed000 rw-p 00000000 00:00 0 
7ff1356ed000-7ff1356ee000 ---p 00000000 00:00 0 
7ff1356ee000-7ff1357ee000 rw-p 00000000 00:00 0 
7ff1357ee000-7ff1357ef000 ---p 00000000 00:00 0 
7ff1357ef000-7ff135af9000 rw-p 00000000 00:00 0 
7ff135af9000-7ff1360e9000 ---p 00000000 00:00 0 
7ff1360e9000-7ff136140000 rw-p 00000000 00:00 0 
7ff136140000-7ff1361fe000 ---p 00000000 00:00 0 
7ff1361fe000-7ff136240000 rw-p 00000000 00:00 0 
7ff136240000-7ff1362fe000 ---p 00000000 00:00 0 
7ff1362fe000-7ff13650c000 rw-p 00000000 00:00 0 
7ff13650c000-7ff1365ee000 ---p 00000000 00:00 0 
7ff1365ee000-7ff136612000 rw-p 00000000 00:00 0 
7ff136612000-7ff1366d9000 ---p 00000000 00:00 0 
7ff1366d9000-7ff1366de000 rw-p 00000000 00:00 0 
7ff1366de000-7ff1366e5000 ---p 00000000 00:00 0 
7ff1366e5000-7ff1366ed000 rw-s 00000000 fe:00 265819                     /tmp/hsperfdata_root/10349
7ff1366ed000-7ff13670d000 r-xp 00000000 fe:00 394888                     /opt/jdk-21.0.5+11/lib/libjava.so
7ff13670d000-7ff13670e000 ---p 00020000 fe:00 394888                     /opt/jdk-21.0.5+11/lib/libjava.so
7ff13670e000-7ff13670f000 r--p 00020000 fe:00 394888                     /opt/jdk-21.0.5+11/lib/libjava.so
7ff13670f000-7ff136710000 rw-p 00021000 fe:00 394888                     /opt/jdk-21.0.5+11/lib/libjava.so
7ff136710000-7ff136711000 rw-p 00000000 00:00 0 
7ff136711000-7ff13671b000 r-xp 00000000 fe:00 394879                     /opt/jdk-21.0.5+11/lib/libinstrument.so
7ff13671b000-7ff13671c000 ---p 0000a000 fe:00 394879                     /opt/jdk-21.0.5+11/lib/libinstrument.so
7ff13671c000-7ff13671d000 r--p 0000a000 fe:00 394879                     /opt/jdk-21.0.5+11/lib/libinstrument.so
7ff13671d000-7ff13671e000 rw-p 0000b000 fe:00 394879                     /opt/jdk-21.0.5+11/lib/libinstrument.so
7ff13671e000-7ff136739000 r-xp 00000000 fe:00 394836                     /opt/jdk-21.0.5+11/lib/libjimage.so
7ff136739000-7ff13673a000 ---p 0001b000 fe:00 394836                     /opt/jdk-21.0.5+11/lib/libjimage.so
7ff13673a000-7ff13673c000 r--p 0001b000 fe:00 394836                     /opt/jdk-21.0.5+11/lib/libjimage.so
7ff13673c000-7ff13673d000 rw-p 0001d000 fe:00 394836                     /opt/jdk-21.0.5+11/lib/libjimage.so
7ff13673d000-7ff136741000 ---p 00000000 00:00 0 
7ff136741000-7ff13683d000 rw-p 00000000 00:00 0 
7ff13683d000-7ff13684d000 r--p 00000000 00:25 18057                      /usr/lib/x86_64-linux-gnu/libm.so.6
7ff13684d000-7ff1368c1000 r-xp 00010000 00:25 18057                      /usr/lib/x86_64-linux-gnu/libm.so.6
7ff1368c1000-7ff13691b000 r--p 00084000 00:25 18057                      /usr/lib/x86_64-linux-gnu/libm.so.6
7ff13691b000-7ff13691c000 r--p 000dd000 00:25 18057                      /usr/lib/x86_64-linux-gnu/libm.so.6
7ff13691c000-7ff13691d000 rw-p 000de000 00:25 18057                      /usr/lib/x86_64-linux-gnu/libm.so.6
7ff13691d000-7ff13691e000 r--p 00000000 00:25 18172                      /usr/lib/x86_64-linux-gnu/librt.so.1
7ff13691e000-7ff13691f000 r-xp 00001000 00:25 18172                      /usr/lib/x86_64-linux-gnu/librt.so.1
7ff13691f000-7ff136920000 r--p 00002000 00:25 18172                      /usr/lib/x86_64-linux-gnu/librt.so.1
7ff136920000-7ff136921000 r--p 00002000 00:25 18172                      /usr/lib/x86_64-linux-gnu/librt.so.1
7ff136921000-7ff136922000 rw-p 00003000 00:25 18172                      /usr/lib/x86_64-linux-gnu/librt.so.1
7ff136922000-7ff137d36000 r-xp 00000000 fe:00 394848                     /opt/jdk-21.0.5+11/lib/server/libjvm.so
7ff137d36000-7ff137d37000 ---p 01414000 fe:00 394848                     /opt/jdk-21.0.5+11/lib/server/libjvm.so
7ff137d37000-7ff137e0b000 r--p 01414000 fe:00 394848                     /opt/jdk-21.0.5+11/lib/server/libjvm.so
7ff137e0b000-7ff137e3b000 rw-p 014e8000 fe:00 394848                     /opt/jdk-21.0.5+11/lib/server/libjvm.so
7ff137e3b000-7ff137ea3000 rw-p 00000000 00:00 0 
7ff137ea3000-7ff137ec9000 r--p 00000000 00:25 17847                      /usr/lib/x86_64-linux-gnu/libc.so.6
7ff137ec9000-7ff13801f000 r-xp 00026000 00:25 17847                      /usr/lib/x86_64-linux-gnu/libc.so.6
7ff13801f000-7ff138072000 r--p 0017c000 00:25 17847                      /usr/lib/x86_64-linux-gnu/libc.so.6
7ff138072000-7ff138076000 r--p 001cf000 00:25 17847                      /usr/lib/x86_64-linux-gnu/libc.so.6
7ff138076000-7ff138078000 rw-p 001d3000 00:25 17847                      /usr/lib/x86_64-linux-gnu/libc.so.6
7ff138078000-7ff138085000 rw-p 00000000 00:00 0 
7ff138085000-7ff138086000 r--p 00000000 00:25 17896                      /usr/lib/x86_64-linux-gnu/libdl.so.2
7ff138086000-7ff138087000 r-xp 00001000 00:25 17896                      /usr/lib/x86_64-linux-gnu/libdl.so.2
7ff138087000-7ff138088000 r--p 00002000 00:25 17896                      /usr/lib/x86_64-linux-gnu/libdl.so.2
7ff138088000-7ff138089000 r--p 00002000 00:25 17896                      /usr/lib/x86_64-linux-gnu/libdl.so.2
7ff138089000-7ff13808a000 rw-p 00003000 00:25 17896                      /usr/lib/x86_64-linux-gnu/libdl.so.2
7ff13808a000-7ff13808b000 r--p 00000000 00:25 18147                      /usr/lib/x86_64-linux-gnu/libpthread.so.0
7ff13808b000-7ff13808c000 r-xp 00001000 00:25 18147                      /usr/lib/x86_64-linux-gnu/libpthread.so.0
7ff13808c000-7ff13808d000 r--p 00002000 00:25 18147                      /usr/lib/x86_64-linux-gnu/libpthread.so.0
7ff13808d000-7ff13808e000 r--p 00002000 00:25 18147                      /usr/lib/x86_64-linux-gnu/libpthread.so.0
7ff13808e000-7ff13808f000 rw-p 00003000 00:25 18147                      /usr/lib/x86_64-linux-gnu/libpthread.so.0
7ff13808f000-7ff138090000 r--p 00000000 00:25 13880                      /usr/lib/locale/C.utf8/LC_ADDRESS
7ff138090000-7ff138091000 r--p 00000000 00:25 13890                      /usr/lib/locale/C.utf8/LC_TELEPHONE
7ff138091000-7ff138092000 r--p 00000000 00:25 13884                      /usr/lib/locale/C.utf8/LC_MEASUREMENT
7ff138092000-7ff138093000 r--p 00000000 00:25 13883                      /usr/lib/locale/C.utf8/LC_IDENTIFICATION
7ff138093000-7ff138094000 ---p 00000000 00:00 0 
7ff138094000-7ff138095000 r--p 00000000 00:00 0 
7ff138095000-7ff138096000 ---p 00000000 00:00 0 
7ff138096000-7ff1380af000 r-xp 00000000 fe:00 394863                     /opt/jdk-21.0.5+11/lib/libjli.so
7ff1380af000-7ff1380b0000 r--p 00018000 fe:00 394863                     /opt/jdk-21.0.5+11/lib/libjli.so
7ff1380b0000-7ff1380b1000 rw-p 00019000 fe:00 394863                     /opt/jdk-21.0.5+11/lib/libjli.so
7ff1380b1000-7ff1380b3000 rw-p 00000000 00:00 0 
7ff1380b3000-7ff1380b4000 r--p 00000000 00:25 17633                      /usr/lib/x86_64-linux-gnu/ld-linux-x86-64.so.2
7ff1380b4000-7ff1380da000 r-xp 00001000 00:25 17633                      /usr/lib/x86_64-linux-gnu/ld-linux-x86-64.so.2
7ff1380da000-7ff1380e4000 r--p 00027000 00:25 17633                      /usr/lib/x86_64-linux-gnu/ld-linux-x86-64.so.2
7ff1380e4000-7ff1380e6000 r--p 00031000 00:25 17633                      /usr/lib/x86_64-linux-gnu/ld-linux-x86-64.so.2
7ff1380e6000-7ff1380e8000 rw-p 00033000 00:25 17633                      /usr/lib/x86_64-linux-gnu/ld-linux-x86-64.so.2
7ffd51cf0000-7ffd51d11000 rw-p 00000000 00:00 0                          [stack]
7ffd51df7000-7ffd51dfa000 r--p 00000000 00:00 0                          [vvar]
7ffd51dfa000-7ffd51dfc000 r-xp 00000000 00:00 0                          [vdso]
ffffffffff600000-ffffffffff601000 r-xp 00000000 00:00 0                  [vsyscall]
Total number of mappings: 374


VM Arguments:
jvm_args: --add-opens=java.base/java.lang=ALL-UNNAMED --add-opens=java.base/java.lang.invoke=ALL-UNNAMED --add-opens=java.base/java.util=ALL-UNNAMED --add-opens=java.prefs/java.util.prefs=ALL-UNNAMED --add-exports=jdk.compiler/com.sun.tools.javac.api=ALL-UNNAMED --add-exports=jdk.compiler/com.sun.tools.javac.util=ALL-UNNAMED --add-opens=java.base/java.util=ALL-UNNAMED --add-opens=java.prefs/java.util.prefs=ALL-UNNAMED --add-opens=java.base/java.nio.charset=ALL-UNNAMED --add-opens=java.base/java.net=ALL-UNNAMED --add-opens=java.base/java.util.concurrent=ALL-UNNAMED --add-opens=java.base/java.util.concurrent.atomic=ALL-UNNAMED --add-opens=java.xml/javax.xml.namespace=ALL-UNNAMED --add-opens=java.base/java.time=ALL-UNNAMED -XX:MaxMetaspaceSize=256M -Xmx512M -Dfile.encoding=UTF-8 -Djava.io.tmpdir=/tmp/gradle_tmp -Duser.country -Duser.language=en -Duser.variant -javaagent:/root/.gradle/wrapper/dists/gradle-9.2.1-bin/2t0n5ozlw9xmuyvbp7dnzaxug/gradle-9.2.1/lib/agents/gradle-instrumentation-agent-9.2.1.jar 
java_command: org.gradle.launcher.daemon.bootstrap.GradleDaemon 9.2.1
java_class_path (initial): /root/.gradle/wrapper/dists/gradle-9.2.1-bin/2t0n5ozlw9xmuyvbp7dnzaxug/gradle-9.2.1/lib/gradle-daemon-main-9.2.1.jar
Launcher Type: SUN_STANDARD

[Global flags]
     intx CICompilerCount                          = 2                                         {product} {ergonomic}
   size_t CompressedClassSpaceSize                 = 218103808                                 {product} {ergonomic}
     uint ConcGCThreads                            = 1                                         {product} {ergonomic}
     uint G1ConcRefinementThreads                  = 2                                         {product} {ergonomic}
   size_t G1HeapRegionSize                         = 1048576                                   {product} {ergonomic}
    uintx GCDrainStackTargetSize                   = 64                                        {product} {ergonomic}
   size_t InitialHeapSize                          = 33554432                                  {product} {ergonomic}
   size_t MarkStackSize                            = 4194304                                   {product} {ergonomic}
   size_t MaxHeapSize                              = 536870912                                 {product} {command line}
   size_t MaxMetaspaceSize                         = 268435456                                 {product} {command line}
   size_t MaxNewSize                               = 321912832                                 {product} {ergonomic}
   size_t MinHeapDeltaBytes                        = 1048576                                   {product} {ergonomic}
   size_t MinHeapSize                              = 8388608                                   {product} {ergonomic}
    uintx NonNMethodCodeHeapSize                   = 5826188                                {pd product} {ergonomic}
    uintx NonProfiledCodeHeapSize                  = 122916026                              {pd product} {ergonomic}
    uintx ProfiledCodeHeapSize                     = 122916026                              {pd product} {ergonomic}
    uintx ReservedCodeCacheSize                    = 251658240                              {pd product} {ergonomic}
     bool SegmentedCodeCache                       = true                                      {product} {ergonomic}
   size_t SoftMaxHeapSize                          = 536870912                              {manageable} {ergonomic}
     bool UseCompressedOops                        = true                           {product lp64_product} {ergonomic}
     bool UseG1GC                                  = true                                      {product} {ergonomic}

Logging:
Log output configuration:
 #0: stdout all=warning uptime,level,tags foldmultilines=false
 #1: stderr all=off uptime,level,tags foldmultilines=false

Environment Variables:
JAVA_HOME=/opt/jdk-21.0.5+11
PATH=/opt/jdk-21.0.5+11/bin:/opt/jdk-21.0.5+11/bin:/opt/jdk-21.0.5+11/bin:/opt/jdk-21.0.5+11/bin:/opt/jdk-21/bin:/opt/jdk-21/bin:/opt/jdk-21/bin:/opt/jdk-21/bin:/opt/jdk-21/bin:/usr/local/sbin:/usr/local/bin:/usr/sbin:/usr/bin:/sbin:/bin
SHELL=/bin/bash
LANG=C.UTF-8
LC_ALL=C.UTF-8
TERM=tmux-256color

Active Locale:
LC_ALL=C.UTF-8
LC_COLLATE=C.UTF-8
LC_CTYPE=C.UTF-8
LC_MESSAGES=C.UTF-8
LC_MONETARY=C.UTF-8
LC_NUMERIC=C.UTF-8
LC_TIME=C.UTF-8

Signal Handlers:
   SIGSEGV: crash_handler in libjvm.so, mask=11100100010111111101111111111110, flags=SA_RESTART|SA_SIGINFO, unblocked
    SIGBUS: crash_handler in libjvm.so, mask=11100100010111111101111111111110, flags=SA_RESTART|SA_SIGINFO, unblocked
    SIGFPE: crash_handler in libjvm.so, mask=11100100010111111101111111111110, flags=SA_RESTART|SA_SIGINFO, unblocked
   SIGPIPE: javaSignalHandler in libjvm.so, mask=11100100010111111101111111111110, flags=SA_RESTART|SA_SIGINFO, unblocked
   SIGXFSZ: javaSignalHandler in libjvm.so, mask=11100100010111111101111111111110, flags=SA_RESTART|SA_SIGINFO, unblocked
    SIGILL: crash_handler in libjvm.so, mask=11100100010111111101111111111110, flags=SA_RESTART|SA_SIGINFO, unblocked
   SIGUSR2: SR_handler in libjvm.so, mask=00000000000000000000000000000000, flags=SA_RESTART|SA_SIGINFO, unblocked
    SIGHUP: UserHandler in libjvm.so, mask=11100100010111111101111111111110, flags=SA_RESTART|SA_SIGINFO, unblocked
    SIGINT: UserHandler in libjvm.so, mask=11100100010111111101111111111110, flags=SA_RESTART|SA_SIGINFO, unblocked
   SIGTERM: UserHandler in libjvm.so, mask=11100100010111111101111111111110, flags=SA_RESTART|SA_SIGINFO, unblocked
   SIGQUIT: UserHandler in libjvm.so, mask=11100100010111111101111111111110, flags=SA_RESTART|SA_SIGINFO, unblocked
   SIGTRAP: crash_handler in libjvm.so, mask=11100100010111111101111111111110, flags=SA_RESTART|SA_SIGINFO, unblocked


Periodic native trim disabled

---------------  S Y S T E M  ---------------

OS:
PRETTY_NAME="Debian GNU/Linux 12 (bookworm)"
NAME="Debian GNU/Linux"
VERSION_ID="12"
VERSION="12 (bookworm)"
VERSION_CODENAME=bookworm
ID=debian
HOME_URL="https://www.debian.org/"
SUPPORT_URL="https://www.debian.org/support"
BUG_REPORT_URL="https://bugs.debian.org/"
uname: Linux 4.19.91-c8dfc93.al7.x86_64 #1 SMP Tue Sep 26 10:25:51 UTC 2023 x86_64
OS uptime: 0 days 2:18 hours
libc: glibc 2.36 NPTL 2.36 
rlimit (soft/hard): STACK 8192k/infinity , CORE 0k/0k , NPROC 100000/100000 , NOFILE 100000/100000 , AS infinity/infinity , CPU infinity/infinity , DATA infinity/infinity , FSIZE infinity/infinity , MEMLOCK 64k/64k
load average: 2.25 0.83 0.34

/proc/meminfo:
MemTotal:        2152516 kB
MemFree:           28344 kB
MemAvailable:       6016 kB
Buffers:             116 kB
Cached:             9416 kB
SwapCached:            0 kB
Active:          2035716 kB
Inactive:           9080 kB
Active(anon):    2035372 kB
Inactive(anon):       16 kB
Active(file):        344 kB
Inactive(file):     9064 kB
Unevictable:           0 kB
Mlocked:               0 kB
SwapTotal:             0 kB
SwapFree:              0 kB
Dirty:               120 kB
Writeback:             0 kB
AnonPages:       2035352 kB
Mapped:             5796 kB
Shmem:                36 kB
Slab:              27732 kB
SReclaimable:      13440 kB
SUnreclaim:        14292 kB
KernelStack:        4080 kB
PageTables:         6816 kB
NFS_Unstable:          0 kB
Bounce:                0 kB
WritebackTmp:          0 kB
CommitLimit:     1076256 kB
Committed_AS:    2333180 kB
VmallocTotal:   34359738367 kB
VmallocUsed:           0 kB
VmallocChunk:          0 kB
Percpu:              392 kB
AnonHugePages:    544768 kB
ShmemHugePages:        0 kB
ShmemPmdMapped:        0 kB
HugePages_Total:       0
HugePages_Free:        0
HugePages_Rsvd:        0
HugePages_Surp:        0
Hugepagesize:       2048 kB
Hugetlb:               0 kB
DirectMap4k:        8192 kB
DirectMap2M:     2523136 kB
DirectMap1G:           0 kB

/sys/kernel/mm/transparent_hugepage/enabled: [always] madvise never
/sys/kernel/mm/transparent_hugepage/hpage_pmd_size: 2097152
/sys/kernel/mm/transparent_hugepage/defrag (defrag/compaction efforts parameter): always defer defer+madvise madvise [never]

Process Memory:
Virtual Size: 2367696K (peak: 2393424K)
Resident Set Size: 345220K (peak: 345280K) (anon: 345220K, file: 0K, shmem: 0K)
Swapped out: 0K
C-Heap outstanding allocations: 78031K, retained: 24772K
glibc malloc tunables: (default)

/proc/sys/kernel/threads-max (system-wide limit on the number of threads): 1129
/proc/sys/vm/max_map_count (maximum number of memory map areas a process may have): 65530
/proc/sys/vm/swappiness (control to define how aggressively the kernel swaps out anonymous memory): 60
/proc/sys/kernel/pid_max (system-wide limit on number of process identifiers): 32768

container (cgroup) information:
container_type: cgroupv1
cpu_cpuset_cpus: 0-1
cpu_memory_nodes: 0
active_processor_count: 2
cpu_quota: no quota
cpu_period: 100000
cpu_shares: 12288
memory_limit_in_bytes: 2097152 k
memory_and_swap_limit_in_bytes: unlimited
memory_soft_limit_in_bytes: unlimited
memory_usage_in_bytes: 2059660 k
memory_max_usage_in_bytes: 2065440 k
kernel_memory_usage_in_bytes: 24772 k
kernel_memory_max_usage_in_bytes: unlimited
kernel_memory_limit_in_bytes: 60200 k
maximum number of tasks: unlimited
current number of tasks: 180

KVM virtualization detected
Steal ticks since vm start: 2512
Steal ticks percentage since vm start:  0.370

CPU: total 2 (initial active 2) (2 cores per cpu, 1 threads per core) family 6 model 85 stepping 7 microcode 0x1, cx8, cmov, fxsr, mmx, 3dnowpref, sse, sse2, sse3, ssse3, sse4.1, sse4.2, popcnt, lzcnt, tsc, tscinvbit, avx, avx2, aes, erms, clmul, bmi1, bmi2, adx, avx512f, avx512dq, avx512cd, avx512bw, avx512vl, fma, vzeroupper, avx512_vnni, clflush, clflushopt, clwb, hv, rdtscp, f16c
CPU Model and flags from /proc/cpuinfo:
model name	: Intel(R) Xeon(R) Processor @ 2.50GHz
flags		: fpu vme de pse tsc msr pae mce cx8 apic sep mtrr pge mca cmov pat pse36 clflush mmx fxsr sse sse2 ss ht syscall nx pdpe1gb rdtscp lm constant_tsc rep_good nopl xtopology nonstop_tsc cpuid tsc_known_freq pni pclmulqdq ssse3 fma cx16 pcid sse4_1 sse4_2 x2apic movbe popcnt tsc_deadline_timer aes xsave avx f16c rdrand hypervisor lahf_lm abm 3dnowprefetch cpuid_fault invpcid_single ssbd ibrs ibpb stibp ibrs_enhanced fsgsbase tsc_adjust bmi1 avx2 smep bmi2 erms invpcid mpx avx512f avx512dq rdseed adx smap clflushopt clwb avx512cd avx512bw avx512vl xsaveopt xsavec xgetbv1 xsaves umip avx512_vnni md_clear arch_capabilities

Online cpus: 0-1
Offline cpus: 
BIOS frequency limitation: <Not Available>
Frequency switch latency (ns): <Not Available>
Available cpu frequencies: <Not Available>
Current governor: <Not Available>
Core performance/turbo boost: <Not Available>

Memory: 4k page, physical 2097152k(40240k free), swap 0k(0k free)
Page Sizes: 4k

vm_info: OpenJDK 64-Bit Server VM (21.0.5+11-LTS) for linux-amd64 JRE (21.0.5+11-LTS), built on 2024-10-15T00:00:00Z by "admin" with gcc 11.3.0

END.
