#
# There is insufficient memory for the Java Runtime Environment to continue.
# Native memory allocation (mmap) failed to map 30408704 bytes. Error detail: committing reserved memory.
# Possible reasons:
#   The system is out of physical RAM or swap space
#   This process is running with CompressedOops enabled, and the Java Heap may be blocking the growth of the native heap
# Possible solutions:
#   Reduce memory load on the system
#   Increase physical memory or swap space
#   Check if swap backing store is full
#   Decrease Java heap size (-Xmx/-Xms)
#   Decrease number of Java threads
#   Decrease Java thread stack sizes (-Xss)
#   Set larger code cache with -XX:ReservedCodeCacheSize=
#   JVM is running with Unscaled Compressed Oops mode in which the Java heap is
#     placed in the first 4GB address space. The Java Heap base address is the
#     maximum limit for the native heap growth. Please use -XX:HeapBaseMinAddress
#     to set the Java Heap base and to place the Java Heap above 4GB virtual address.
# This output file may be truncated or incomplete.
#
#  Out of Memory Error (os_linux.cpp:2793), pid=10707, tid=10718
#
# JRE version: OpenJDK Runtime Environment Temurin-21.0.5+11 (21.0.5+11) (build 21.0.5+11-LTS)
# Java VM: OpenJDK 64-Bit Server VM Temurin-21.0.5+11 (21.0.5+11-LTS, mixed mode, sharing, tiered, compressed oops, compressed class ptrs, g1 gc, linux-amd64)
# No core dump will be written. Core dumps have been disabled. To enable core dumping, try "ulimit -c unlimited" before starting Java again
#

---------------  S U M M A R Y ------------

Command Line: --add-opens=java.base/java.lang=ALL-UNNAMED --add-opens=java.base/java.lang.invoke=ALL-UNNAMED --add-opens=java.base/java.util=ALL-UNNAMED --add-opens=java.prefs/java.util.prefs=ALL-UNNAMED --add-exports=jdk.compiler/com.sun.tools.javac.api=ALL-UNNAMED --add-exports=jdk.compiler/com.sun.tools.javac.util=ALL-UNNAMED --add-opens=java.base/java.util=ALL-UNNAMED --add-opens=java.prefs/java.util.prefs=ALL-UNNAMED --add-opens=java.base/java.nio.charset=ALL-UNNAMED --add-opens=java.base/java.net=ALL-UNNAMED --add-opens=java.base/java.util.concurrent=ALL-UNNAMED --add-opens=java.base/java.util.concurrent.atomic=ALL-UNNAMED --add-opens=java.xml/javax.xml.namespace=ALL-UNNAMED --add-opens=java.base/java.time=ALL-UNNAMED -XX:MaxMetaspaceSize=256M -Xmx512M -Dfile.encoding=UTF-8 -Djava.io.tmpdir=/tmp/gradle_tmp -Duser.country -Duser.language=en -Duser.variant -javaagent:/root/.gradle/wrapper/dists/gradle-9.2.1-bin/2t0n5ozlw9xmuyvbp7dnzaxug/gradle-9.2.1/lib/agents/gradle-instrumentation-agent-9.2.1.jar org.gradle.launcher.daemon.bootstrap.GradleDaemon 9.2.1

Host: Intel(R) Xeon(R) Processor @ 2.50GHz, 2 cores, 2G, Debian GNU/Linux 12 (bookworm)
Time: Mon Aug 24 13:29:16 2026 UTC elapsed time: 28.414552 seconds (0d 0h 0m 28s)

---------------  T H R E A D  ---------------

Current thread (0x00007f05680a9040):  VMThread "VM Thread"          [id=10718, stack(0x00007f056c60c000,0x00007f056c70c000) (1024K)]

Stack: [0x00007f056c60c000,0x00007f056c70c000],  sp=0x00007f056c709ff0,  free space=1015k
Native frames: (J=compiled Java code, j=interpreted, Vv=VM code, C=native code)
V  [libjvm.so+0x100be58]  VMError::report_and_die(int, char const*, char const*, __va_list_tag*, Thread*, unsigned char*, void*, void*, char const*, int, unsigned long)+0x2b8  (os_linux.cpp:2793)
V  [libjvm.so+0x100c84d]
V  [libjvm.so+0x6bc10f]
V  [libjvm.so+0xd05754]  os::pd_commit_memory_or_exit(char*, unsigned long, unsigned long, bool, char const*)+0xd4
V  [libjvm.so+0xcfeb5d]  os::commit_memory_or_exit(char*, unsigned long, unsigned long, bool, char const*)+0x1d
V  [libjvm.so+0x81566b]  G1PageBasedVirtualSpace::commit(unsigned long, unsigned long)+0xfb
V  [libjvm.so+0x82b8df]  G1RegionsLargerThanCommitSizeMapper::commit_regions(unsigned int, unsigned long, WorkerThreads*)+0x9f
V  [libjvm.so+0x8bba65]  HeapRegionManager::commit_regions(unsigned int, unsigned long, WorkerThreads*)+0x55
V  [libjvm.so+0x8bd6d2]  HeapRegionManager::expand(unsigned int, unsigned int, WorkerThreads*)+0x32
V  [libjvm.so+0x8bd8fe]  HeapRegionManager::expand_by(unsigned int, WorkerThreads*)+0x7e
V  [libjvm.so+0x7cf9df]  G1CollectedHeap::expand(unsigned long, WorkerThreads*, double*)+0xff
V  [libjvm.so+0x7d1d91]  G1CollectedHeap::resize_heap_if_necessary()+0x41
V  [libjvm.so+0x7db72a]  G1ConcurrentMark::remark()+0x3ca
V  [libjvm.so+0x84f8e7]  VM_G1PauseConcurrent::doit()+0x197
V  [libjvm.so+0x1012267]  VM_Operation::evaluate()+0x107
V  [libjvm.so+0x10156df]  VMThread::evaluate_operation(VM_Operation*)+0x13f
V  [libjvm.so+0x1016467]  VMThread::inner_execute(VM_Operation*)+0x357
V  [libjvm.so+0x1016767]  VMThread::run()+0xb7
V  [libjvm.so+0xf7eeb8]  Thread::call_run()+0xa8
V  [libjvm.so+0xd08a8a]  thread_native_entry(Thread*)+0xda
VM_Operation (0x00007f056cf2ebf0): G1PauseRemark, mode: safepoint, requested by thread 0x00007f056805ecf0


---------------  P R O C E S S  ---------------

Threads class SMR info:
_java_thread_list=0x00007f05340e4bd0, length=52, elements={
0x00007f056802e0a0, 0x00007f05680b38a0, 0x00007f05680b4e00, 0x00007f05680b6580,
0x00007f05680b7bb0, 0x00007f05680b9140, 0x00007f05680bac70, 0x00007f05680bc320,
0x00007f05680cd5b0, 0x00007f0568187ec0, 0x00007f05692f0650, 0x00007f0569389420,
0x00007f05693ba290, 0x00007f05100154f0, 0x00007f05180020c0, 0x00007f0518008360,
0x00007f051800a670, 0x00007f0538004350, 0x00007f0538006a20, 0x00007f0538014680,
0x00007f0538224a20, 0x00007f0538229ff0, 0x00007f05382c6580, 0x00007f0538963af0,
0x00007f053896a520, 0x00007f0538b9d890, 0x00007f0538bc4cd0, 0x00007f0538cb7ba0,
0x00007f0538cf5440, 0x00007f0538fa30a0, 0x00007f05390a9320, 0x00007f0539462f20,
0x00007f0539480bc0, 0x00007f053949f610, 0x00007f053969c030, 0x00007f0539a5caf0,
0x00007f0539b1f960, 0x00007f0539b5df30, 0x00007f0539b95100, 0x00007f0538d3c3b0,
0x00007f0508d03cc0, 0x00007f0504004db0, 0x00007f0504006080, 0x00007f051001dd00,
0x00007f0508412740, 0x00007f050c011780, 0x00007f05383972f0, 0x00007f05383a2670,
0x00007f053401d9f0, 0x00007f053403d4e0, 0x00007f05340a8d80, 0x00007f05340e4030
}

Java Threads: ( => current thread )
  0x00007f056802e0a0 JavaThread "main"                              [_thread_blocked, id=10708, stack(0x00007f056de7f000,0x00007f056df7f000) (1024K)]
  0x00007f05680b38a0 JavaThread "Reference Handler"          daemon [_thread_blocked, id=10720, stack(0x00007f056c4a6000,0x00007f056c5a6000) (1024K)]
  0x00007f05680b4e00 JavaThread "Finalizer"                  daemon [_thread_blocked, id=10721, stack(0x00007f056c3a5000,0x00007f056c4a5000) (1024K)]
  0x00007f05680b6580 JavaThread "Signal Dispatcher"          daemon [_thread_blocked, id=10722, stack(0x00007f056c2a4000,0x00007f056c3a4000) (1024K)]
  0x00007f05680b7bb0 JavaThread "Service Thread"             daemon [_thread_blocked, id=10723, stack(0x00007f056c1a3000,0x00007f056c2a3000) (1024K)]
  0x00007f05680b9140 JavaThread "Monitor Deflation Thread"   daemon [_thread_blocked, id=10724, stack(0x00007f056c0a2000,0x00007f056c1a2000) (1024K)]
  0x00007f05680bac70 JavaThread "C2 CompilerThread0"         daemon [_thread_blocked, id=10725, stack(0x00007f055079d000,0x00007f055089d000) (1024K)]
  0x00007f05680bc320 JavaThread "C1 CompilerThread0"         daemon [_thread_blocked, id=10726, stack(0x00007f055069c000,0x00007f055079c000) (1024K)]
  0x00007f05680cd5b0 JavaThread "Common-Cleaner"             daemon [_thread_blocked, id=10727, stack(0x00007f05504cb000,0x00007f05505cb000) (1024K)]
  0x00007f0568187ec0 JavaThread "Notification Thread"        daemon [_thread_blocked, id=10728, stack(0x00007f05503ca000,0x00007f05504ca000) (1024K)]
  0x00007f05692f0650 JavaThread "Daemon health stats"               [_thread_blocked, id=10734, stack(0x00007f0550138000,0x00007f0550238000) (1024K)]
  0x00007f0569389420 JavaThread "Incoming local TCP Connector on port 46255"        [_thread_in_native, id=10736, stack(0x00007f0550037000,0x00007f0550137000) (1024K)]
  0x00007f05693ba290 JavaThread "Daemon periodic checks"            [_thread_blocked, id=10737, stack(0x00007f0541f00000,0x00007f0542000000) (1024K)]
  0x00007f05100154f0 JavaThread "Daemon"                            [_thread_blocked, id=10738, stack(0x00007f0541b00000,0x00007f0541c00000) (1024K)]
  0x00007f05180020c0 JavaThread "Handler for socket connection from /127.0.0.1:46255 to /127.0.0.1:52982"        [_thread_in_native, id=10739, stack(0x00007f05419ff000,0x00007f0541aff000) (1024K)]
  0x00007f0518008360 JavaThread "Cancel handler"                    [_thread_blocked, id=10740, stack(0x00007f05418fe000,0x00007f05419fe000) (1024K)]
  0x00007f051800a670 JavaThread "Daemon worker"                     [_thread_blocked, id=10741, stack(0x00007f05417fd000,0x00007f05418fd000) (1024K)]
  0x00007f0538004350 JavaThread "Asynchronous log dispatcher for DefaultDaemonConnection: socket connection from /127.0.0.1:46255 to /127.0.0.1:52982"        [_thread_blocked, id=10742, stack(0x00007f05416fc000,0x00007f05417fc000) (1024K)]
  0x00007f0538006a20 JavaThread "Stdin handler"                     [_thread_blocked, id=10743, stack(0x00007f05415fb000,0x00007f05416fb000) (1024K)]
  0x00007f0538014680 JavaThread "Daemon client event forwarder"        [_thread_blocked, id=10744, stack(0x00007f05414fa000,0x00007f05415fa000) (1024K)]
  0x00007f0538224a20 JavaThread "Cache worker for journal cache (/root/.gradle/caches/journal-1)"        [_thread_blocked, id=10747, stack(0x00007f05413f9000,0x00007f05414f9000) (1024K)]
  0x00007f0538229ff0 JavaThread "File lock request listener"        [_thread_in_native, id=10748, stack(0x00007f05412f8000,0x00007f05413f8000) (1024K)]
  0x00007f05382c6580 JavaThread "Cache worker for file hash cache (/root/.gradle/caches/9.2.1/fileHashes)"        [_thread_blocked, id=10749, stack(0x00007f05411f7000,0x00007f05412f7000) (1024K)]
  0x00007f0538963af0 JavaThread "Cache worker for file hash cache (/workspace/.gradle/9.2.1/fileHashes)"        [_thread_blocked, id=10754, stack(0x00007f05410f6000,0x00007f05411f6000) (1024K)]
  0x00007f053896a520 JavaThread "Cache worker for Build Output Cleanup Cache (/workspace/.gradle/buildOutputCleanup)"        [_thread_blocked, id=10755, stack(0x00007f0540ff5000,0x00007f05410f5000) (1024K)]
  0x00007f0538b9d890 JavaThread "Cache worker for checksums cache (/workspace/.gradle/9.2.1/checksums)"        [_thread_blocked, id=10758, stack(0x00007f0540ef4000,0x00007f0540ff4000) (1024K)]
  0x00007f0538bc4cd0 JavaThread "Cache worker for file content cache (/root/.gradle/caches/9.2.1/fileContent)"        [_thread_blocked, id=10759, stack(0x00007f0540df3000,0x00007f0540ef3000) (1024K)]
  0x00007f0538cb7ba0 JavaThread "Cache worker for cache directory md-supplier (/root/.gradle/caches/9.2.1/md-supplier)"        [_thread_blocked, id=10761, stack(0x00007f0540cf2000,0x00007f0540df2000) (1024K)]
  0x00007f0538cf5440 JavaThread "Cache worker for cache directory md-rule (/root/.gradle/caches/9.2.1/md-rule)"        [_thread_blocked, id=10762, stack(0x00007f0540bf1000,0x00007f0540cf1000) (1024K)]
  0x00007f0538fa30a0 JavaThread "jar transforms"                    [_thread_blocked, id=10765, stack(0x00007f0540af0000,0x00007f0540bf0000) (1024K)]
  0x00007f05390a9320 JavaThread "jar transforms Thread 2"           [_thread_blocked, id=10768, stack(0x00007f05409ef000,0x00007f0540aef000) (1024K)]
  0x00007f0539462f20 JavaThread "Unconstrained build operations"        [_thread_blocked, id=10774, stack(0x00007f05408ee000,0x00007f05409ee000) (1024K)]
  0x00007f0539480bc0 JavaThread "Unconstrained build operations Thread 2"        [_thread_blocked, id=10775, stack(0x00007f05407ed000,0x00007f05408ed000) (1024K)]
  0x00007f053949f610 JavaThread "Unconstrained build operations Thread 3"        [_thread_blocked, id=10776, stack(0x00007f05406ec000,0x00007f05407ec000) (1024K)]
  0x00007f053969c030 JavaThread "Memory manager"                    [_thread_blocked, id=10780, stack(0x00007f05405eb000,0x00007f05406eb000) (1024K)]
  0x00007f0539a5caf0 JavaThread "Problems report writer"            [_thread_blocked, id=10788, stack(0x00007f05404ea000,0x00007f05405ea000) (1024K)]
  0x00007f0539b1f960 JavaThread "HttpClient-1-SelectorManager" daemon [_thread_in_native, id=10791, stack(0x00007f05403e9000,0x00007f05404e9000) (1024K)]
  0x00007f0539b5df30 JavaThread "Unconstrained build operations Thread 4"        [_thread_blocked, id=10796, stack(0x00007f05401e7000,0x00007f05402e7000) (1024K)]
  0x00007f0539b95100 JavaThread "Unconstrained build operations Thread 5"        [_thread_blocked, id=10798, stack(0x00007f05402e8000,0x00007f05403e8000) (1024K)]
  0x00007f0538d3c3b0 JavaThread "ForkJoinPool-1-worker-1"    daemon [_thread_blocked, id=10799, stack(0x00007f05400e6000,0x00007f05401e6000) (1024K)]
  0x00007f0508d03cc0 JavaThread "ForkJoinPool-1-worker-2"    daemon [_thread_blocked, id=10800, stack(0x00007f0521f00000,0x00007f0522000000) (1024K)]
  0x00007f0504004db0 JavaThread "ForkJoinPool-1-worker-3"    daemon [_thread_blocked, id=10801, stack(0x00007f0521dff000,0x00007f0521eff000) (1024K)]
  0x00007f0504006080 JavaThread "ForkJoinPool-1-worker-4"    daemon [_thread_blocked, id=10802, stack(0x00007f0521cfe000,0x00007f0521dfe000) (1024K)]
  0x00007f051001dd00 JavaThread "ForkJoinPool-1-worker-5"    daemon [_thread_blocked, id=10805, stack(0x00007f0521bfd000,0x00007f0521cfd000) (1024K)]
  0x00007f0508412740 JavaThread "ForkJoinPool-1-worker-6"    daemon [_thread_blocked, id=10806, stack(0x00007f0521afc000,0x00007f0521bfc000) (1024K)]
  0x00007f050c011780 JavaThread "ForkJoinPool-1-worker-7"    daemon [_thread_blocked, id=10807, stack(0x00007f05219fb000,0x00007f0521afb000) (1024K)]
  0x00007f05383972f0 JavaThread "included builds"                   [_thread_blocked, id=10811, stack(0x00007f05218fa000,0x00007f05219fa000) (1024K)]
  0x00007f05383a2670 JavaThread "Execution worker"                  [_thread_blocked, id=10812, stack(0x00007f05217f9000,0x00007f05218f9000) (1024K)]
  0x00007f053401d9f0 JavaThread "Cache worker for execution history cache (/workspace/.gradle/9.2.1/executionHistory)"        [_thread_blocked, id=10813, stack(0x00007f05216f8000,0x00007f05217f8000) (1024K)]
  0x00007f053403d4e0 JavaThread "Unconstrained build operations Thread 6"        [_thread_blocked, id=10815, stack(0x00007f05215f7000,0x00007f05216f7000) (1024K)]
  0x00007f05340a8d80 JavaThread "Unconstrained build operations Thread 7"        [_thread_blocked, id=10818, stack(0x00007f05214f6000,0x00007f05215f6000) (1024K)]
  0x00007f05340e4030 JavaThread "Cache worker for Java compile cache (/root/.gradle/caches/9.2.1/javaCompile)"        [_thread_blocked, id=10820, stack(0x00007f05213f5000,0x00007f05214f5000) (1024K)]
Total: 52

Other Threads:
=>0x00007f05680a9040 VMThread "VM Thread"                           [id=10718, stack(0x00007f056c60c000,0x00007f056c70c000) (1024K)]
  0x00007f0568097b80 WatcherThread "VM Periodic Task Thread"        [id=10717, stack(0x00007f056c70d000,0x00007f056c80d000) (1024K)]
  0x00007f0568059730 WorkerThread "GC Thread#0"                     [id=10710, stack(0x00007f056cf31000,0x00007f056d031000) (1024K)]
  0x00007f051c0062c0 WorkerThread "GC Thread#1"                     [id=10729, stack(0x00007f05502c9000,0x00007f05503c9000) (1024K)]
  0x00007f056805ecf0 ConcurrentGCThread "G1 Main Marker"            [id=10711, stack(0x00007f056ce30000,0x00007f056cf30000) (1024K)]
  0x00007f056805fc90 WorkerThread "G1 Conc#0"                       [id=10712, stack(0x00007f056cd2f000,0x00007f056ce2f000) (1024K)]
  0x00007f05680862a0 ConcurrentGCThread "G1 Refine#0"               [id=10713, stack(0x00007f056ca2c000,0x00007f056cb2c000) (1024K)]
  0x00007f0568087250 ConcurrentGCThread "G1 Service"                [id=10714, stack(0x00007f056c92b000,0x00007f056ca2b000) (1024K)]
Total: 8

Threads with active compile tasks:
C2 CompilerThread0  28436 11181 %     4       sun.nio.cs.UTF_8$Decoder::decodeArrayLoop @ 103 (688 bytes)
Total: 1

VM state: at safepoint (normal execution)

VM Mutex/Monitor currently owned by a thread:  ([mutex/lock_event])
[0x00007f056f5aee38] Threads_lock - owner thread: 0x00007f05680a9040
[0x00007f056f5aed38] Heap_lock - owner thread: 0x00007f056805ecf0

Heap address: 0x00000000e0000000, size: 512 MB, Compressed Oops mode: 32-bit

CDS archive(s) mapped at: [0x00007f0526000000-0x00007f0526c97000-0x00007f0526c97000), size 13201408, SharedBaseAddress: 0x00007f0526000000, ArchiveRelocationMode: 1.
Compressed class space mapped at: 0x00007f0527000000-0x00007f0534000000, reserved size: 218103808
Narrow klass base: 0x00007f0526000000, Narrow klass shift: 0, Narrow klass range: 0x100000000

GC Precious Log:
 CardTable entry size: 512
 Card Set container configuration: InlinePtr #cards 5 size 8 Array Of Cards #cards 12 size 40 Howl #buckets 4 coarsen threshold 1843 Howl Bitmap #cards 512 size 80 coarsen threshold 460 Card regions per heap region 1 cards per card region 2048
 CPUs: 2 total, 2 available
 Memory: 2048M
 Large Page Support: Disabled
 NUMA Support: Disabled
 Compressed Oops: Enabled (32-bit)
 Heap Region Size: 1M
 Heap Min Capacity: 8M
 Heap Initial Capacity: 32M
 Heap Max Capacity: 512M
 Pre-touch: Disabled
 Parallel Workers: 2
 Concurrent Workers: 1
 Concurrent Refinement Workers: 2
 Periodic GC: Disabled

Heap:
 garbage-first heap   total 122880K, used 104960K [0x00000000e0000000, 0x0000000100000000)
  region size 1024K, 19 young (19456K), 4 survivors (4096K)
 Metaspace       used 80726K, committed 83136K, reserved 344064K
  class space    used 11209K, committed 12416K, reserved 212992K

Heap Regions: E=young(eden), S=young(survivor), O=old, HS=humongous(starts), HC=humongous(continues), CS=collection set, F=free, TAMS=top-at-mark-start, PB=parsable bottom
|   0|0x00000000e0000000, 0x00000000e0100000, 0x00000000e0100000|100%|HS|  |TAMS 0x00000000e0100000| PB 0x00000000e0000000| Complete 
|   1|0x00000000e0100000, 0x00000000e0200000, 0x00000000e0200000|100%|HC|  |TAMS 0x00000000e0200000| PB 0x00000000e0100000| Complete 
|   2|0x00000000e0200000, 0x00000000e0300000, 0x00000000e0300000|100%|HC|  |TAMS 0x00000000e0300000| PB 0x00000000e0200000| Complete 
|   3|0x00000000e0300000, 0x00000000e0400000, 0x00000000e0400000|100%|HC|  |TAMS 0x00000000e0400000| PB 0x00000000e0300000| Complete 
|   4|0x00000000e0400000, 0x00000000e0500000, 0x00000000e0500000|100%| O|  |TAMS 0x00000000e0500000| PB 0x00000000e0500000| Untracked 
|   5|0x00000000e0500000, 0x00000000e0600000, 0x00000000e0600000|100%| O|  |TAMS 0x00000000e0600000| PB 0x00000000e0600000| Untracked 
|   6|0x00000000e0600000, 0x00000000e0700000, 0x00000000e0700000|100%| O|  |TAMS 0x00000000e0700000| PB 0x00000000e0700000| Untracked 
|   7|0x00000000e0700000, 0x00000000e0800000, 0x00000000e0800000|100%| O|  |TAMS 0x00000000e0800000| PB 0x00000000e0800000| Untracked 
|   8|0x00000000e0800000, 0x00000000e0900000, 0x00000000e0900000|100%| O|  |TAMS 0x00000000e0900000| PB 0x00000000e0900000| Untracked 
|   9|0x00000000e0900000, 0x00000000e0a00000, 0x00000000e0a00000|100%| O|  |TAMS 0x00000000e0a00000| PB 0x00000000e0a00000| Untracked 
|  10|0x00000000e0a00000, 0x00000000e0b00000, 0x00000000e0b00000|100%|HS|  |TAMS 0x00000000e0b00000| PB 0x00000000e0a00000| Complete 
|  11|0x00000000e0b00000, 0x00000000e0c00000, 0x00000000e0c00000|100%| O|  |TAMS 0x00000000e0c00000| PB 0x00000000e0c00000| Untracked 
|  12|0x00000000e0c00000, 0x00000000e0d00000, 0x00000000e0d00000|100%| O|  |TAMS 0x00000000e0d00000| PB 0x00000000e0d00000| Untracked 
|  13|0x00000000e0d00000, 0x00000000e0e00000, 0x00000000e0e00000|100%| O|  |TAMS 0x00000000e0e00000| PB 0x00000000e0e00000| Untracked 
|  14|0x00000000e0e00000, 0x00000000e0f00000, 0x00000000e0f00000|100%| O|  |TAMS 0x00000000e0f00000| PB 0x00000000e0f00000| Untracked 
|  15|0x00000000e0f00000, 0x00000000e1000000, 0x00000000e1000000|100%| O|  |TAMS 0x00000000e1000000| PB 0x00000000e1000000| Untracked 
|  16|0x00000000e1000000, 0x00000000e1100000, 0x00000000e1100000|100%| O|  |TAMS 0x00000000e1100000| PB 0x00000000e1100000| Untracked 
|  17|0x00000000e1100000, 0x00000000e1200000, 0x00000000e1200000|100%| O|  |TAMS 0x00000000e1200000| PB 0x00000000e1200000| Untracked 
|  18|0x00000000e1200000, 0x00000000e1300000, 0x00000000e1300000|100%| O|  |TAMS 0x00000000e1300000| PB 0x00000000e1300000| Updating 
|  19|0x00000000e1300000, 0x00000000e1400000, 0x00000000e1400000|100%| O|  |TAMS 0x00000000e1400000| PB 0x00000000e1400000| Untracked 
|  20|0x00000000e1400000, 0x00000000e1500000, 0x00000000e1500000|100%| O|  |TAMS 0x00000000e1500000| PB 0x00000000e1500000| Untracked 
|  21|0x00000000e1500000, 0x00000000e1600000, 0x00000000e1600000|100%| O|  |TAMS 0x00000000e1600000| PB 0x00000000e1600000| Untracked 
|  22|0x00000000e1600000, 0x00000000e1700000, 0x00000000e1700000|100%| O|  |TAMS 0x00000000e1700000| PB 0x00000000e1700000| Untracked 
|  23|0x00000000e1700000, 0x00000000e1800000, 0x00000000e1800000|100%| O|  |TAMS 0x00000000e1800000| PB 0x00000000e1800000| Untracked 
|  24|0x00000000e1800000, 0x00000000e1900000, 0x00000000e1900000|100%| O|  |TAMS 0x00000000e1900000| PB 0x00000000e1900000| Untracked 
|  25|0x00000000e1900000, 0x00000000e1a00000, 0x00000000e1a00000|100%| O|  |TAMS 0x00000000e1a00000| PB 0x00000000e1a00000| Untracked 
|  26|0x00000000e1a00000, 0x00000000e1b00000, 0x00000000e1b00000|100%| O|  |TAMS 0x00000000e1b00000| PB 0x00000000e1b00000| Untracked 
|  27|0x00000000e1b00000, 0x00000000e1c00000, 0x00000000e1c00000|100%| O|  |TAMS 0x00000000e1c00000| PB 0x00000000e1c00000| Untracked 
|  28|0x00000000e1c00000, 0x00000000e1d00000, 0x00000000e1d00000|100%| O|  |TAMS 0x00000000e1d00000| PB 0x00000000e1d00000| Untracked 
|  29|0x00000000e1d00000, 0x00000000e1e00000, 0x00000000e1e00000|100%| O|  |TAMS 0x00000000e1e00000| PB 0x00000000e1e00000| Untracked 
|  30|0x00000000e1e00000, 0x00000000e1f00000, 0x00000000e1f00000|100%| O|  |TAMS 0x00000000e1f00000| PB 0x00000000e1f00000| Untracked 
|  31|0x00000000e1f00000, 0x00000000e2000000, 0x00000000e2000000|100%|HS|  |TAMS 0x00000000e2000000| PB 0x00000000e1f00000| Complete 
|  32|0x00000000e2000000, 0x00000000e2100000, 0x00000000e2100000|100%| O|  |TAMS 0x00000000e2100000| PB 0x00000000e2100000| Untracked 
|  33|0x00000000e2100000, 0x00000000e2200000, 0x00000000e2200000|100%| O|  |TAMS 0x00000000e2200000| PB 0x00000000e2200000| Untracked 
|  34|0x00000000e2200000, 0x00000000e2300000, 0x00000000e2300000|100%| O|  |TAMS 0x00000000e2300000| PB 0x00000000e2300000| Untracked 
|  35|0x00000000e2300000, 0x00000000e2400000, 0x00000000e2400000|100%| O|  |TAMS 0x00000000e2400000| PB 0x00000000e2400000| Untracked 
|  36|0x00000000e2400000, 0x00000000e2500000, 0x00000000e2500000|100%| O|  |TAMS 0x00000000e2500000| PB 0x00000000e2500000| Untracked 
|  37|0x00000000e2500000, 0x00000000e2600000, 0x00000000e2600000|100%| O|  |TAMS 0x00000000e2600000| PB 0x00000000e2600000| Untracked 
|  38|0x00000000e2600000, 0x00000000e2700000, 0x00000000e2700000|100%| O|  |TAMS 0x00000000e2700000| PB 0x00000000e2700000| Untracked 
|  39|0x00000000e2700000, 0x00000000e2800000, 0x00000000e2800000|100%| O|  |TAMS 0x00000000e2800000| PB 0x00000000e2800000| Updating 
|  40|0x00000000e2800000, 0x00000000e2900000, 0x00000000e2900000|100%| O|  |TAMS 0x00000000e2900000| PB 0x00000000e2900000| Untracked 
|  41|0x00000000e2900000, 0x00000000e2a00000, 0x00000000e2a00000|100%| O|  |TAMS 0x00000000e2a00000| PB 0x00000000e2a00000| Untracked 
|  42|0x00000000e2a00000, 0x00000000e2b00000, 0x00000000e2b00000|100%| O|  |TAMS 0x00000000e2b00000| PB 0x00000000e2b00000| Untracked 
|  43|0x00000000e2b00000, 0x00000000e2c00000, 0x00000000e2c00000|100%| O|  |TAMS 0x00000000e2c00000| PB 0x00000000e2c00000| Untracked 
|  44|0x00000000e2c00000, 0x00000000e2d00000, 0x00000000e2d00000|100%| O|  |TAMS 0x00000000e2d00000| PB 0x00000000e2d00000| Updating 
|  45|0x00000000e2d00000, 0x00000000e2e00000, 0x00000000e2e00000|100%| O|  |TAMS 0x00000000e2e00000| PB 0x00000000e2e00000| Untracked 
|  46|0x00000000e2e00000, 0x00000000e2f00000, 0x00000000e2f00000|100%| O|  |TAMS 0x00000000e2f00000| PB 0x00000000e2f00000| Untracked 
|  47|0x00000000e2f00000, 0x00000000e3000000, 0x00000000e3000000|100%| O|  |TAMS 0x00000000e3000000| PB 0x00000000e3000000| Untracked 
|  48|0x00000000e3000000, 0x00000000e3100000, 0x00000000e3100000|100%| O|  |TAMS 0x00000000e3100000| PB 0x00000000e3100000| Untracked 
|  49|0x00000000e3100000, 0x00000000e3200000, 0x00000000e3200000|100%| O|  |TAMS 0x00000000e3200000| PB 0x00000000e3200000| Untracked 
|  50|0x00000000e3200000, 0x00000000e3300000, 0x00000000e3300000|100%| O|  |TAMS 0x00000000e3300000| PB 0x00000000e3300000| Untracked 
|  51|0x00000000e3300000, 0x00000000e3400000, 0x00000000e3400000|100%| O|  |TAMS 0x00000000e3400000| PB 0x00000000e3400000| Untracked 
|  52|0x00000000e3400000, 0x00000000e3500000, 0x00000000e3500000|100%| O|  |TAMS 0x00000000e3500000| PB 0x00000000e3500000| Untracked 
|  53|0x00000000e3500000, 0x00000000e3600000, 0x00000000e3600000|100%| O|  |TAMS 0x00000000e3600000| PB 0x00000000e3600000| Untracked 
|  54|0x00000000e3600000, 0x00000000e3700000, 0x00000000e3700000|100%| O|  |TAMS 0x00000000e3700000| PB 0x00000000e3700000| Untracked 
|  55|0x00000000e3700000, 0x00000000e3800000, 0x00000000e3800000|100%| O|  |TAMS 0x00000000e3800000| PB 0x00000000e3800000| Updating 
|  56|0x00000000e3800000, 0x00000000e3900000, 0x00000000e3900000|100%| O|  |TAMS 0x00000000e3900000| PB 0x00000000e3900000| Untracked 
|  57|0x00000000e3900000, 0x00000000e3a00000, 0x00000000e3a00000|100%| O|  |TAMS 0x00000000e3900000| PB 0x00000000e3900000| Untracked 
|  58|0x00000000e3a00000, 0x00000000e3b00000, 0x00000000e3b00000|100%| O|  |TAMS 0x00000000e3b00000| PB 0x00000000e3b00000| Untracked 
|  59|0x00000000e3b00000, 0x00000000e3c00000, 0x00000000e3c00000|100%| O|  |TAMS 0x00000000e3c00000| PB 0x00000000e3c00000| Updating 
|  60|0x00000000e3c00000, 0x00000000e3d00000, 0x00000000e3d00000|100%| O|  |TAMS 0x00000000e3d00000| PB 0x00000000e3d00000| Untracked 
|  61|0x00000000e3d00000, 0x00000000e3e00000, 0x00000000e3e00000|100%| O|  |TAMS 0x00000000e3e00000| PB 0x00000000e3e00000| Updating 
|  62|0x00000000e3e00000, 0x00000000e3f00000, 0x00000000e3f00000|100%| O|  |TAMS 0x00000000e3e00000| PB 0x00000000e3e00000| Untracked 
|  63|0x00000000e3f00000, 0x00000000e4000000, 0x00000000e4000000|100%| O|  |TAMS 0x00000000e4000000| PB 0x00000000e4000000| Untracked 
|  64|0x00000000e4000000, 0x00000000e4100000, 0x00000000e4100000|100%| O|  |TAMS 0x00000000e4100000| PB 0x00000000e4100000| Untracked 
|  65|0x00000000e4100000, 0x00000000e4200000, 0x00000000e4200000|100%| O|  |TAMS 0x00000000e4200000| PB 0x00000000e4200000| Untracked 
|  66|0x00000000e4200000, 0x00000000e4300000, 0x00000000e4300000|100%| O|  |TAMS 0x00000000e4300000| PB 0x00000000e4300000| Untracked 
|  67|0x00000000e4300000, 0x00000000e4400000, 0x00000000e4400000|100%| O|  |TAMS 0x00000000e4400000| PB 0x00000000e4400000| Untracked 
|  68|0x00000000e4400000, 0x00000000e4500000, 0x00000000e4500000|100%|HS|  |TAMS 0x00000000e4500000| PB 0x00000000e4400000| Complete 
|  69|0x00000000e4500000, 0x00000000e4600000, 0x00000000e4600000|100%|HC|  |TAMS 0x00000000e4600000| PB 0x00000000e4500000| Complete 
|  70|0x00000000e4600000, 0x00000000e4700000, 0x00000000e4700000|100%|HS|  |TAMS 0x00000000e4700000| PB 0x00000000e4600000| Complete 
|  71|0x00000000e4700000, 0x00000000e4800000, 0x00000000e4800000|100%|HC|  |TAMS 0x00000000e4800000| PB 0x00000000e4700000| Complete 
|  72|0x00000000e4800000, 0x00000000e4900000, 0x00000000e4900000|100%| O|  |TAMS 0x00000000e4900000| PB 0x00000000e4900000| Untracked 
|  73|0x00000000e4900000, 0x00000000e4a00000, 0x00000000e4a00000|100%| O|  |TAMS 0x00000000e4a00000| PB 0x00000000e4a00000| Untracked 
|  74|0x00000000e4a00000, 0x00000000e4b00000, 0x00000000e4b00000|100%| O|  |TAMS 0x00000000e4b00000| PB 0x00000000e4b00000| Untracked 
|  75|0x00000000e4b00000, 0x00000000e4c00000, 0x00000000e4c00000|100%| O|  |TAMS 0x00000000e4c00000| PB 0x00000000e4c00000| Untracked 
|  76|0x00000000e4c00000, 0x00000000e4d00000, 0x00000000e4d00000|100%| O|  |TAMS 0x00000000e4d00000| PB 0x00000000e4d00000| Untracked 
|  77|0x00000000e4d00000, 0x00000000e4d00000, 0x00000000e4e00000|  0%| F|  |TAMS 0x00000000e4d00000| PB 0x00000000e4d00000| Untracked 
|  78|0x00000000e4e00000, 0x00000000e4e00000, 0x00000000e4f00000|  0%| F|  |TAMS 0x00000000e4e00000| PB 0x00000000e4e00000| Untracked 
|  79|0x00000000e4f00000, 0x00000000e4f00000, 0x00000000e5000000|  0%| F|  |TAMS 0x00000000e4f00000| PB 0x00000000e4f00000| Untracked 
|  80|0x00000000e5000000, 0x00000000e5000000, 0x00000000e5100000|  0%| F|  |TAMS 0x00000000e5000000| PB 0x00000000e5000000| Untracked 
|  81|0x00000000e5100000, 0x00000000e5100000, 0x00000000e5200000|  0%| F|  |TAMS 0x00000000e5100000| PB 0x00000000e5100000| Untracked 
|  82|0x00000000e5200000, 0x00000000e5300000, 0x00000000e5300000|100%| O|  |TAMS 0x00000000e5200000| PB 0x00000000e5200000| Untracked 
|  83|0x00000000e5300000, 0x00000000e5400000, 0x00000000e5400000|100%| O|  |TAMS 0x00000000e5300000| PB 0x00000000e5300000| Untracked 
|  84|0x00000000e5400000, 0x00000000e5500000, 0x00000000e5500000|100%| O|  |TAMS 0x00000000e5400000| PB 0x00000000e5400000| Untracked 
|  85|0x00000000e5500000, 0x00000000e5600000, 0x00000000e5600000|100%| O|  |TAMS 0x00000000e5500000| PB 0x00000000e5500000| Untracked 
|  86|0x00000000e5600000, 0x00000000e5700000, 0x00000000e5700000|100%| O|  |TAMS 0x00000000e5600000| PB 0x00000000e5600000| Untracked 
|  87|0x00000000e5700000, 0x00000000e5780000, 0x00000000e5800000| 50%| O|  |TAMS 0x00000000e5700000| PB 0x00000000e5700000| Updating 
|  88|0x00000000e5800000, 0x00000000e5800000, 0x00000000e5900000|  0%| F|  |TAMS 0x00000000e5800000| PB 0x00000000e5800000| Untracked 
|  89|0x00000000e5900000, 0x00000000e5a00000, 0x00000000e5a00000|100%| S|CS|TAMS 0x00000000e5900000| PB 0x00000000e5900000| Complete 
|  90|0x00000000e5a00000, 0x00000000e5b00000, 0x00000000e5b00000|100%| S|CS|TAMS 0x00000000e5a00000| PB 0x00000000e5a00000| Complete 
|  91|0x00000000e5b00000, 0x00000000e5c00000, 0x00000000e5c00000|100%| S|CS|TAMS 0x00000000e5b00000| PB 0x00000000e5b00000| Complete 
|  92|0x00000000e5c00000, 0x00000000e5d00000, 0x00000000e5d00000|100%| S|CS|TAMS 0x00000000e5c00000| PB 0x00000000e5c00000| Complete 
|  93|0x00000000e5d00000, 0x00000000e5d00000, 0x00000000e5e00000|  0%| F|  |TAMS 0x00000000e5d00000| PB 0x00000000e5d00000| Untracked 
|  94|0x00000000e5e00000, 0x00000000e5e00000, 0x00000000e5f00000|  0%| F|  |TAMS 0x00000000e5e00000| PB 0x00000000e5e00000| Untracked 
|  95|0x00000000e5f00000, 0x00000000e5f00000, 0x00000000e6000000|  0%| F|  |TAMS 0x00000000e5f00000| PB 0x00000000e5f00000| Untracked 
|  96|0x00000000e6000000, 0x00000000e6000000, 0x00000000e6100000|  0%| F|  |TAMS 0x00000000e6000000| PB 0x00000000e6000000| Untracked 
|  97|0x00000000e6100000, 0x00000000e6100000, 0x00000000e6200000|  0%| F|  |TAMS 0x00000000e6100000| PB 0x00000000e6100000| Untracked 
|  98|0x00000000e6200000, 0x00000000e6200000, 0x00000000e6300000|  0%| F|  |TAMS 0x00000000e6200000| PB 0x00000000e6200000| Untracked 
|  99|0x00000000e6300000, 0x00000000e6300000, 0x00000000e6400000|  0%| F|  |TAMS 0x00000000e6300000| PB 0x00000000e6300000| Untracked 
| 100|0x00000000e6400000, 0x00000000e6400000, 0x00000000e6500000|  0%| F|  |TAMS 0x00000000e6400000| PB 0x00000000e6400000| Untracked 
| 101|0x00000000e6500000, 0x00000000e6500000, 0x00000000e6600000|  0%| F|  |TAMS 0x00000000e6500000| PB 0x00000000e6500000| Untracked 
| 102|0x00000000e6600000, 0x00000000e6600000, 0x00000000e6700000|  0%| F|  |TAMS 0x00000000e6600000| PB 0x00000000e6600000| Untracked 
| 103|0x00000000e6700000, 0x00000000e67e1be0, 0x00000000e6800000| 88%| E|  |TAMS 0x00000000e6700000| PB 0x00000000e6700000| Complete 
| 104|0x00000000e6800000, 0x00000000e6900000, 0x00000000e6900000|100%| E|CS|TAMS 0x00000000e6800000| PB 0x00000000e6800000| Complete 
| 105|0x00000000e6900000, 0x00000000e6a00000, 0x00000000e6a00000|100%| E|CS|TAMS 0x00000000e6900000| PB 0x00000000e6900000| Complete 
| 106|0x00000000e6a00000, 0x00000000e6b00000, 0x00000000e6b00000|100%| E|CS|TAMS 0x00000000e6a00000| PB 0x00000000e6a00000| Complete 
| 107|0x00000000e6b00000, 0x00000000e6c00000, 0x00000000e6c00000|100%| E|CS|TAMS 0x00000000e6b00000| PB 0x00000000e6b00000| Complete 
| 108|0x00000000e6c00000, 0x00000000e6d00000, 0x00000000e6d00000|100%| E|CS|TAMS 0x00000000e6c00000| PB 0x00000000e6c00000| Complete 
| 109|0x00000000e6d00000, 0x00000000e6e00000, 0x00000000e6e00000|100%| E|CS|TAMS 0x00000000e6d00000| PB 0x00000000e6d00000| Complete 
| 110|0x00000000e6e00000, 0x00000000e6f00000, 0x00000000e6f00000|100%| E|CS|TAMS 0x00000000e6e00000| PB 0x00000000e6e00000| Complete 
| 111|0x00000000e6f00000, 0x00000000e7000000, 0x00000000e7000000|100%| E|CS|TAMS 0x00000000e6f00000| PB 0x00000000e6f00000| Complete 
| 112|0x00000000e7000000, 0x00000000e7100000, 0x00000000e7100000|100%| E|CS|TAMS 0x00000000e7000000| PB 0x00000000e7000000| Complete 
| 113|0x00000000e7100000, 0x00000000e7200000, 0x00000000e7200000|100%| E|CS|TAMS 0x00000000e7100000| PB 0x00000000e7100000| Complete 
| 114|0x00000000e7200000, 0x00000000e7300000, 0x00000000e7300000|100%| E|CS|TAMS 0x00000000e7200000| PB 0x00000000e7200000| Complete 
| 115|0x00000000e7300000, 0x00000000e7400000, 0x00000000e7400000|100%| E|CS|TAMS 0x00000000e7300000| PB 0x00000000e7300000| Complete 
| 116|0x00000000e7400000, 0x00000000e7500000, 0x00000000e7500000|100%| E|CS|TAMS 0x00000000e7400000| PB 0x00000000e7400000| Complete 
| 509|0x00000000ffd00000, 0x00000000ffe00000, 0x00000000ffe00000|100%| O|  |TAMS 0x00000000ffe00000| PB 0x00000000ffe00000| Updating 
| 510|0x00000000ffe00000, 0x00000000fff00000, 0x00000000fff00000|100%| O|  |TAMS 0x00000000fff00000| PB 0x00000000fff00000| Untracked 
| 511|0x00000000fff00000, 0x0000000100000000, 0x0000000100000000|100%| E|CS|TAMS 0x00000000fff00000| PB 0x00000000fff00000| Complete 

Card table byte_map: [0x00007f056d843000,0x00007f056d943000] _byte_map_base: 0x00007f056d143000

Marking Bits: (CMBitMap*) 0x00007f056805a250
 Bits: [0x00007f056d043000, 0x00007f056d843000)

Polling page: 0x00007f056f7d5000

Metaspace:

Usage:
  Non-class:     67.89 MB used.
      Class:     10.95 MB used.
       Both:     78.83 MB used.

Virtual space:
  Non-class space:      128.00 MB reserved,      69.06 MB ( 54%) committed,  2 nodes.
      Class space:      208.00 MB reserved,      12.12 MB (  6%) committed,  1 nodes.
             Both:      336.00 MB reserved,      81.19 MB ( 24%) committed. 

Chunk freelists:
   Non-Class:  10.56 MB
       Class:  3.83 MB
        Both:  14.39 MB

MaxMetaspaceSize: 256.00 MB
CompressedClassSpaceSize: 208.00 MB
Initial GC threshold: 21.00 MB
Current GC threshold: 125.88 MB
CDS: on
 - commit_granule_bytes: 65536.
 - commit_granule_words: 8192.
 - virtual_space_node_default_size: 8388608.
 - enlarge_chunks_in_place: 1.
 - use_allocation_guard: 0.


Internal statistics:

num_allocs_failed_limit: 0.
num_arena_births: 4306.
num_arena_deaths: 0.
num_vsnodes_births: 3.
num_vsnodes_deaths: 0.
num_space_committed: 1299.
num_space_uncommitted: 0.
num_chunks_returned_to_freelist: 0.
num_chunks_taken_from_freelist: 8035.
num_chunk_merges: 0.
num_chunk_splits: 5175.
num_chunks_enlarged: 3138.
num_inconsistent_stats: 0.

CodeHeap 'non-profiled nmethods': size=120036Kb used=4601Kb max_used=4725Kb free=115435Kb
 bounds [0x00007f0558364000, 0x00007f0558804000, 0x00007f055f89d000]
CodeHeap 'profiled nmethods': size=120032Kb used=18274Kb max_used=19050Kb free=101757Kb
 bounds [0x00007f055089d000, 0x00007f0551b3d000, 0x00007f0557dd5000]
CodeHeap 'non-nmethods': size=5692Kb used=2291Kb max_used=2347Kb free=3400Kb
 bounds [0x00007f0557dd5000, 0x00007f0558045000, 0x00007f0558364000]
 total_blobs=10208 nmethods=9373 adapters=739
 compilation: enabled
              stopped_count=0, restarted_count=0
 full_count=0

Compilation events (20 events):
Event: 28.217 Thread 0x00007f05680bc320 11175       2       com.sun.tools.javac.parser.JavacParser::forUpdate (26 bytes)
Event: 28.217 Thread 0x00007f05680bc320 nmethod 11175 0x00007f0551b36390 code [0x00007f0551b36540, 0x00007f0551b367c0]
Event: 28.217 Thread 0x00007f05680bc320 11176       2       com.sun.tools.javac.tree.TreeMaker::ForLoop (26 bytes)
Event: 28.217 Thread 0x00007f05680bc320 nmethod 11176 0x00007f0551b36990 code [0x00007f0551b36b40, 0x00007f0551b36e28]
Event: 28.224 Thread 0x00007f05680bac70 nmethod 11081 0x00007f05587fdf90 code [0x00007f05587fe180, 0x00007f05587fea38]
Event: 28.224 Thread 0x00007f05680bac70 11123       4       com.sun.tools.javac.parser.JavacParser::ident (6 bytes)
Event: 28.224 Thread 0x00007f05680bac70 nmethod 11123 0x00007f05587fee10 code [0x00007f05587fefa0, 0x00007f05587ff058]
Event: 28.224 Thread 0x00007f05680bac70 11157       4       java.lang.StringUTF16::compress (20 bytes)
Event: 28.226 Thread 0x00007f05680bac70 nmethod 11157 0x00007f05587ff110 code [0x00007f05587ff2a0, 0x00007f05587ff520]
Event: 28.226 Thread 0x00007f05680bac70 10980       4       com.sun.tools.javac.util.Name$Table::fromString (14 bytes)
Event: 28.231 Thread 0x00007f05680bc320 11179       2       com.sun.tools.javac.parser.JavacParser::checkSourceLevel (13 bytes)
Event: 28.232 Thread 0x00007f05680bc320 nmethod 11179 0x00007f0551b36f10 code [0x00007f0551b370c0, 0x00007f0551b371e8]
Event: 28.245 Thread 0x00007f05680bac70 nmethod 10980 0x00007f05587ff610 code [0x00007f05587ff7e0, 0x00007f05587ffeb0]
Event: 28.245 Thread 0x00007f05680bac70 11178 %     4       com.sun.tools.javac.util.IntHashTable::rehash @ 46 (88 bytes)
Event: 28.316 Thread 0x00007f05680bc320 11180       2       com.sun.tools.javac.parser.JavacParser::lambdaExpression (26 bytes)
Event: 28.316 Thread 0x00007f05680bc320 nmethod 11180 0x00007f0551b37310 code [0x00007f0551b374e0, 0x00007f0551b37738]
Event: 28.317 Thread 0x00007f05680bac70 nmethod 11178% 0x00007f0558800290 code [0x00007f05588004a0, 0x00007f0558800cc0]
Event: 28.317 Thread 0x00007f05680bac70 11153       4       com.sun.tools.javac.parser.UnicodeReader::digit (94 bytes)
Event: 28.321 Thread 0x00007f05680bac70 nmethod 11153 0x00007f0558801210 code [0x00007f05588013a0, 0x00007f0558801578]
Event: 28.321 Thread 0x00007f05680bac70 11181 %     4       sun.nio.cs.UTF_8$Decoder::decodeArrayLoop @ 103 (688 bytes)

GC Heap History (20 events):
Event: 17.841 GC heap before
{Heap before GC invocations=46 (full 0):
 garbage-first heap   total 94208K, used 81147K [0x00000000e0000000, 0x0000000100000000)
  region size 1024K, 34 young (34816K), 4 survivors (4096K)
 Metaspace       used 61975K, committed 64256K, reserved 278528K
  class space    used 8904K, committed 10048K, reserved 212992K
}
Event: 17.903 GC heap after
{Heap after GC invocations=47 (full 0):
 garbage-first heap   total 94208K, used 54020K [0x00000000e0000000, 0x0000000100000000)
  region size 1024K, 4 young (4096K), 4 survivors (4096K)
 Metaspace       used 61975K, committed 64256K, reserved 278528K
  class space    used 8904K, committed 10048K, reserved 212992K
}
Event: 19.961 GC heap before
{Heap before GC invocations=47 (full 0):
 garbage-first heap   total 94208K, used 82692K [0x00000000e0000000, 0x0000000100000000)
  region size 1024K, 33 young (33792K), 4 survivors (4096K)
 Metaspace       used 66785K, committed 69120K, reserved 278528K
  class space    used 9469K, committed 10624K, reserved 212992K
}
Event: 20.000 GC heap after
{Heap after GC invocations=48 (full 0):
 garbage-first heap   total 94208K, used 57350K [0x00000000e0000000, 0x0000000100000000)
  region size 1024K, 4 young (4096K), 4 survivors (4096K)
 Metaspace       used 66785K, committed 69120K, reserved 278528K
  class space    used 9469K, committed 10624K, reserved 212992K
}
Event: 21.107 GC heap before
{Heap before GC invocations=48 (full 0):
 garbage-first heap   total 94208K, used 82950K [0x00000000e0000000, 0x0000000100000000)
  region size 1024K, 29 young (29696K), 4 survivors (4096K)
 Metaspace       used 68230K, committed 70592K, reserved 278528K
  class space    used 9619K, committed 10816K, reserved 212992K
}
Event: 21.118 GC heap after
{Heap after GC invocations=49 (full 0):
 garbage-first heap   total 94208K, used 59860K [0x00000000e0000000, 0x0000000100000000)
  region size 1024K, 3 young (3072K), 3 survivors (3072K)
 Metaspace       used 68230K, committed 70592K, reserved 278528K
  class space    used 9619K, committed 10816K, reserved 212992K
}
Event: 22.099 GC heap before
{Heap before GC invocations=50 (full 0):
 garbage-first heap   total 101376K, used 83412K [0x00000000e0000000, 0x0000000100000000)
  region size 1024K, 27 young (27648K), 3 survivors (3072K)
 Metaspace       used 69340K, committed 71680K, reserved 278528K
  class space    used 9778K, committed 10944K, reserved 212992K
}
Event: 22.110 GC heap after
{Heap after GC invocations=51 (full 0):
 garbage-first heap   total 101376K, used 60499K [0x00000000e0000000, 0x0000000100000000)
  region size 1024K, 2 young (2048K), 2 survivors (2048K)
 Metaspace       used 69340K, committed 71680K, reserved 278528K
  class space    used 9778K, committed 10944K, reserved 212992K
}
Event: 23.205 GC heap before
{Heap before GC invocations=51 (full 0):
 garbage-first heap   total 101376K, used 91219K [0x00000000e0000000, 0x0000000100000000)
  region size 1024K, 32 young (32768K), 2 survivors (2048K)
 Metaspace       used 71502K, committed 73920K, reserved 278528K
  class space    used 10132K, committed 11328K, reserved 212992K
}
Event: 23.217 GC heap after
{Heap after GC invocations=52 (full 0):
 garbage-first heap   total 101376K, used 62316K [0x00000000e0000000, 0x0000000100000000)
  region size 1024K, 4 young (4096K), 4 survivors (4096K)
 Metaspace       used 71502K, committed 73920K, reserved 278528K
  class space    used 10132K, committed 11328K, reserved 212992K
}
Event: 24.246 GC heap before
{Heap before GC invocations=52 (full 0):
 garbage-first heap   total 101376K, used 89964K [0x00000000e0000000, 0x0000000100000000)
  region size 1024K, 32 young (32768K), 4 survivors (4096K)
 Metaspace       used 72513K, committed 74944K, reserved 278528K
  class space    used 10217K, committed 11456K, reserved 212992K
}
Event: 24.313 GC heap after
{Heap after GC invocations=53 (full 0):
 garbage-first heap   total 101376K, used 64783K [0x00000000e0000000, 0x0000000100000000)
  region size 1024K, 3 young (3072K), 3 survivors (3072K)
 Metaspace       used 72513K, committed 74944K, reserved 278528K
  class space    used 10217K, committed 11456K, reserved 212992K
}
Event: 25.213 GC heap before
{Heap before GC invocations=53 (full 0):
 garbage-first heap   total 101376K, used 83215K [0x00000000e0000000, 0x0000000100000000)
  region size 1024K, 23 young (23552K), 3 survivors (3072K)
 Metaspace       used 74918K, committed 77312K, reserved 278528K
  class space    used 10561K, committed 11776K, reserved 212992K
}
Event: 25.224 GC heap after
{Heap after GC invocations=54 (full 0):
 garbage-first heap   total 101376K, used 66142K [0x00000000e0000000, 0x0000000100000000)
  region size 1024K, 2 young (2048K), 2 survivors (2048K)
 Metaspace       used 74918K, committed 77312K, reserved 278528K
  class space    used 10561K, committed 11776K, reserved 212992K
}
Event: 26.405 GC heap before
{Heap before GC invocations=55 (full 0):
 garbage-first heap   total 121856K, used 100958K [0x00000000e0000000, 0x0000000100000000)
  region size 1024K, 27 young (27648K), 2 survivors (2048K)
 Metaspace       used 80448K, committed 82880K, reserved 344064K
  class space    used 11198K, committed 12416K, reserved 212992K
}
Event: 26.418 GC heap after
{Heap after GC invocations=56 (full 0):
 garbage-first heap   total 121856K, used 75996K [0x00000000e0000000, 0x0000000100000000)
  region size 1024K, 4 young (4096K), 4 survivors (4096K)
 Metaspace       used 80448K, committed 82880K, reserved 344064K
  class space    used 11198K, committed 12416K, reserved 212992K
}
Event: 27.328 GC heap before
{Heap before GC invocations=56 (full 0):
 garbage-first heap   total 121856K, used 108764K [0x00000000e0000000, 0x0000000100000000)
  region size 1024K, 36 young (36864K), 4 survivors (4096K)
 Metaspace       used 80633K, committed 83072K, reserved 344064K
  class space    used 11206K, committed 12416K, reserved 212992K
}
Event: 27.406 GC heap after
{Heap after GC invocations=57 (full 0):
 garbage-first heap   total 122880K, used 83968K [0x00000000e0000000, 0x0000000100000000)
  region size 1024K, 5 young (5120K), 5 survivors (5120K)
 Metaspace       used 80633K, committed 83072K, reserved 344064K
  class space    used 11206K, committed 12416K, reserved 212992K
}
Event: 28.001 GC heap before
{Heap before GC invocations=57 (full 0):
 garbage-first heap   total 122880K, used 108544K [0x00000000e0000000, 0x0000000100000000)
  region size 1024K, 30 young (30720K), 5 survivors (5120K)
 Metaspace       used 80691K, committed 83136K, reserved 344064K
  class space    used 11208K, committed 12416K, reserved 212992K
}
Event: 28.026 GC heap after
{Heap after GC invocations=58 (full 0):
 garbage-first heap   total 122880K, used 90624K [0x00000000e0000000, 0x0000000100000000)
  region size 1024K, 4 young (4096K), 4 survivors (4096K)
 Metaspace       used 80691K, committed 83136K, reserved 344064K
  class space    used 11208K, committed 12416K, reserved 212992K
}

Dll operation events (14 events):
Event: 0.006 Loaded shared library /opt/jdk-21.0.5+11/lib/libjava.so
Event: 0.040 Loaded shared library /opt/jdk-21.0.5+11/lib/libjsvml.so
Event: 0.138 Loaded shared library /opt/jdk-21.0.5+11/lib/libzip.so
Event: 0.144 Loaded shared library /opt/jdk-21.0.5+11/lib/libinstrument.so
Event: 0.147 Loaded shared library /opt/jdk-21.0.5+11/lib/libnio.so
Event: 0.149 Loaded shared library /opt/jdk-21.0.5+11/lib/libzip.so
Event: 0.503 Loaded shared library /opt/jdk-21.0.5+11/lib/libjimage.so
Event: 0.810 Loaded shared library /opt/jdk-21.0.5+11/lib/libverify.so
Event: 0.835 Loaded shared library /opt/jdk-21.0.5+11/lib/libnet.so
Event: 0.836 Loaded shared library /root/.gradle/native/660c5614fbf4a5f2a75b1949f50a0caf5cd603558e7d8a26e50b933a0cfb79d1/linux-amd64/libnative-platform.so
Event: 0.852 Loaded shared library /root/.gradle/native/0.2.8/x86_64-linux-gnu/libgradle-fileevents.so
Event: 2.508 Loaded shared library /opt/jdk-21.0.5+11/lib/libmanagement.so
Event: 2.509 Loaded shared library /opt/jdk-21.0.5+11/lib/libmanagement_ext.so
Event: 2.662 Loaded shared library /opt/jdk-21.0.5+11/lib/libextnet.so

Deoptimization events (20 events):
Event: 27.821 Thread 0x00007f05383a2670 DEOPT PACKING pc=0x00007f05585a4c40 sp=0x00007f05218f2060
Event: 27.821 Thread 0x00007f05383a2670 DEOPT UNPACKING pc=0x00007f0557e2c619 sp=0x00007f05218f1f68 mode 2
Event: 27.821 Thread 0x00007f05383a2670 Uncommon trap: trap_request=0xffffff45 fr.pc=0x00007f055867b34c relative=0x000000000000004c
Event: 27.821 Thread 0x00007f05383a2670 Uncommon trap: reason=unstable_if action=reinterpret pc=0x00007f055867b34c method=java.lang.Character.isSurrogate(C)Z @ 3 c2
Event: 27.821 Thread 0x00007f05383a2670 DEOPT PACKING pc=0x00007f055867b34c sp=0x00007f05218f1fb0
Event: 27.821 Thread 0x00007f05383a2670 DEOPT UNPACKING pc=0x00007f0557e2c619 sp=0x00007f05218f1f68 mode 2
Event: 27.822 Thread 0x00007f05383a2670 Uncommon trap: trap_request=0xffffff45 fr.pc=0x00007f0558687904 relative=0x00000000000000c4
Event: 27.822 Thread 0x00007f05383a2670 Uncommon trap: reason=unstable_if action=reinterpret pc=0x00007f0558687904 method=java.lang.Character.isHighSurrogate(C)Z @ 3 c2
Event: 27.822 Thread 0x00007f05383a2670 DEOPT PACKING pc=0x00007f0558687904 sp=0x00007f05218f0d30
Event: 27.822 Thread 0x00007f05383a2670 DEOPT UNPACKING pc=0x00007f0557e2c619 sp=0x00007f05218f0c80 mode 2
Event: 27.925 Thread 0x00007f05383a2670 DEOPT PACKING pc=0x00007f0551afb042 sp=0x00007f05218f1f60
Event: 27.925 Thread 0x00007f05383a2670 DEOPT UNPACKING pc=0x00007f0557e2d14f sp=0x00007f05218f14c8 mode 0
Event: 27.926 Thread 0x00007f05383a2670 Uncommon trap: trap_request=0xffffff45 fr.pc=0x00007f05585678e8 relative=0x0000000000000688
Event: 27.926 Thread 0x00007f05383a2670 Uncommon trap: reason=unstable_if action=reinterpret pc=0x00007f05585678e8 method=java.lang.AbstractStringBuilder.inflateIfNeededFor(Ljava/lang/String;)V @ 14 c2
Event: 27.926 Thread 0x00007f05383a2670 DEOPT PACKING pc=0x00007f05585678e8 sp=0x00007f05218f09e0
Event: 27.926 Thread 0x00007f05383a2670 DEOPT UNPACKING pc=0x00007f0557e2c619 sp=0x00007f05218f0818 mode 2
Event: 28.128 Thread 0x00007f05383a2670 DEOPT PACKING pc=0x00007f055144d14f sp=0x00007f05218f1d90
Event: 28.128 Thread 0x00007f05383a2670 DEOPT UNPACKING pc=0x00007f0557e2d14f sp=0x00007f05218f1278 mode 0
Event: 28.336 Thread 0x00007f05383a2670 DEOPT PACKING pc=0x00007f0551164ff1 sp=0x00007f05218f0790
Event: 28.336 Thread 0x00007f05383a2670 DEOPT UNPACKING pc=0x00007f0557e2d14f sp=0x00007f05218efc48 mode 0

Classes loaded (20 events):
Event: 25.023 Loading class java/util/ResourceBundle$BundleReference
Event: 25.024 Loading class java/util/ResourceBundle$BundleReference done
Event: 25.108 Loading class java/util/ServiceLoader$ProviderSpliterator
Event: 25.109 Loading class java/util/ServiceLoader$ProviderSpliterator done
Event: 25.709 Loading class java/io/BufferedReader$1
Event: 25.710 Loading class java/io/BufferedReader$1 done
Event: 25.808 Loading class java/util/zip/ZipInputStream
Event: 25.809 Loading class java/util/zip/ZipInputStream done
Event: 25.810 Loading class java/net/URLDecoder
Event: 25.811 Loading class java/net/URLDecoder done
Event: 25.811 Loading class java/util/WeakHashMap$EntrySet
Event: 25.812 Loading class java/util/WeakHashMap$EntrySet done
Event: 25.812 Loading class java/util/WeakHashMap$EntryIterator
Event: 25.812 Loading class java/util/WeakHashMap$EntryIterator done
Event: 25.812 Loading class java/util/zip/ZipFile$ZipEntryIterator
Event: 25.812 Loading class java/util/zip/ZipFile$ZipEntryIterator done
Event: 25.917 Loading class java/lang/foreign/MemorySegment
Event: 25.918 Loading class java/lang/foreign/MemorySegment done
Event: 26.157 Loading class java/lang/StringIndexOutOfBoundsException
Event: 26.158 Loading class java/lang/StringIndexOutOfBoundsException done

Classes unloaded (0 events):
No events

Classes redefined (0 events):
No events

Internal exceptions (20 events):
Event: 22.617 Thread 0x00007f051800a670 Exception <a 'java/lang/IncompatibleClassChangeError'{0x00000000e51c8aa8}: Found class java.lang.Object, but interface was expected> (0x00000000e51c8aa8) 
thrown [src/hotspot/share/interpreter/linkResolver.cpp, line 840]
Event: 22.628 Thread 0x00007f051800a670 Exception <a 'java/lang/IncompatibleClassChangeError'{0x00000000e5019160}: Found class java.lang.Object, but interface was expected> (0x00000000e5019160) 
thrown [src/hotspot/share/interpreter/linkResolver.cpp, line 840]
Event: 22.633 Thread 0x00007f051800a670 Exception <a 'java/lang/NoSuchMethodError'{0x00000000e50501a8}: 'int java.lang.invoke.DirectMethodHandle$Holder.invokeSpecial(java.lang.Object, java.lang.Object, int, java.lang.Object)'> (0x00000000e50501a8) 
thrown [src/hotspot/share/interpreter/linkResolver.cpp, line 772]
Event: 22.724 Thread 0x00007f05383972f0 Exception <a 'java/lang/NoSuchMethodError'{0x00000000e4eba9f8}: 'java.lang.Object java.lang.invoke.DirectMethodHandle$Holder.newInvokeSpecial(java.lang.Object, java.lang.Object, int, java.lang.Object, java.lang.Object)'> (0x00000000e4eba9f8) 
thrown [src/hotspot/share/interpreter/linkResolver.cpp, line 772]
Event: 22.725 Thread 0x00007f05383972f0 Exception <a 'java/lang/NoSuchMethodError'{0x00000000e4ebe6b8}: 'java.lang.Object java.lang.invoke.Invokers$Holder.linkToTargetMethod(java.lang.Object, int, java.lang.Object, java.lang.Object, java.lang.Object)'> (0x00000000e4ebe6b8) 
thrown [src/hotspot/share/interpreter/linkResolver.cpp, line 772]
Event: 22.802 Thread 0x00007f05383972f0 Exception <a 'java/lang/NoSuchMethodError'{0x00000000e4c03118}: 'void java.lang.invoke.DirectMethodHandle$Holder.invokeSpecial(java.lang.Object, java.lang.Object, java.lang.Object, java.lang.Object, int, java.lang.Object, java.lang.Object)'> (0x00000000e4c03118) 
thrown [src/hotspot/share/interpreter/linkResolver.cpp, line 772]
Event: 22.913 Thread 0x00007f05383a2670 Exception <a 'sun/nio/fs/UnixException'{0x00000000e4719d38}> (0x00000000e4719d38) 
thrown [src/hotspot/share/prims/jni.cpp, line 520]
Event: 22.915 Thread 0x00007f05383a2670 Exception <a 'sun/nio/fs/UnixException'{0x00000000e471b8a0}> (0x00000000e471b8a0) 
thrown [src/hotspot/share/prims/jni.cpp, line 520]
Event: 22.916 Thread 0x00007f05383a2670 Exception <a 'sun/nio/fs/UnixException'{0x00000000e471d1b0}> (0x00000000e471d1b0) 
thrown [src/hotspot/share/prims/jni.cpp, line 520]
Event: 22.917 Thread 0x00007f05383a2670 Exception <a 'sun/nio/fs/UnixException'{0x00000000e471e8a0}> (0x00000000e471e8a0) 
thrown [src/hotspot/share/prims/jni.cpp, line 520]
Event: 22.946 Thread 0x00007f05383972f0 Exception <a 'sun/nio/fs/UnixException'{0x00000000e463c4c0}> (0x00000000e463c4c0) 
thrown [src/hotspot/share/prims/jni.cpp, line 520]
Event: 23.331 Thread 0x00007f05383a2670 Exception <a 'java/lang/IncompatibleClassChangeError'{0x00000000e5cd0820}: Found class java.lang.Object, but interface was expected> (0x00000000e5cd0820) 
thrown [src/hotspot/share/interpreter/linkResolver.cpp, line 840]
Event: 23.340 Thread 0x00007f05383a2670 Exception <a 'java/lang/NoSuchMethodError'{0x00000000e5cf2c20}: static Ljava/lang/Object;.<clinit>()V> (0x00000000e5cf2c20) 
thrown [src/hotspot/share/prims/jni.cpp, line 1111]
Event: 24.705 Thread 0x00007f05383a2670 Exception <a 'java/lang/NoSuchMethodError'{0x00000000e5823610}: 'int java.lang.invoke.DirectMethodHandle$Holder.invokeStaticInit(java.lang.Object, java.lang.Object, java.lang.Object, java.lang.Object, java.lang.Object)'> (0x00000000e5823610) 
thrown [src/hotspot/share/interpreter/linkResolver.cpp, line 772]
Event: 24.900 Thread 0x00007f05383a2670 Exception <a 'java/lang/NoSuchMethodError'{0x00000000e548a360}: 'java.lang.Object java.lang.invoke.DirectMethodHandle$Holder.newInvokeSpecial(java.lang.Object, java.lang.Object, int, java.lang.Object, java.lang.Object, java.lang.Object, java.lang.Object)'> (0x00000000e548a360) 
thrown [src/hotspot/share/interpreter/linkResolver.cpp, line 772]
Event: 24.900 Thread 0x00007f05383a2670 Exception <a 'java/lang/NoSuchMethodError'{0x00000000e5492890}: 'java.lang.Object java.lang.invoke.Invokers$Holder.linkToTargetMethod(java.lang.Object, int, java.lang.Object, java.lang.Object, java.lang.Object, java.lang.Object, java.lang.Object)'> (0x00000000e5492890) 
thrown [src/hotspot/share/interpreter/linkResolver.cpp, line 772]
Event: 25.543 Thread 0x00007f05383a2670 Exception <a 'java/lang/NoSuchMethodError'{0x00000000e5dca058}: 'java.lang.Object java.lang.invoke.Invokers$Holder.linkToTargetMethod(java.lang.Object, java.lang.Object, java.lang.Object, int, int, java.lang.Object)'> (0x00000000e5dca058) 
thrown [src/hotspot/share/interpreter/linkResolver.cpp, line 772]
Event: 25.812 Thread 0x00007f05383a2670 Implicit null exception at 0x00007f0558552df1 to 0x00007f05585539e8
Event: 25.823 Thread 0x00007f05383a2670 Implicit null exception at 0x00007f0558744120 to 0x00007f0558745500
Event: 25.823 Thread 0x00007f05383a2670 Implicit null exception at 0x00007f0558753c51 to 0x00007f0558753d64

ZGC Phase Switch (0 events):
No events

VM Operations (20 events):
Event: 24.943 Executing VM operation: ICBufferFull done
Event: 25.004 Executing VM operation: HandshakeAllThreads (Deoptimize)
Event: 25.005 Executing VM operation: HandshakeAllThreads (Deoptimize) done
Event: 25.118 Executing VM operation: HandshakeAllThreads (Deoptimize)
Event: 25.118 Executing VM operation: HandshakeAllThreads (Deoptimize) done
Event: 25.213 Executing VM operation: G1TryInitiateConcMark (G1 Humongous Allocation)
Event: 25.224 Executing VM operation: G1TryInitiateConcMark (G1 Humongous Allocation) done
Event: 25.500 Executing VM operation: G1PauseRemark
Event: 25.513 Executing VM operation: G1PauseRemark done
Event: 25.620 Executing VM operation: G1PauseCleanup
Event: 25.621 Executing VM operation: G1PauseCleanup done
Event: 26.156 Executing VM operation: HandshakeAllThreads (Deoptimize)
Event: 26.157 Executing VM operation: HandshakeAllThreads (Deoptimize) done
Event: 26.405 Executing VM operation: G1CollectForAllocation (G1 Evacuation Pause)
Event: 26.418 Executing VM operation: G1CollectForAllocation (G1 Evacuation Pause) done
Event: 27.328 Executing VM operation: G1CollectForAllocation (G1 Evacuation Pause)
Event: 27.406 Executing VM operation: G1CollectForAllocation (G1 Evacuation Pause) done
Event: 28.001 Executing VM operation: G1CollectForAllocation (G1 Evacuation Pause)
Event: 28.027 Executing VM operation: G1CollectForAllocation (G1 Evacuation Pause) done
Event: 28.338 Executing VM operation: G1PauseRemark

Memory protections (20 events):
Event: 13.835 Protecting memory [0x00007f05405eb000,0x00007f05405ef000] with protection modes 0
Event: 17.463 Protecting memory [0x00007f05404ea000,0x00007f05404ee000] with protection modes 0
Event: 18.429 Protecting memory [0x00007f05403e9000,0x00007f05403ed000] with protection modes 0
Event: 18.531 Protecting memory [0x00007f05402e8000,0x00007f05402ec000] with protection modes 0
Event: 18.533 Protecting memory [0x00007f05401e7000,0x00007f05401eb000] with protection modes 0
Event: 19.551 Protecting memory [0x00007f05401e7000,0x00007f05401eb000] with protection modes 0
Event: 20.223 Protecting memory [0x00007f05402e8000,0x00007f05402ec000] with protection modes 0
Event: 20.328 Protecting memory [0x00007f05400e6000,0x00007f05400ea000] with protection modes 0
Event: 20.329 Protecting memory [0x00007f0521f00000,0x00007f0521f04000] with protection modes 0
Event: 20.353 Protecting memory [0x00007f0521dff000,0x00007f0521e03000] with protection modes 0
Event: 20.360 Protecting memory [0x00007f0521cfe000,0x00007f0521d02000] with protection modes 0
Event: 21.223 Protecting memory [0x00007f0521bfd000,0x00007f0521c01000] with protection modes 0
Event: 21.241 Protecting memory [0x00007f0521afc000,0x00007f0521b00000] with protection modes 0
Event: 21.299 Protecting memory [0x00007f05219fb000,0x00007f05219ff000] with protection modes 0
Event: 22.711 Protecting memory [0x00007f05218fa000,0x00007f05218fe000] with protection modes 0
Event: 22.730 Protecting memory [0x00007f05217f9000,0x00007f05217fd000] with protection modes 0
Event: 22.829 Protecting memory [0x00007f05216f8000,0x00007f05216fc000] with protection modes 0
Event: 23.550 Protecting memory [0x00007f05215f7000,0x00007f05215fb000] with protection modes 0
Event: 24.443 Protecting memory [0x00007f05214f6000,0x00007f05214fa000] with protection modes 0
Event: 24.838 Protecting memory [0x00007f05213f5000,0x00007f05213f9000] with protection modes 0

Nmethod flushes (20 events):
Event: 28.405 Thread 0x00007f05680a9040 flushing  nmethod 0x00007f0551872010
Event: 28.405 Thread 0x00007f05680a9040 flushing  nmethod 0x00007f0551872390
Event: 28.405 Thread 0x00007f05680a9040 flushing  nmethod 0x00007f0551872890
Event: 28.405 Thread 0x00007f05680a9040 flushing  nmethod 0x00007f0551877b90
Event: 28.405 Thread 0x00007f05680a9040 flushing  nmethod 0x00007f0551878210
Event: 28.405 Thread 0x00007f05680a9040 flushing  nmethod 0x00007f055187a490
Event: 28.405 Thread 0x00007f05680a9040 flushing  nmethod 0x00007f055187a810
Event: 28.405 Thread 0x00007f05680a9040 flushing  nmethod 0x00007f055187b910
Event: 28.405 Thread 0x00007f05680a9040 flushing  nmethod 0x00007f055187c610
Event: 28.405 Thread 0x00007f05680a9040 flushing  nmethod 0x00007f055187ca10
Event: 28.405 Thread 0x00007f05680a9040 flushing  nmethod 0x00007f0551883010
Event: 28.405 Thread 0x00007f05680a9040 flushing  nmethod 0x00007f0551884010
Event: 28.405 Thread 0x00007f05680a9040 flushing  nmethod 0x00007f0551885190
Event: 28.405 Thread 0x00007f05680a9040 flushing  nmethod 0x00007f0551885c10
Event: 28.405 Thread 0x00007f05680a9040 flushing  nmethod 0x00007f0551886290
Event: 28.405 Thread 0x00007f05680a9040 flushing  nmethod 0x00007f0551886c90
Event: 28.405 Thread 0x00007f05680a9040 flushing  nmethod 0x00007f0551887410
Event: 28.405 Thread 0x00007f05680a9040 flushing  nmethod 0x00007f05518b5010
Event: 28.405 Thread 0x00007f05680a9040 flushing  nmethod 0x00007f05518bb710
Event: 28.405 Thread 0x00007f05680a9040 flushing  nmethod 0x00007f05518cdb10

Events (20 events):
Event: 18.429 Thread 0x00007f051800a670 Thread added: 0x00007f0539b1f960
Event: 18.531 Thread 0x00007f051800a670 Thread added: 0x00007f0539b412e0
Event: 18.533 Thread 0x00007f051800a670 Thread added: 0x00007f0539b42d80
Event: 19.226 Thread 0x00007f0539b412e0 Thread exited: 0x00007f0539b412e0
Event: 19.375 Thread 0x00007f0539b42d80 Thread exited: 0x00007f0539b42d80
Event: 19.551 Thread 0x00007f051800a670 Thread added: 0x00007f0539b5df30
Event: 20.222 Thread 0x00007f051800a670 Thread added: 0x00007f0539b95100
Event: 20.328 Thread 0x00007f051800a670 Thread added: 0x00007f0538d3c3b0
Event: 20.329 Thread 0x00007f0538d3c3b0 Thread added: 0x00007f0508d03cc0
Event: 20.353 Thread 0x00007f0508d03cc0 Thread added: 0x00007f0504004db0
Event: 20.360 Thread 0x00007f0508d03cc0 Thread added: 0x00007f0504006080
Event: 21.223 Thread 0x00007f0504004db0 Thread added: 0x00007f051001dd00
Event: 21.239 Thread 0x00007f0538d3c3b0 Thread added: 0x00007f0508412740
Event: 21.299 Thread 0x00007f0504006080 Thread added: 0x00007f050c011780
Event: 22.711 Thread 0x00007f051800a670 Thread added: 0x00007f05383972f0
Event: 22.727 Thread 0x00007f05383972f0 Thread added: 0x00007f05383a2670
Event: 22.829 Thread 0x00007f05383a2670 Thread added: 0x00007f053401d9f0
Event: 23.549 Thread 0x00007f05383a2670 Thread added: 0x00007f053403d4e0
Event: 24.442 Thread 0x00007f05383a2670 Thread added: 0x00007f05340a8d80
Event: 24.838 Thread 0x00007f05383a2670 Thread added: 0x00007f05340e4030


Dynamic libraries:
e0000000-e7500000 rw-p 00000000 00:00 0 
e9200000-ffd00000 ---p 00000000 00:00 0 
ffd00000-ffe00000 rw-p 00000000 00:00 0 
ffe00000-fff0d000 rw-p 00cd6000 fe:00 394850                             /opt/jdk-21.0.5+11/lib/server/classes.jsa
fff0d000-100000000 rw-p 00000000 00:00 0 
563dce322000-563dce323000 r-xp 00000000 fe:00 394812                     /opt/jdk-21.0.5+11/bin/java
563dce324000-563dce325000 r--p 00001000 fe:00 394812                     /opt/jdk-21.0.5+11/bin/java
563dce325000-563dce326000 rw-p 00002000 fe:00 394812                     /opt/jdk-21.0.5+11/bin/java
563dcf96a000-563dcf9b1000 rw-p 00000000 00:00 0                          [heap]
7f04fc000000-7f04fcccf000 rw-p 00000000 00:00 0 
7f04fcccf000-7f0500000000 ---p 00000000 00:00 0 
7f0500000000-7f0500180000 rw-p 00000000 00:00 0 
7f0500180000-7f05001a0000 rw-p 00000000 00:00 0 
7f05001a0000-7f0500200000 ---p 00000000 00:00 0 
7f0500200000-7f0500570000 rw-p 00000000 00:00 0 
7f0500570000-7f0504000000 ---p 00000000 00:00 0 
7f0504000000-7f050403c000 rw-p 00000000 00:00 0 
7f050403c000-7f0508000000 ---p 00000000 00:00 0 
7f0508000000-7f0509855000 rw-p 00000000 00:00 0 
7f0509855000-7f050c000000 ---p 00000000 00:00 0 
7f050c000000-7f050c040000 rw-p 00000000 00:00 0 
7f050c040000-7f0510000000 ---p 00000000 00:00 0 
7f0510000000-7f0510053000 rw-p 00000000 00:00 0 
7f0510053000-7f0514000000 ---p 00000000 00:00 0 
7f0514000000-7f0514039000 rw-p 00000000 00:00 0 
7f0514039000-7f0518000000 ---p 00000000 00:00 0 
7f0518000000-7f051802f000 rw-p 00000000 00:00 0 
7f051802f000-7f051c000000 ---p 00000000 00:00 0 
7f051c000000-7f051c1f5000 rw-p 00000000 00:00 0 
7f051c1f5000-7f0520000000 ---p 00000000 00:00 0 
7f0521114000-7f05213f4000 rw-p 00000000 00:00 0 
7f05213f4000-7f05213f5000 ---p 00000000 00:00 0 
7f05213f5000-7f05213f9000 ---p 00000000 00:00 0 
7f05213f9000-7f05214f5000 rw-p 00000000 00:00 0 
7f05214f5000-7f05214f6000 ---p 00000000 00:00 0 
7f05214f6000-7f05214fa000 ---p 00000000 00:00 0 
7f05214fa000-7f05215f6000 rw-p 00000000 00:00 0 
7f05215f6000-7f05215f7000 ---p 00000000 00:00 0 
7f05215f7000-7f05215fb000 ---p 00000000 00:00 0 
7f05215fb000-7f05216f7000 rw-p 00000000 00:00 0 
7f05216f7000-7f05216f8000 ---p 00000000 00:00 0 
7f05216f8000-7f05216fc000 ---p 00000000 00:00 0 
7f05216fc000-7f05217f8000 rw-p 00000000 00:00 0 
7f05217f8000-7f05217f9000 ---p 00000000 00:00 0 
7f05217f9000-7f05217fd000 ---p 00000000 00:00 0 
7f05217fd000-7f05218f9000 rw-p 00000000 00:00 0 
7f05218f9000-7f05218fa000 ---p 00000000 00:00 0 
7f05218fa000-7f05218fe000 ---p 00000000 00:00 0 
7f05218fe000-7f05219fa000 rw-p 00000000 00:00 0 
7f05219fa000-7f05219fb000 ---p 00000000 00:00 0 
7f05219fb000-7f05219ff000 ---p 00000000 00:00 0 
7f05219ff000-7f0521afb000 rw-p 00000000 00:00 0 
7f0521afb000-7f0521afc000 ---p 00000000 00:00 0 
7f0521afc000-7f0521b00000 ---p 00000000 00:00 0 
7f0521b00000-7f0521bfc000 rw-p 00000000 00:00 0 
7f0521bfc000-7f0521bfd000 ---p 00000000 00:00 0 
7f0521bfd000-7f0521c01000 ---p 00000000 00:00 0 
7f0521c01000-7f0521cfd000 rw-p 00000000 00:00 0 
7f0521cfd000-7f0521cfe000 ---p 00000000 00:00 0 
7f0521cfe000-7f0521d02000 ---p 00000000 00:00 0 
7f0521d02000-7f0521dfe000 rw-p 00000000 00:00 0 
7f0521dfe000-7f0521dff000 ---p 00000000 00:00 0 
7f0521dff000-7f0521e03000 ---p 00000000 00:00 0 
7f0521e03000-7f0521eff000 rw-p 00000000 00:00 0 
7f0521eff000-7f0521f00000 ---p 00000000 00:00 0 
7f0521f00000-7f0521f04000 ---p 00000000 00:00 0 
7f0521f04000-7f0522400000 rw-p 00000000 00:00 0 
7f0522400000-7f0522900000 rw-p 00000000 00:00 0 
7f0522900000-7f0522a00000 rw-p 00000000 00:00 0 
7f0522a00000-7f0523100000 rw-p 00000000 00:00 0 
7f0523100000-7f0523200000 rw-p 00000000 00:00 0 
7f0523200000-7f0523d80000 rw-p 00000000 00:00 0 
7f0523d80000-7f0523e00000 rw-p 00000000 00:00 0 
7f0523e00000-7f0524000000 rw-p 00000000 00:00 0 
7f0524000000-7f0524300000 rw-p 00000000 00:00 0 
7f0524300000-7f0524400000 rw-p 00000000 00:00 0 
7f0524400000-7f0524f80000 rw-p 00000000 00:00 0 
7f0524f80000-7f0525040000 rw-p 00000000 00:00 0 
7f0525040000-7f0525080000 rw-p 00000000 00:00 0 
7f0525080000-7f0525100000 rw-p 00000000 00:00 0 
7f0525100000-7f0525300000 rw-p 00000000 00:00 0 
7f0525300000-7f0525400000 rw-p 00000000 00:00 0 
7f0525400000-7f0525700000 rw-p 00000000 00:00 0 
7f0525700000-7f0525780000 rw-p 00000000 00:00 0 
7f0525780000-7f0525800000 rw-p 00000000 00:00 0 
7f0525800000-7f0525900000 rw-p 00000000 00:00 0 
7f0525900000-7f0525a00000 rw-p 00000000 00:00 0 
7f0525a00000-7f0526000000 rw-p 00000000 00:00 0 
7f0526000000-7f052647d000 rw-p 00001000 fe:00 394850                     /opt/jdk-21.0.5+11/lib/server/classes.jsa
7f052647d000-7f0526c97000 rw-p 0047e000 fe:00 394850                     /opt/jdk-21.0.5+11/lib/server/classes.jsa
7f0526c97000-7f0527000000 ---p 00000000 00:00 0 
7f0527000000-7f0527040000 rw-p 00000000 00:00 0 
7f0527040000-7f0527080000 rw-p 00000000 00:00 0 
7f0527080000-7f0527140000 rw-p 00000000 00:00 0 
7f0527140000-7f0527180000 rw-p 00000000 00:00 0 
7f0527180000-7f0527540000 rw-p 00000000 00:00 0 
7f0527540000-7f0527580000 rw-p 00000000 00:00 0 
7f0527580000-7f0527940000 rw-p 00000000 00:00 0 
7f0527940000-7f0527a30000 rw-p 00000000 00:00 0 
7f0527a30000-7f0527a40000 ---p 00000000 00:00 0 
7f0527a40000-7f0527c30000 rw-p 00000000 00:00 0 
7f0527c30000-7f0534000000 ---p 00000000 00:00 0 
7f0534000000-7f05345f8000 rw-p 00000000 00:00 0 
7f05345f8000-7f0538000000 ---p 00000000 00:00 0 
7f0538000000-7f0539bb4000 rw-p 00000000 00:00 0 
7f0539bb4000-7f053c000000 ---p 00000000 00:00 0 
7f053c000000-7f053c023000 rw-p 00000000 00:00 0 
7f053c023000-7f0540000000 ---p 00000000 00:00 0 
7f05400e5000-7f05400e6000 ---p 00000000 00:00 0 
7f05400e6000-7f05400ea000 ---p 00000000 00:00 0 
7f05400ea000-7f05401e6000 rw-p 00000000 00:00 0 
7f05401e6000-7f05401e7000 ---p 00000000 00:00 0 
7f05401e7000-7f05401eb000 ---p 00000000 00:00 0 
7f05401eb000-7f05402e7000 rw-p 00000000 00:00 0 
7f05402e7000-7f05402e8000 ---p 00000000 00:00 0 
7f05402e8000-7f05402ec000 ---p 00000000 00:00 0 
7f05402ec000-7f05403e8000 rw-p 00000000 00:00 0 
7f05403e8000-7f05403e9000 ---p 00000000 00:00 0 
7f05403e9000-7f05403ed000 ---p 00000000 00:00 0 
7f05403ed000-7f05404e9000 rw-p 00000000 00:00 0 
7f05404e9000-7f05404ea000 ---p 00000000 00:00 0 
7f05404ea000-7f05404ee000 ---p 00000000 00:00 0 
7f05404ee000-7f05405ea000 rw-p 00000000 00:00 0 
7f05405ea000-7f05405eb000 ---p 00000000 00:00 0 
7f05405eb000-7f05405ef000 ---p 00000000 00:00 0 
7f05405ef000-7f05406eb000 rw-p 00000000 00:00 0 
7f05406eb000-7f05406ec000 ---p 00000000 00:00 0 
7f05406ec000-7f05406f0000 ---p 00000000 00:00 0 
7f05406f0000-7f05407ec000 rw-p 00000000 00:00 0 
7f05407ec000-7f05407ed000 ---p 00000000 00:00 0 
7f05407ed000-7f05407f1000 ---p 00000000 00:00 0 
7f05407f1000-7f05408ed000 rw-p 00000000 00:00 0 
7f05408ed000-7f05408ee000 ---p 00000000 00:00 0 
7f05408ee000-7f05408f2000 ---p 00000000 00:00 0 
7f05408f2000-7f05409ee000 rw-p 00000000 00:00 0 
7f05409ee000-7f05409ef000 ---p 00000000 00:00 0 
7f05409ef000-7f05409f3000 ---p 00000000 00:00 0 
7f05409f3000-7f0540aef000 rw-p 00000000 00:00 0 
7f0540aef000-7f0540af0000 ---p 00000000 00:00 0 
7f0540af0000-7f0540af4000 ---p 00000000 00:00 0 
7f0540af4000-7f0540bf0000 rw-p 00000000 00:00 0 
7f0540bf0000-7f0540bf1000 ---p 00000000 00:00 0 
7f0540bf1000-7f0540bf5000 ---p 00000000 00:00 0 
7f0540bf5000-7f0540cf1000 rw-p 00000000 00:00 0 
7f0540cf1000-7f0540cf2000 ---p 00000000 00:00 0 
7f0540cf2000-7f0540cf6000 ---p 00000000 00:00 0 
7f0540cf6000-7f0540df2000 rw-p 00000000 00:00 0 
7f0540df2000-7f0540df3000 ---p 00000000 00:00 0 
7f0540df3000-7f0540df7000 ---p 00000000 00:00 0 
7f0540df7000-7f0540ef3000 rw-p 00000000 00:00 0 
7f0540ef3000-7f0540ef4000 ---p 00000000 00:00 0 
7f0540ef4000-7f0540ef8000 ---p 00000000 00:00 0 
7f0540ef8000-7f0540ff4000 rw-p 00000000 00:00 0 
7f0540ff4000-7f0540ff5000 ---p 00000000 00:00 0 
7f0540ff5000-7f0540ff9000 ---p 00000000 00:00 0 
7f0540ff9000-7f05410f5000 rw-p 00000000 00:00 0 
7f05410f5000-7f05410f6000 ---p 00000000 00:00 0 
7f05410f6000-7f05410fa000 ---p 00000000 00:00 0 
7f05410fa000-7f05411f6000 rw-p 00000000 00:00 0 
7f05411f6000-7f05411f7000 ---p 00000000 00:00 0 
7f05411f7000-7f05411fb000 ---p 00000000 00:00 0 
7f05411fb000-7f05412f7000 rw-p 00000000 00:00 0 
7f05412f7000-7f05412f8000 ---p 00000000 00:00 0 
7f05412f8000-7f05412fc000 ---p 00000000 00:00 0 
7f05412fc000-7f05413f8000 rw-p 00000000 00:00 0 
7f05413f8000-7f05413f9000 ---p 00000000 00:00 0 
7f05413f9000-7f05413fd000 ---p 00000000 00:00 0 
7f05413fd000-7f05414f9000 rw-p 00000000 00:00 0 
7f05414f9000-7f05414fa000 ---p 00000000 00:00 0 
7f05414fa000-7f05414fe000 ---p 00000000 00:00 0 
7f05414fe000-7f05415fa000 rw-p 00000000 00:00 0 
7f05415fa000-7f05415fb000 ---p 00000000 00:00 0 
7f05415fb000-7f05415ff000 ---p 00000000 00:00 0 
7f05415ff000-7f05416fb000 rw-p 00000000 00:00 0 
7f05416fb000-7f05416fc000 ---p 00000000 00:00 0 
7f05416fc000-7f0541700000 ---p 00000000 00:00 0 
7f0541700000-7f05417fc000 rw-p 00000000 00:00 0 
7f05417fc000-7f05417fd000 ---p 00000000 00:00 0 
7f05417fd000-7f0541801000 ---p 00000000 00:00 0 
7f0541801000-7f05418fd000 rw-p 00000000 00:00 0 
7f05418fd000-7f05418fe000 ---p 00000000 00:00 0 
7f05418fe000-7f0541902000 ---p 00000000 00:00 0 
7f0541902000-7f05419fe000 rw-p 00000000 00:00 0 
7f05419fe000-7f05419ff000 ---p 00000000 00:00 0 
7f05419ff000-7f0541a03000 ---p 00000000 00:00 0 
7f0541a03000-7f0541aff000 rw-p 00000000 00:00 0 
7f0541aff000-7f0541b00000 ---p 00000000 00:00 0 
7f0541b00000-7f0541b04000 ---p 00000000 00:00 0 
7f0541b04000-7f0541c00000 rw-p 00000000 00:00 0 
7f0541c00000-7f0541c05000 r-xp 00000000 fe:00 263508                     /root/.gradle/native/660c5614fbf4a5f2a75b1949f50a0caf5cd603558e7d8a26e50b933a0cfb79d1/linux-amd64/libnative-platform.so
7f0541c05000-7f0541e05000 ---p 00005000 fe:00 263508                     /root/.gradle/native/660c5614fbf4a5f2a75b1949f50a0caf5cd603558e7d8a26e50b933a0cfb79d1/linux-amd64/libnative-platform.so
7f0541e05000-7f0541e06000 r--p 00005000 fe:00 263508                     /root/.gradle/native/660c5614fbf4a5f2a75b1949f50a0caf5cd603558e7d8a26e50b933a0cfb79d1/linux-amd64/libnative-platform.so
7f0541e06000-7f0541e07000 rw-p 00006000 fe:00 263508                     /root/.gradle/native/660c5614fbf4a5f2a75b1949f50a0caf5cd603558e7d8a26e50b933a0cfb79d1/linux-amd64/libnative-platform.so
7f0541eff000-7f0541f00000 ---p 00000000 00:00 0 
7f0541f00000-7f0541f04000 ---p 00000000 00:00 0 
7f0541f04000-7f0544000000 rw-p 00000000 00:00 0 
7f0544000000-7f0544021000 rw-p 00000000 00:00 0 
7f0544021000-7f0548000000 ---p 00000000 00:00 0 
7f0548000000-7f0548065000 rw-p 00000000 00:00 0 
7f0548065000-7f054c000000 ---p 00000000 00:00 0 
7f054c000000-7f054c039000 rw-p 00000000 00:00 0 
7f054c039000-7f0550000000 ---p 00000000 00:00 0 
7f0550036000-7f0550037000 ---p 00000000 00:00 0 
7f0550037000-7f055003b000 ---p 00000000 00:00 0 
7f055003b000-7f0550137000 rw-p 00000000 00:00 0 
7f0550137000-7f0550138000 ---p 00000000 00:00 0 
7f0550138000-7f055013c000 ---p 00000000 00:00 0 
7f055013c000-7f0550238000 rw-p 00000000 00:00 0 
7f0550238000-7f0550274000 r--p 00000000 fe:00 263533                     /root/.gradle/native/0.2.8/x86_64-linux-gnu/libgradle-fileevents.so
7f0550274000-7f05502bc000 r-xp 0003b000 fe:00 263533                     /root/.gradle/native/0.2.8/x86_64-linux-gnu/libgradle-fileevents.so
7f05502bc000-7f05502c5000 r--p 00082000 fe:00 263533                     /root/.gradle/native/0.2.8/x86_64-linux-gnu/libgradle-fileevents.so
7f05502c5000-7f05502c6000 rw-p 0008a000 fe:00 263533                     /root/.gradle/native/0.2.8/x86_64-linux-gnu/libgradle-fileevents.so
7f05502c6000-7f05502c8000 rw-p 00000000 00:00 0 
7f05502c8000-7f05502c9000 ---p 00000000 00:00 0 
7f05502c9000-7f05503c9000 rw-p 00000000 00:00 0 
7f05503c9000-7f05503ca000 ---p 00000000 00:00 0 
7f05503ca000-7f05503ce000 ---p 00000000 00:00 0 
7f05503ce000-7f05504ca000 rw-p 00000000 00:00 0 
7f05504ca000-7f05504cb000 ---p 00000000 00:00 0 
7f05504cb000-7f05504cf000 ---p 00000000 00:00 0 
7f05504cf000-7f05505cb000 rw-p 00000000 00:00 0 
7f05505cb000-7f0550699000 r-xp 00000000 fe:00 394856                     /opt/jdk-21.0.5+11/lib/libjsvml.so
7f0550699000-7f055069a000 r--p 000cd000 fe:00 394856                     /opt/jdk-21.0.5+11/lib/libjsvml.so
7f055069a000-7f055069b000 rw-p 000ce000 fe:00 394856                     /opt/jdk-21.0.5+11/lib/libjsvml.so
7f055069b000-7f055069c000 ---p 00000000 00:00 0 
7f055069c000-7f05506a0000 ---p 00000000 00:00 0 
7f05506a0000-7f055079c000 rw-p 00000000 00:00 0 
7f055079c000-7f055079d000 ---p 00000000 00:00 0 
7f055079d000-7f05507a1000 ---p 00000000 00:00 0 
7f05507a1000-7f055089d000 rw-p 00000000 00:00 0 
7f055089d000-7f0551b3d000 rwxp 00000000 00:00 0 
7f0551b3d000-7f0557dd5000 ---p 00000000 00:00 0 
7f0557dd5000-7f0558045000 rwxp 00000000 00:00 0 
7f0558045000-7f0558364000 ---p 00000000 00:00 0 
7f0558364000-7f0558804000 rwxp 00000000 00:00 0 
7f0558804000-7f055f89d000 ---p 00000000 00:00 0 
7f055f89d000-7f0568000000 r--s 00000000 fe:00 394833                     /opt/jdk-21.0.5+11/lib/modules
7f0568000000-7f05693c1000 rw-p 00000000 00:00 0 
7f05693c1000-7f056c000000 ---p 00000000 00:00 0 
7f056c03e000-7f056c040000 r-xp 00000000 fe:00 394885                     /opt/jdk-21.0.5+11/lib/libextnet.so
7f056c040000-7f056c041000 r--p 00001000 fe:00 394885                     /opt/jdk-21.0.5+11/lib/libextnet.so
7f056c041000-7f056c042000 rw-p 00002000 fe:00 394885                     /opt/jdk-21.0.5+11/lib/libextnet.so
7f056c042000-7f056c047000 r-xp 00000000 fe:00 394853                     /opt/jdk-21.0.5+11/lib/libmanagement_ext.so
7f056c047000-7f056c048000 ---p 00005000 fe:00 394853                     /opt/jdk-21.0.5+11/lib/libmanagement_ext.so
7f056c048000-7f056c049000 r--p 00005000 fe:00 394853                     /opt/jdk-21.0.5+11/lib/libmanagement_ext.so
7f056c049000-7f056c04a000 rw-p 00006000 fe:00 394853                     /opt/jdk-21.0.5+11/lib/libmanagement_ext.so
7f056c04a000-7f056c04e000 r-xp 00000000 fe:00 394840                     /opt/jdk-21.0.5+11/lib/libmanagement.so
7f056c04e000-7f056c04f000 r--p 00003000 fe:00 394840                     /opt/jdk-21.0.5+11/lib/libmanagement.so
7f056c04f000-7f056c050000 rw-p 00004000 fe:00 394840                     /opt/jdk-21.0.5+11/lib/libmanagement.so
7f056c050000-7f056c05d000 r-xp 00000000 fe:00 394882                     /opt/jdk-21.0.5+11/lib/libverify.so
7f056c05d000-7f056c05f000 r--p 0000c000 fe:00 394882                     /opt/jdk-21.0.5+11/lib/libverify.so
7f056c05f000-7f056c060000 rw-p 0000e000 fe:00 394882                     /opt/jdk-21.0.5+11/lib/libverify.so
7f056c060000-7f056c06c000 r-xp 00000000 fe:00 394861                     /opt/jdk-21.0.5+11/lib/libnet.so
7f056c06c000-7f056c06d000 r--p 0000b000 fe:00 394861                     /opt/jdk-21.0.5+11/lib/libnet.so
7f056c06d000-7f056c06e000 rw-p 0000c000 fe:00 394861                     /opt/jdk-21.0.5+11/lib/libnet.so
7f056c06e000-7f056c082000 r-xp 00000000 fe:00 394889                     /opt/jdk-21.0.5+11/lib/libnio.so
7f056c082000-7f056c083000 r--p 00013000 fe:00 394889                     /opt/jdk-21.0.5+11/lib/libnio.so
7f056c083000-7f056c084000 rw-p 00014000 fe:00 394889                     /opt/jdk-21.0.5+11/lib/libnio.so
7f056c084000-7f056c09f000 r-xp 00000000 fe:00 394829                     /opt/jdk-21.0.5+11/lib/libzip.so
7f056c09f000-7f056c0a0000 r--p 0001a000 fe:00 394829                     /opt/jdk-21.0.5+11/lib/libzip.so
7f056c0a0000-7f056c0a1000 rw-p 0001b000 fe:00 394829                     /opt/jdk-21.0.5+11/lib/libzip.so
7f056c0a1000-7f056c0a2000 ---p 00000000 00:00 0 
7f056c0a2000-7f056c0a6000 ---p 00000000 00:00 0 
7f056c0a6000-7f056c1a2000 rw-p 00000000 00:00 0 
7f056c1a2000-7f056c1a3000 ---p 00000000 00:00 0 
7f056c1a3000-7f056c1a7000 ---p 00000000 00:00 0 
7f056c1a7000-7f056c2a3000 rw-p 00000000 00:00 0 
7f056c2a3000-7f056c2a4000 ---p 00000000 00:00 0 
7f056c2a4000-7f056c2a8000 ---p 00000000 00:00 0 
7f056c2a8000-7f056c3a4000 rw-p 00000000 00:00 0 
7f056c3a4000-7f056c3a5000 ---p 00000000 00:00 0 
7f056c3a5000-7f056c3a9000 ---p 00000000 00:00 0 
7f056c3a9000-7f056c4a5000 rw-p 00000000 00:00 0 
7f056c4a5000-7f056c4a6000 ---p 00000000 00:00 0 
7f056c4a6000-7f056c4aa000 ---p 00000000 00:00 0 
7f056c4aa000-7f056c5a6000 rw-p 00000000 00:00 0 
7f056c5a6000-7f056c5fd000 r--p 00000000 00:25 13882                      /usr/lib/locale/C.utf8/LC_CTYPE
7f056c5fd000-7f056c5fe000 r--p 00000000 00:25 13888                      /usr/lib/locale/C.utf8/LC_NUMERIC
7f056c5fe000-7f056c5ff000 r--p 00000000 00:25 13891                      /usr/lib/locale/C.utf8/LC_TIME
7f056c5ff000-7f056c600000 r--p 00000000 00:25 13881                      /usr/lib/locale/C.utf8/LC_COLLATE
7f056c600000-7f056c601000 r--p 00000000 00:25 13886                      /usr/lib/locale/C.utf8/LC_MONETARY
7f056c601000-7f056c602000 r--p 00000000 00:25 13885                      /usr/lib/locale/C.utf8/LC_MESSAGES/SYS_LC_MESSAGES
7f056c602000-7f056c603000 r--p 00000000 00:25 13889                      /usr/lib/locale/C.utf8/LC_PAPER
7f056c603000-7f056c604000 r--p 00000000 00:25 13887                      /usr/lib/locale/C.utf8/LC_NAME
7f056c604000-7f056c60b000 r--s 00000000 00:25 17572                      /usr/lib/x86_64-linux-gnu/gconv/gconv-modules.cache
7f056c60b000-7f056c60c000 ---p 00000000 00:00 0 
7f056c60c000-7f056c70c000 rw-p 00000000 00:00 0 
7f056c70c000-7f056c70d000 ---p 00000000 00:00 0 
7f056c70d000-7f056c92a000 rw-p 00000000 00:00 0 
7f056c92a000-7f056c92b000 ---p 00000000 00:00 0 
7f056c92b000-7f056ca2b000 rw-p 00000000 00:00 0 
7f056ca2b000-7f056ca2c000 ---p 00000000 00:00 0 
7f056ca2c000-7f056cd2e000 rw-p 00000000 00:00 0 
7f056cd2e000-7f056cd2f000 ---p 00000000 00:00 0 
7f056cd2f000-7f056ce2f000 rw-p 00000000 00:00 0 
7f056ce2f000-7f056ce30000 ---p 00000000 00:00 0 
7f056ce30000-7f056cf30000 rw-p 00000000 00:00 0 
7f056cf30000-7f056cf31000 ---p 00000000 00:00 0 
7f056cf31000-7f056d217000 rw-p 00000000 00:00 0 
7f056d217000-7f056d837000 ---p 00000000 00:00 0 
7f056d837000-7f056d87e000 rw-p 00000000 00:00 0 
7f056d87e000-7f056d941000 ---p 00000000 00:00 0 
7f056d941000-7f056d97e000 rw-p 00000000 00:00 0 
7f056d97e000-7f056da41000 ---p 00000000 00:00 0 
7f056da41000-7f056dc4f000 rw-p 00000000 00:00 0 
7f056dc4f000-7f056dd30000 ---p 00000000 00:00 0 
7f056dd30000-7f056dd56000 rw-p 00000000 00:00 0 
7f056dd56000-7f056de1b000 ---p 00000000 00:00 0 
7f056de1b000-7f056de20000 rw-p 00000000 00:00 0 
7f056de20000-7f056de27000 ---p 00000000 00:00 0 
7f056de27000-7f056de2f000 rw-s 00000000 fe:00 265295                     /tmp/hsperfdata_root/10707
7f056de2f000-7f056de4f000 r-xp 00000000 fe:00 394888                     /opt/jdk-21.0.5+11/lib/libjava.so
7f056de4f000-7f056de50000 ---p 00020000 fe:00 394888                     /opt/jdk-21.0.5+11/lib/libjava.so
7f056de50000-7f056de51000 r--p 00020000 fe:00 394888                     /opt/jdk-21.0.5+11/lib/libjava.so
7f056de51000-7f056de52000 rw-p 00021000 fe:00 394888                     /opt/jdk-21.0.5+11/lib/libjava.so
7f056de52000-7f056de53000 rw-p 00000000 00:00 0 
7f056de53000-7f056de5d000 r-xp 00000000 fe:00 394879                     /opt/jdk-21.0.5+11/lib/libinstrument.so
7f056de5d000-7f056de5e000 ---p 0000a000 fe:00 394879                     /opt/jdk-21.0.5+11/lib/libinstrument.so
7f056de5e000-7f056de5f000 r--p 0000a000 fe:00 394879                     /opt/jdk-21.0.5+11/lib/libinstrument.so
7f056de5f000-7f056de60000 rw-p 0000b000 fe:00 394879                     /opt/jdk-21.0.5+11/lib/libinstrument.so
7f056de60000-7f056de7b000 r-xp 00000000 fe:00 394836                     /opt/jdk-21.0.5+11/lib/libjimage.so
7f056de7b000-7f056de7c000 ---p 0001b000 fe:00 394836                     /opt/jdk-21.0.5+11/lib/libjimage.so
7f056de7c000-7f056de7e000 r--p 0001b000 fe:00 394836                     /opt/jdk-21.0.5+11/lib/libjimage.so
7f056de7e000-7f056de7f000 rw-p 0001d000 fe:00 394836                     /opt/jdk-21.0.5+11/lib/libjimage.so
7f056de7f000-7f056de83000 ---p 00000000 00:00 0 
7f056de83000-7f056df7f000 rw-p 00000000 00:00 0 
7f056df7f000-7f056df8f000 r--p 00000000 00:25 18057                      /usr/lib/x86_64-linux-gnu/libm.so.6
7f056df8f000-7f056e003000 r-xp 00010000 00:25 18057                      /usr/lib/x86_64-linux-gnu/libm.so.6
7f056e003000-7f056e05d000 r--p 00084000 00:25 18057                      /usr/lib/x86_64-linux-gnu/libm.so.6
7f056e05d000-7f056e05e000 r--p 000dd000 00:25 18057                      /usr/lib/x86_64-linux-gnu/libm.so.6
7f056e05e000-7f056e05f000 rw-p 000de000 00:25 18057                      /usr/lib/x86_64-linux-gnu/libm.so.6
7f056e05f000-7f056e060000 r--p 00000000 00:25 18172                      /usr/lib/x86_64-linux-gnu/librt.so.1
7f056e060000-7f056e061000 r-xp 00001000 00:25 18172                      /usr/lib/x86_64-linux-gnu/librt.so.1
7f056e061000-7f056e062000 r--p 00002000 00:25 18172                      /usr/lib/x86_64-linux-gnu/librt.so.1
7f056e062000-7f056e063000 r--p 00002000 00:25 18172                      /usr/lib/x86_64-linux-gnu/librt.so.1
7f056e063000-7f056e064000 rw-p 00003000 00:25 18172                      /usr/lib/x86_64-linux-gnu/librt.so.1
7f056e064000-7f056f478000 r-xp 00000000 fe:00 394848                     /opt/jdk-21.0.5+11/lib/server/libjvm.so
7f056f478000-7f056f479000 ---p 01414000 fe:00 394848                     /opt/jdk-21.0.5+11/lib/server/libjvm.so
7f056f479000-7f056f54d000 r--p 01414000 fe:00 394848                     /opt/jdk-21.0.5+11/lib/server/libjvm.so
7f056f54d000-7f056f57d000 rw-p 014e8000 fe:00 394848                     /opt/jdk-21.0.5+11/lib/server/libjvm.so
7f056f57d000-7f056f5e5000 rw-p 00000000 00:00 0 
7f056f5e5000-7f056f60b000 r--p 00000000 00:25 17847                      /usr/lib/x86_64-linux-gnu/libc.so.6
7f056f60b000-7f056f761000 r-xp 00026000 00:25 17847                      /usr/lib/x86_64-linux-gnu/libc.so.6
7f056f761000-7f056f7b4000 r--p 0017c000 00:25 17847                      /usr/lib/x86_64-linux-gnu/libc.so.6
7f056f7b4000-7f056f7b8000 r--p 001cf000 00:25 17847                      /usr/lib/x86_64-linux-gnu/libc.so.6
7f056f7b8000-7f056f7ba000 rw-p 001d3000 00:25 17847                      /usr/lib/x86_64-linux-gnu/libc.so.6
7f056f7ba000-7f056f7c7000 rw-p 00000000 00:00 0 
7f056f7c7000-7f056f7c8000 r--p 00000000 00:25 17896                      /usr/lib/x86_64-linux-gnu/libdl.so.2
7f056f7c8000-7f056f7c9000 r-xp 00001000 00:25 17896                      /usr/lib/x86_64-linux-gnu/libdl.so.2
7f056f7c9000-7f056f7ca000 r--p 00002000 00:25 17896                      /usr/lib/x86_64-linux-gnu/libdl.so.2
7f056f7ca000-7f056f7cb000 r--p 00002000 00:25 17896                      /usr/lib/x86_64-linux-gnu/libdl.so.2
7f056f7cb000-7f056f7cc000 rw-p 00003000 00:25 17896                      /usr/lib/x86_64-linux-gnu/libdl.so.2
7f056f7cc000-7f056f7cd000 r--p 00000000 00:25 18147                      /usr/lib/x86_64-linux-gnu/libpthread.so.0
7f056f7cd000-7f056f7ce000 r-xp 00001000 00:25 18147                      /usr/lib/x86_64-linux-gnu/libpthread.so.0
7f056f7ce000-7f056f7cf000 r--p 00002000 00:25 18147                      /usr/lib/x86_64-linux-gnu/libpthread.so.0
7f056f7cf000-7f056f7d0000 r--p 00002000 00:25 18147                      /usr/lib/x86_64-linux-gnu/libpthread.so.0
7f056f7d0000-7f056f7d1000 rw-p 00003000 00:25 18147                      /usr/lib/x86_64-linux-gnu/libpthread.so.0
7f056f7d1000-7f056f7d2000 r--p 00000000 00:25 13880                      /usr/lib/locale/C.utf8/LC_ADDRESS
7f056f7d2000-7f056f7d3000 r--p 00000000 00:25 13890                      /usr/lib/locale/C.utf8/LC_TELEPHONE
7f056f7d3000-7f056f7d4000 r--p 00000000 00:25 13884                      /usr/lib/locale/C.utf8/LC_MEASUREMENT
7f056f7d4000-7f056f7d5000 r--p 00000000 00:25 13883                      /usr/lib/locale/C.utf8/LC_IDENTIFICATION
7f056f7d5000-7f056f7d6000 ---p 00000000 00:00 0 
7f056f7d6000-7f056f7d7000 r--p 00000000 00:00 0 
7f056f7d7000-7f056f7d8000 ---p 00000000 00:00 0 
7f056f7d8000-7f056f7f1000 r-xp 00000000 fe:00 394863                     /opt/jdk-21.0.5+11/lib/libjli.so
7f056f7f1000-7f056f7f2000 r--p 00018000 fe:00 394863                     /opt/jdk-21.0.5+11/lib/libjli.so
7f056f7f2000-7f056f7f3000 rw-p 00019000 fe:00 394863                     /opt/jdk-21.0.5+11/lib/libjli.so
7f056f7f3000-7f056f7f5000 rw-p 00000000 00:00 0 
7f056f7f5000-7f056f7f6000 r--p 00000000 00:25 17633                      /usr/lib/x86_64-linux-gnu/ld-linux-x86-64.so.2
7f056f7f6000-7f056f81c000 r-xp 00001000 00:25 17633                      /usr/lib/x86_64-linux-gnu/ld-linux-x86-64.so.2
7f056f81c000-7f056f826000 r--p 00027000 00:25 17633                      /usr/lib/x86_64-linux-gnu/ld-linux-x86-64.so.2
7f056f826000-7f056f828000 r--p 00031000 00:25 17633                      /usr/lib/x86_64-linux-gnu/ld-linux-x86-64.so.2
7f056f828000-7f056f82a000 rw-p 00033000 00:25 17633                      /usr/lib/x86_64-linux-gnu/ld-linux-x86-64.so.2
7ffffe250000-7ffffe271000 rw-p 00000000 00:00 0                          [stack]
7ffffe360000-7ffffe363000 r--p 00000000 00:00 0                          [vvar]
7ffffe363000-7ffffe365000 r-xp 00000000 00:00 0                          [vdso]
ffffffffff600000-ffffffffff601000 r-xp 00000000 00:00 0                  [vsyscall]
Total number of mappings: 377


VM Arguments:
jvm_args: --add-opens=java.base/java.lang=ALL-UNNAMED --add-opens=java.base/java.lang.invoke=ALL-UNNAMED --add-opens=java.base/java.util=ALL-UNNAMED --add-opens=java.prefs/java.util.prefs=ALL-UNNAMED --add-exports=jdk.compiler/com.sun.tools.javac.api=ALL-UNNAMED --add-exports=jdk.compiler/com.sun.tools.javac.util=ALL-UNNAMED --add-opens=java.base/java.util=ALL-UNNAMED --add-opens=java.prefs/java.util.prefs=ALL-UNNAMED --add-opens=java.base/java.nio.charset=ALL-UNNAMED --add-opens=java.base/java.net=ALL-UNNAMED --add-opens=java.base/java.util.concurrent=ALL-UNNAMED --add-opens=java.base/java.util.concurrent.atomic=ALL-UNNAMED --add-opens=java.xml/javax.xml.namespace=ALL-UNNAMED --add-opens=java.base/java.time=ALL-UNNAMED -XX:MaxMetaspaceSize=256M -Xmx512M -Dfile.encoding=UTF-8 -Djava.io.tmpdir=/tmp/gradle_tmp -Duser.country -Duser.language=en -Duser.variant -javaagent:/root/.gradle/wrapper/dists/gradle-9.2.1-bin/2t0n5ozlw9xmuyvbp7dnzaxug/gradle-9.2.1/lib/agents/gradle-instrumentation-agent-9.2.1.jar 
java_command: org.gradle.launcher.daemon.bootstrap.GradleDaemon 9.2.1
java_class_path (initial): /root/.gradle/wrapper/dists/gradle-9.2.1-bin/2t0n5ozlw9xmuyvbp7dnzaxug/gradle-9.2.1/lib/gradle-daemon-main-9.2.1.jar
Launcher Type: SUN_STANDARD

[Global flags]
     intx CICompilerCount                          = 2                                         {product} {ergonomic}
   size_t CompressedClassSpaceSize                 = 218103808                                 {product} {ergonomic}
     uint ConcGCThreads                            = 1                                         {product} {ergonomic}
     uint G1ConcRefinementThreads                  = 2                                         {product} {ergonomic}
   size_t G1HeapRegionSize                         = 1048576                                   {product} {ergonomic}
    uintx GCDrainStackTargetSize                   = 64                                        {product} {ergonomic}
   size_t InitialHeapSize                          = 33554432                                  {product} {ergonomic}
   size_t MarkStackSize                            = 4194304                                   {product} {ergonomic}
   size_t MaxHeapSize                              = 536870912                                 {product} {command line}
   size_t MaxMetaspaceSize                         = 268435456                                 {product} {command line}
   size_t MaxNewSize                               = 321912832                                 {product} {ergonomic}
   size_t MinHeapDeltaBytes                        = 1048576                                   {product} {ergonomic}
   size_t MinHeapSize                              = 8388608                                   {product} {ergonomic}
    uintx NonNMethodCodeHeapSize                   = 5826188                                {pd product} {ergonomic}
    uintx NonProfiledCodeHeapSize                  = 122916026                              {pd product} {ergonomic}
    uintx ProfiledCodeHeapSize                     = 122916026                              {pd product} {ergonomic}
    uintx ReservedCodeCacheSize                    = 251658240                              {pd product} {ergonomic}
     bool SegmentedCodeCache                       = true                                      {product} {ergonomic}
   size_t SoftMaxHeapSize                          = 536870912                              {manageable} {ergonomic}
     bool UseCompressedOops                        = true                           {product lp64_product} {ergonomic}
     bool UseG1GC                                  = true                                      {product} {ergonomic}

Logging:
Log output configuration:
 #0: stdout all=warning uptime,level,tags foldmultilines=false
 #1: stderr all=off uptime,level,tags foldmultilines=false

Environment Variables:
JAVA_HOME=/opt/jdk-21.0.5+11
PATH=/opt/jdk-21.0.5+11/bin:/opt/jdk-21.0.5+11/bin:/opt/jdk-21.0.5+11/bin:/opt/jdk-21.0.5+11/bin:/opt/jdk-21/bin:/opt/jdk-21/bin:/opt/jdk-21/bin:/opt/jdk-21/bin:/opt/jdk-21/bin:/usr/local/sbin:/usr/local/bin:/usr/sbin:/usr/bin:/sbin:/bin
SHELL=/bin/bash
LANG=C.UTF-8
LC_ALL=C.UTF-8
TERM=tmux-256color

Active Locale:
LC_ALL=C.UTF-8
LC_COLLATE=C.UTF-8
LC_CTYPE=C.UTF-8
LC_MESSAGES=C.UTF-8
LC_MONETARY=C.UTF-8
LC_NUMERIC=C.UTF-8
LC_TIME=C.UTF-8

Signal Handlers:
   SIGSEGV: crash_handler in libjvm.so, mask=11100100010111111101111111111110, flags=SA_RESTART|SA_SIGINFO, unblocked
    SIGBUS: crash_handler in libjvm.so, mask=11100100010111111101111111111110, flags=SA_RESTART|SA_SIGINFO, unblocked
    SIGFPE: crash_handler in libjvm.so, mask=11100100010111111101111111111110, flags=SA_RESTART|SA_SIGINFO, unblocked
   SIGPIPE: javaSignalHandler in libjvm.so, mask=11100100010111111101111111111110, flags=SA_RESTART|SA_SIGINFO, unblocked
   SIGXFSZ: javaSignalHandler in libjvm.so, mask=11100100010111111101111111111110, flags=SA_RESTART|SA_SIGINFO, unblocked
    SIGILL: crash_handler in libjvm.so, mask=11100100010111111101111111111110, flags=SA_RESTART|SA_SIGINFO, unblocked
   SIGUSR2: SR_handler in libjvm.so, mask=00000000000000000000000000000000, flags=SA_RESTART|SA_SIGINFO, unblocked
    SIGHUP: UserHandler in libjvm.so, mask=11100100010111111101111111111110, flags=SA_RESTART|SA_SIGINFO, unblocked
    SIGINT: UserHandler in libjvm.so, mask=11100100010111111101111111111110, flags=SA_RESTART|SA_SIGINFO, unblocked
   SIGTERM: UserHandler in libjvm.so, mask=11100100010111111101111111111110, flags=SA_RESTART|SA_SIGINFO, unblocked
   SIGQUIT: UserHandler in libjvm.so, mask=11100100010111111101111111111110, flags=SA_RESTART|SA_SIGINFO, unblocked
   SIGTRAP: crash_handler in libjvm.so, mask=11100100010111111101111111111110, flags=SA_RESTART|SA_SIGINFO, unblocked


Periodic native trim disabled

---------------  S Y S T E M  ---------------

OS:
PRETTY_NAME="Debian GNU/Linux 12 (bookworm)"
NAME="Debian GNU/Linux"
VERSION_ID="12"
VERSION="12 (bookworm)"
VERSION_CODENAME=bookworm
ID=debian
HOME_URL="https://www.debian.org/"
SUPPORT_URL="https://www.debian.org/support"
BUG_REPORT_URL="https://bugs.debian.org/"
uname: Linux 4.19.91-c8dfc93.al7.x86_64 #1 SMP Tue Sep 26 10:25:51 UTC 2023 x86_64
OS uptime: 0 days 2:19 hours
libc: glibc 2.36 NPTL 2.36 
rlimit (soft/hard): STACK 8192k/infinity , CORE 0k/0k , NPROC 100000/100000 , NOFILE 100000/100000 , AS infinity/infinity , CPU infinity/infinity , DATA infinity/infinity , FSIZE infinity/infinity , MEMLOCK 64k/64k
load average: 2.29 1.12 0.47

/proc/meminfo:
MemTotal:        2152516 kB
MemFree:           35272 kB
MemAvailable:      15464 kB
Buffers:             216 kB
Cached:            14312 kB
SwapCached:            0 kB
Active:          2028812 kB
Inactive:           7780 kB
Active(anon):    2022172 kB
Inactive(anon):       16 kB
Active(file):       6640 kB
Inactive(file):     7764 kB
Unevictable:           0 kB
Mlocked:               0 kB
SwapTotal:             0 kB
SwapFree:              0 kB
Dirty:                40 kB
Writeback:             0 kB
AnonPages:       2022152 kB
Mapped:            13296 kB
Shmem:                36 kB
Slab:              27744 kB
SReclaimable:      13480 kB
SUnreclaim:        14264 kB
KernelStack:        4096 kB
PageTables:         6800 kB
NFS_Unstable:          0 kB
Bounce:                0 kB
WritebackTmp:          0 kB
CommitLimit:     1076256 kB
Committed_AS:    2323132 kB
VmallocTotal:   34359738367 kB
VmallocUsed:           0 kB
VmallocChunk:          0 kB
Percpu:              392 kB
AnonHugePages:    544768 kB
ShmemHugePages:        0 kB
ShmemPmdMapped:        0 kB
HugePages_Total:       0
HugePages_Free:        0
HugePages_Rsvd:        0
HugePages_Surp:        0
Hugepagesize:       2048 kB
Hugetlb:               0 kB
DirectMap4k:        8192 kB
DirectMap2M:     2523136 kB
DirectMap1G:           0 kB

/sys/kernel/mm/transparent_hugepage/enabled: [always] madvise never
/sys/kernel/mm/transparent_hugepage/hpage_pmd_size: 2097152
/sys/kernel/mm/transparent_hugepage/defrag (defrag/compaction efforts parameter): always defer defer+madvise madvise [never]

Process Memory:
Virtual Size: 2367700K (peak: 2394452K)
Resident Set Size: 340276K (peak: 344068K) (anon: 331944K, file: 8332K, shmem: 0K)
Swapped out: 0K
C-Heap outstanding allocations: 91151K, retained: 10316K
glibc malloc tunables: (default)

/proc/sys/kernel/threads-max (system-wide limit on the number of threads): 1129
/proc/sys/vm/max_map_count (maximum number of memory map areas a process may have): 65530
/proc/sys/vm/swappiness (control to define how aggressively the kernel swaps out anonymous memory): 60
/proc/sys/kernel/pid_max (system-wide limit on number of process identifiers): 32768

container (cgroup) information:
container_type: cgroupv1
cpu_cpuset_cpus: 0-1
cpu_memory_nodes: 0
active_processor_count: 2
cpu_quota: no quota
cpu_period: 100000
cpu_shares: 12288
memory_limit_in_bytes: 2097152 k
memory_and_swap_limit_in_bytes: unlimited
memory_soft_limit_in_bytes: unlimited
memory_usage_in_bytes: 2051980 k
memory_max_usage_in_bytes: 2060456 k
kernel_memory_usage_in_bytes: 24960 k
kernel_memory_max_usage_in_bytes: unlimited
kernel_memory_limit_in_bytes: 60200 k
maximum number of tasks: unlimited
current number of tasks: 181

KVM virtualization detected
Steal ticks since vm start: 2352
Steal ticks percentage since vm start:  0.403

CPU: total 2 (initial active 2) (2 cores per cpu, 1 threads per core) family 6 model 85 stepping 7 microcode 0x1, cx8, cmov, fxsr, mmx, 3dnowpref, sse, sse2, sse3, ssse3, sse4.1, sse4.2, popcnt, lzcnt, tsc, tscinvbit, avx, avx2, aes, erms, clmul, bmi1, bmi2, adx, avx512f, avx512dq, avx512cd, avx512bw, avx512vl, fma, vzeroupper, avx512_vnni, clflush, clflushopt, clwb, hv, rdtscp, f16c
CPU Model and flags from /proc/cpuinfo:
model name	: Intel(R) Xeon(R) Processor @ 2.50GHz
flags		: fpu vme de pse tsc msr pae mce cx8 apic sep mtrr pge mca cmov pat pse36 clflush mmx fxsr sse sse2 ss ht syscall nx pdpe1gb rdtscp lm constant_tsc rep_good nopl xtopology nonstop_tsc cpuid tsc_known_freq pni pclmulqdq ssse3 fma cx16 pcid sse4_1 sse4_2 x2apic movbe popcnt tsc_deadline_timer aes xsave avx f16c rdrand hypervisor lahf_lm abm 3dnowprefetch cpuid_fault invpcid_single ssbd ibrs ibpb stibp ibrs_enhanced fsgsbase tsc_adjust bmi1 avx2 smep bmi2 erms invpcid mpx avx512f avx512dq rdseed adx smap clflushopt clwb avx512cd avx512bw avx512vl xsaveopt xsavec xgetbv1 xsaves umip avx512_vnni md_clear arch_capabilities

Online cpus: 0-1
Offline cpus: 
BIOS frequency limitation: <Not Available>
Frequency switch latency (ns): <Not Available>
Available cpu frequencies: <Not Available>
Current governor: <Not Available>
Core performance/turbo boost: <Not Available>

Memory: 4k page, physical 2097152k(45172k free), swap 0k(0k free)
Page Sizes: 4k

vm_info: OpenJDK 64-Bit Server VM (21.0.5+11-LTS) for linux-amd64 JRE (21.0.5+11-LTS), built on 2024-10-15T00:00:00Z by "admin" with gcc 11.3.0

END.
